   Compiling libmimalloc-sys v0.1.49
   Compiling lin v0.4.0 (/Users/themoretheless/Documents/Sources/lin)
error[E0433]: cannot find module or crate `regex_automata` in this scope
 --> src/gpu_regex.rs:3:5
  |
3 | use regex_automata::{
  |     ^^^^^^^^^^^^^^ use of unresolved module or unlinked crate `regex_automata`
  |
  = help: if you wanted to use a crate named `regex_automata`, use `cargo add regex_automata` to add it to your `Cargo.toml`

error[E0433]: cannot find module or crate `wgpu` in this scope
 --> src/gpu.rs:5:5
  |
5 | use wgpu::util::DeviceExt;
  |     ^^^^ use of unresolved module or unlinked crate `wgpu`
  |
  = help: if you wanted to use a crate named `wgpu`, use `cargo add wgpu` to add it to your `Cargo.toml`

error[E0432]: unresolved import `wgpu`
   --> src/gpu.rs:288:9
    |
288 | pub use wgpu as native;
    |         ----^^^^^^^^^^
    |         |
    |         no external crate `wgpu`

error[E0433]: cannot find module or crate `wgpu` in this scope
  --> src/gpu.rs:57:23
   |
57 |             backends: wgpu::Backends::all(),
   |                       ^^^^ use of unresolved module or unlinked crate `wgpu`
   |
   = help: if you wanted to use a crate named `wgpu`, use `cargo add wgpu` to add it to your `Cargo.toml`

error[E0433]: cannot find module or crate `wgpu` in this scope
  --> src/gpu.rs:58:31
   |
58 |             power_preference: wgpu::PowerPreference::HighPerformance,
   |                               ^^^^ use of unresolved module or unlinked crate `wgpu`
   |
   = help: if you wanted to use a crate named `wgpu`, use `cargo add wgpu` to add it to your `Cargo.toml`

error[E0433]: cannot find module or crate `wgpu` in this scope
  --> src/gpu.rs:59:23
   |
59 |             features: wgpu::Features::empty(),
   |                       ^^^^ use of unresolved module or unlinked crate `wgpu`
   |
   = help: if you wanted to use a crate named `wgpu`, use `cargo add wgpu` to add it to your `Cargo.toml`

error[E0433]: cannot find module or crate `wgpu` in this scope
  --> src/gpu.rs:60:21
   |
60 |             limits: wgpu::Limits::default(),
   |                     ^^^^ use of unresolved module or unlinked crate `wgpu`
   |
   = help: if you wanted to use a crate named `wgpu`, use `cargo add wgpu` to add it to your `Cargo.toml`

error[E0433]: cannot find module or crate `wgpu` in this scope
   --> src/gpu.rs:117:24
    |
117 |         let instance = wgpu::Instance::new(&wgpu::InstanceDescriptor {
    |                        ^^^^ use of unresolved module or unlinked crate `wgpu`
    |
    = help: if you wanted to use a crate named `wgpu`, use `cargo add wgpu` to add it to your `Cargo.toml`

error[E0433]: cannot find module or crate `wgpu` in this scope
   --> src/gpu.rs:128:39
    |
128 |         if matches!(info.device_type, wgpu::DeviceType::Cpu) {
    |                                       ^^^^ use of unresolved module or unlinked crate `wgpu`
    |
    = help: if you wanted to use a crate named `wgpu`, use `cargo add wgpu` to add it to your `Cargo.toml`

error[E0433]: cannot find module or crate `wgpu` in this scope
   --> src/gpu.rs:153:33
    |
153 |         device.push_error_scope(wgpu::ErrorFilter::Validation);
    |                                 ^^^^ use of unresolved module or unlinked crate `wgpu`
    |
    = help: if you wanted to use a crate named `wgpu`, use `cargo add wgpu` to add it to your `Cargo.toml`

error[E0433]: cannot find module or crate `wgpu` in this scope
   --> src/gpu.rs:156:21
    |
156 |             source: wgpu::ShaderSource::Wgsl(include_str!("shaders/cosine.wgsl").into()),
    |                     ^^^^ use of unresolved module or unlinked crate `wgpu`
    |
    = help: if you wanted to use a crate named `wgpu`, use `cargo add wgpu` to add it to your `Cargo.toml`

error[E0433]: cannot find module or crate `wgpu` in this scope
   --> src/gpu.rs:223:38
    |
223 |                 .create_buffer_init(&wgpu::util::BufferInitDescriptor {
    |                                      ^^^^ use of unresolved module or unlinked crate `wgpu`
    |
    = help: if you wanted to use a crate named `wgpu`, use `cargo add wgpu` to add it to your `Cargo.toml`

error[E0433]: cannot find module or crate `wgpu` in this scope
   --> src/gpu.rs:226:28
    |
226 |                     usage: wgpu::BufferUsages::STORAGE,
    |                            ^^^^ use of unresolved module or unlinked crate `wgpu`
    |
    = help: if you wanted to use a crate named `wgpu`, use `cargo add wgpu` to add it to your `Cargo.toml`

error[E0433]: cannot find module or crate `wgpu` in this scope
   --> src/gpu.rs:236:20
    |
236 |             usage: wgpu::BufferUsages::STORAGE | wgpu::BufferUsages::COPY_SRC,
    |                    ^^^^ use of unresolved module or unlinked crate `wgpu`
    |
    = help: if you wanted to use a crate named `wgpu`, use `cargo add wgpu` to add it to your `Cargo.toml`

error[E0433]: cannot find module or crate `wgpu` in this scope
   --> src/gpu.rs:236:50
    |
236 |             usage: wgpu::BufferUsages::STORAGE | wgpu::BufferUsages::COPY_SRC,
    |                                                  ^^^^ use of unresolved module or unlinked crate `wgpu`
    |
    = help: if you wanted to use a crate named `wgpu`, use `cargo add wgpu` to add it to your `Cargo.toml`

error[E0433]: cannot find module or crate `wgpu` in this scope
   --> src/gpu.rs:242:20
    |
242 |             usage: wgpu::BufferUsages::MAP_READ | wgpu::BufferUsages::COPY_DST,
    |                    ^^^^ use of unresolved module or unlinked crate `wgpu`
    |
    = help: if you wanted to use a crate named `wgpu`, use `cargo add wgpu` to add it to your `Cargo.toml`

error[E0433]: cannot find module or crate `wgpu` in this scope
   --> src/gpu.rs:242:51
    |
242 |             usage: wgpu::BufferUsages::MAP_READ | wgpu::BufferUsages::COPY_DST,
    |                                                   ^^^^ use of unresolved module or unlinked crate `wgpu`
    |
    = help: if you wanted to use a crate named `wgpu`, use `cargo add wgpu` to add it to your `Cargo.toml`

error[E0433]: cannot find module or crate `wgpu` in this scope
   --> src/gpu.rs:271:24
    |
271 |             .map_async(wgpu::MapMode::Read, move |result| {
    |                        ^^^^ use of unresolved module or unlinked crate `wgpu`
    |
    = help: if you wanted to use a crate named `wgpu`, use `cargo add wgpu` to add it to your `Cargo.toml`

error[E0433]: cannot find module or crate `wgpu` in this scope
   --> src/gpu.rs:275:19
    |
275 |             .poll(wgpu::Maintain::WaitForSubmissionIndex(submission));
    |                   ^^^^ use of unresolved module or unlinked crate `wgpu`
    |
    = help: if you wanted to use a crate named `wgpu`, use `cargo add wgpu` to add it to your `Cargo.toml`

error[E0433]: cannot find module or crate `wgpu` in this scope
   --> src/gpu.rs:334:33
    |
334 |         device.push_error_scope(wgpu::ErrorFilter::OutOfMemory);
    |                                 ^^^^ use of unresolved module or unlinked crate `wgpu`
    |
    = help: if you wanted to use a crate named `wgpu`, use `cargo add wgpu` to add it to your `Cargo.toml`

error[E0433]: cannot find module or crate `wgpu` in this scope
   --> src/gpu.rs:335:33
    |
335 |         device.push_error_scope(wgpu::ErrorFilter::Validation);
    |                                 ^^^^ use of unresolved module or unlinked crate `wgpu`
    |
    = help: if you wanted to use a crate named `wgpu`, use `cargo add wgpu` to add it to your `Cargo.toml`

error[E0433]: cannot find module or crate `wgpu` in this scope
   --> src/gpu.rs:350:25
    |
350 |                 source: wgpu::ShaderSource::Wgsl(source.into()),
    |                         ^^^^ use of unresolved module or unlinked crate `wgpu`
    |
    = help: if you wanted to use a crate named `wgpu`, use `cargo add wgpu` to add it to your `Cargo.toml`

error[E0433]: cannot find module or crate `wgpu` in this scope
   --> src/gpu.rs:399:40
    |
399 |             device.create_buffer_init(&wgpu::util::BufferInitDescriptor {
    |                                        ^^^^ use of unresolved module or unlinked crate `wgpu`
    |
    = help: if you wanted to use a crate named `wgpu`, use `cargo add wgpu` to add it to your `Cargo.toml`

error[E0433]: cannot find module or crate `wgpu` in this scope
   --> src/gpu.rs:402:24
    |
402 |                 usage: wgpu::BufferUsages::STORAGE
    |                        ^^^^ use of unresolved module or unlinked crate `wgpu`
    |
    = help: if you wanted to use a crate named `wgpu`, use `cargo add wgpu` to add it to your `Cargo.toml`

error[E0433]: cannot find module or crate `wgpu` in this scope
   --> src/gpu.rs:403:23
    |
403 |                     | wgpu::BufferUsages::COPY_SRC
    |                       ^^^^ use of unresolved module or unlinked crate `wgpu`
    |
    = help: if you wanted to use a crate named `wgpu`, use `cargo add wgpu` to add it to your `Cargo.toml`

error[E0433]: cannot find module or crate `wgpu` in this scope
   --> src/gpu.rs:404:23
    |
404 |                     | wgpu::BufferUsages::COPY_DST,
    |                       ^^^^ use of unresolved module or unlinked crate `wgpu`
    |
    = help: if you wanted to use a crate named `wgpu`, use `cargo add wgpu` to add it to your `Cargo.toml`

error[E0433]: cannot find module or crate `wgpu` in this scope
   --> src/gpu.rs:422:24
    |
422 |                 usage: wgpu::BufferUsages::MAP_READ | wgpu::BufferUsages::COPY_DST,
    |                        ^^^^ use of unresolved module or unlinked crate `wgpu`
    |
    = help: if you wanted to use a crate named `wgpu`, use `cargo add wgpu` to add it to your `Cargo.toml`

error[E0433]: cannot find module or crate `wgpu` in this scope
   --> src/gpu.rs:422:55
    |
422 |                 usage: wgpu::BufferUsages::MAP_READ | wgpu::BufferUsages::COPY_DST,
    |                                                       ^^^^ use of unresolved module or unlinked crate `wgpu`
    |
    = help: if you wanted to use a crate named `wgpu`, use `cargo add wgpu` to add it to your `Cargo.toml`

error[E0433]: cannot find module or crate `wgpu` in this scope
   --> src/gpu.rs:432:24
    |
432 |             .map_async(wgpu::MapMode::Read, move |result| {
    |                        ^^^^ use of unresolved module or unlinked crate `wgpu`
    |
    = help: if you wanted to use a crate named `wgpu`, use `cargo add wgpu` to add it to your `Cargo.toml`

error[E0433]: cannot find module or crate `wgpu` in this scope
   --> src/gpu.rs:436:19
    |
436 |             .poll(wgpu::Maintain::WaitForSubmissionIndex(submission));
    |                   ^^^^ use of unresolved module or unlinked crate `wgpu`
    |
    = help: if you wanted to use a crate named `wgpu`, use `cargo add wgpu` to add it to your `Cargo.toml`

error[E0433]: cannot find module or crate `wgpu` in this scope
    --> src/gpu.rs:1291:44
     |
1291 |                 device.create_buffer_init(&wgpu::util::BufferInitDescriptor {
     |                                            ^^^^ use of unresolved module or unlinked crate `wgpu`
     |
     = help: if you wanted to use a crate named `wgpu`, use `cargo add wgpu` to add it to your `Cargo.toml`

error[E0433]: cannot find module or crate `wgpu` in this scope
    --> src/gpu.rs:1294:28
     |
1294 |                     usage: wgpu::BufferUsages::UNIFORM,
     |                            ^^^^ use of unresolved module or unlinked crate `wgpu`
     |
     = help: if you wanted to use a crate named `wgpu`, use `cargo add wgpu` to add it to your `Cargo.toml`

error[E0433]: cannot find module or crate `bytemuck` in this scope
   --> src/gpu_regex.rs:125:43
    |
125 |         let program = self.storage_buffer(bytemuck::cast_slice(&program))?;
    |                                           ^^^^^^^^ use of unresolved module or unlinked crate `bytemuck`
    |
    = help: if you wanted to use a crate named `bytemuck`, use `cargo add bytemuck` to add it to your `Cargo.toml`

error[E0433]: cannot find module or crate `bytemuck` in this scope
   --> src/gpu_regex.rs:174:45
    |
174 |             let input = self.storage_buffer(bytemuck::cast_slice(&input))?;
    |                                             ^^^^^^^^ use of unresolved module or unlinked crate `bytemuck`
    |
    = help: if you wanted to use a crate named `bytemuck`, use `cargo add bytemuck` to add it to your `Cargo.toml`

error[E0433]: cannot find module or crate `pollster` in this scope
   --> src/gpu.rs:121:23
    |
121 |         let adapter = pollster::block_on(instance.request_adapter(&wgpu::RequestAdapterOptions {
    |                       ^^^^^^^^ use of unresolved module or unlinked crate `pollster`
    |
    = help: if you wanted to use a crate named `pollster`, use `cargo add pollster` to add it to your `Cargo.toml`

error[E0433]: cannot find module or crate `pollster` in this scope
   --> src/gpu.rs:144:31
    |
144 |         let (device, queue) = pollster::block_on(adapter.request_device(
    |                               ^^^^^^^^ use of unresolved module or unlinked crate `pollster`
    |
    = help: if you wanted to use a crate named `pollster`, use `cargo add pollster` to add it to your `Cargo.toml`

error[E0433]: cannot find module or crate `pollster` in this scope
   --> src/gpu.rs:166:30
    |
166 |         if let Some(error) = pollster::block_on(device.pop_error_scope()) {
    |                              ^^^^^^^^ use of unresolved module or unlinked crate `pollster`
    |
    = help: if you wanted to use a crate named `pollster`, use `cargo add pollster` to add it to your `Cargo.toml`

error[E0433]: cannot find module or crate `bytemuck` in this scope
   --> src/gpu.rs:229:34
    |
229 |         let q = storage("query", bytemuck::cast_slice(query));
    |                                  ^^^^^^^^ use of unresolved module or unlinked crate `bytemuck`
    |
    = help: if you wanted to use a crate named `bytemuck`, use `cargo add bytemuck` to add it to your `Cargo.toml`

error[E0433]: cannot find module or crate `bytemuck` in this scope
   --> src/gpu.rs:230:36
    |
230 |         let v = storage("vectors", bytemuck::cast_slice(&packed));
    |                                    ^^^^^^^^ use of unresolved module or unlinked crate `bytemuck`
    |
    = help: if you wanted to use a crate named `bytemuck`, use `cargo add bytemuck` to add it to your `Cargo.toml`

error[E0433]: cannot find module or crate `bytemuck` in this scope
   --> src/gpu.rs:231:36
    |
231 |         let n = storage("lengths", bytemuck::cast_slice(&lengths));
    |                                    ^^^^^^^^ use of unresolved module or unlinked crate `bytemuck`
    |
    = help: if you wanted to use a crate named `bytemuck`, use `cargo add bytemuck` to add it to your `Cargo.toml`

warning: method call on a diverging inference variable
   --> src/gpu.rs:278:14
    |
278 |             .map_err(|e| Error::runtime(format!("GPU mapping: {e}")))?;
    |              ^^^^^^^
    |
    = help: consider providing a type annotation
    = warning: this was previously accepted by the compiler but is being phased out; it will become a hard error in a future release!
    = note: for more information, see issue #156047 <https://github.com/rust-lang/rust/issues/156047>
    = note: `#[warn(method_call_on_diverging_infer_var)]` (part of `#[warn(future_incompatible)]`) on by default

error[E0599]: no method named `map_err` found for type `_` in the current scope
   --> src/gpu.rs:278:14
    |
276 |         rx.recv()
277 |             .map_err(|e| Error::runtime(format!("GPU readback: {e}")))?
278 |             .map_err(|e| Error::runtime(format!("GPU mapping: {e}")))?;
    |              ^^^^^^^
    |
    = help: items from traits can only be used if the trait is in scope
help: the following traits which provide `map_err` are implemented but not in scope; perhaps you want to import one of them
    |
  2 + use futures_util::TryFutureExt;
    |
  2 + use futures_util::TryStreamExt;
    |
help: there is a method `sink_map_err` with a similar name
    |
278 |             .sink_map_err(|e| Error::runtime(format!("GPU mapping: {e}")))?;
    |              +++++

error[E0433]: cannot find module or crate `bytemuck` in this scope
   --> src/gpu.rs:280:22
    |
280 |         let result = bytemuck::cast_slice::<u8, f32>(&mapped).to_vec();
    |                      ^^^^^^^^ use of unresolved module or unlinked crate `bytemuck`
    |
    = help: if you wanted to use a crate named `bytemuck`, use `cargo add bytemuck` to add it to your `Cargo.toml`

error[E0433]: cannot find module or crate `pollster` in this scope
   --> src/gpu.rs:337:26
    |
337 |         let validation = pollster::block_on(device.pop_error_scope());
    |                          ^^^^^^^^ use of unresolved module or unlinked crate `pollster`
    |
    = help: if you wanted to use a crate named `pollster`, use `cargo add pollster` to add it to your `Cargo.toml`

error[E0433]: cannot find module or crate `pollster` in this scope
   --> src/gpu.rs:338:26
    |
338 |         let allocation = pollster::block_on(device.pop_error_scope());
    |                          ^^^^^^^^ use of unresolved module or unlinked crate `pollster`
    |
    = help: if you wanted to use a crate named `pollster`, use `cargo add pollster` to add it to your `Cargo.toml`

warning: method call on a diverging inference variable
   --> src/gpu.rs:439:14
    |
439 |             .map_err(|e| Error::runtime(format!("GPU mapping: {e}")))?;
    |              ^^^^^^^
    |
    = help: consider providing a type annotation
    = warning: this was previously accepted by the compiler but is being phased out; it will become a hard error in a future release!
    = note: for more information, see issue #156047 <https://github.com/rust-lang/rust/issues/156047>

error[E0599]: no method named `map_err` found for type `_` in the current scope
   --> src/gpu.rs:439:14
    |
437 |         rx.recv()
438 |             .map_err(|e| Error::runtime(format!("GPU readback: {e}")))?
439 |             .map_err(|e| Error::runtime(format!("GPU mapping: {e}")))?;
    |              ^^^^^^^
    |
    = help: items from traits can only be used if the trait is in scope
help: the following traits which provide `map_err` are implemented but not in scope; perhaps you want to import one of them
    |
  2 + use futures_util::TryFutureExt;
    |
  2 + use futures_util::TryStreamExt;
    |
help: there is a method `sink_map_err` with a similar name
    |
439 |             .sink_map_err(|e| Error::runtime(format!("GPU mapping: {e}")))?;
    |              +++++

error[E0433]: cannot find module or crate `bytemuck` in this scope
   --> src/gpu.rs:508:46
    |
508 |                 vectors: self.storage_buffer(bytemuck::cast_slice(&packed))?,
    |                                              ^^^^^^^^ use of unresolved module or unlinked crate `bytemuck`
    |
    = help: if you wanted to use a crate named `bytemuck`, use `cargo add bytemuck` to add it to your `Cargo.toml`

error[E0433]: cannot find module or crate `bytemuck` in this scope
   --> src/gpu.rs:509:46
    |
509 |                 lengths: self.storage_buffer(bytemuck::cast_slice(&lengths))?,
    |                                              ^^^^^^^^ use of unresolved module or unlinked crate `bytemuck`
    |
    = help: if you wanted to use a crate named `bytemuck`, use `cargo add bytemuck` to add it to your `Cargo.toml`

error[E0433]: cannot find module or crate `bytemuck` in this scope
   --> src/gpu.rs:538:41
    |
538 |         let query = self.storage_buffer(bytemuck::cast_slice(query))?;
    |                                         ^^^^^^^^ use of unresolved module or unlinked crate `bytemuck`
    |
    = help: if you wanted to use a crate named `bytemuck`, use `cargo add bytemuck` to add it to your `Cargo.toml`

error[E0433]: cannot find module or crate `bytemuck` in this scope
   --> src/gpu.rs:559:38
    |
559 |             result.extend_from_slice(bytemuck::cast_slice::<u8, f32>(&bytes));
    |                                      ^^^^^^^^ use of unresolved module or unlinked crate `bytemuck`
    |
    = help: if you wanted to use a crate named `bytemuck`, use `cargo add bytemuck` to add it to your `Cargo.toml`

error[E0433]: cannot find module or crate `bytemuck` in this scope
   --> src/gpu.rs:661:45
    |
661 |         let operation = self.storage_buffer(bytemuck::bytes_of(&opcode))?;
    |                                             ^^^^^^^^ use of unresolved module or unlinked crate `bytemuck`
    |
    = help: if you wanted to use a crate named `bytemuck`, use `cargo add bytemuck` to add it to your `Cargo.toml`

error[E0433]: cannot find module or crate `bytemuck` in this scope
   --> src/gpu.rs:671:45
    |
671 |             let input = self.storage_buffer(bytemuck::cast_slice(chunk))?;
    |                                             ^^^^^^^^ use of unresolved module or unlinked crate `bytemuck`
    |
    = help: if you wanted to use a crate named `bytemuck`, use `cargo add bytemuck` to add it to your `Cargo.toml`

error[E0433]: cannot find module or crate `bytemuck` in this scope
   --> src/gpu.rs:724:45
    |
724 |         let operation = self.storage_buffer(bytemuck::bytes_of(&(or as u32)))?;
    |                                             ^^^^^^^^ use of unresolved module or unlinked crate `bytemuck`
    |
    = help: if you wanted to use a crate named `bytemuck`, use `cargo add bytemuck` to add it to your `Cargo.toml`

error[E0433]: cannot find module or crate `bytemuck` in this scope
   --> src/gpu.rs:736:41
    |
736 |             let a = self.storage_buffer(bytemuck::cast_slice(&a))?;
    |                                         ^^^^^^^^ use of unresolved module or unlinked crate `bytemuck`
    |
    = help: if you wanted to use a crate named `bytemuck`, use `cargo add bytemuck` to add it to your `Cargo.toml`

error[E0433]: cannot find module or crate `bytemuck` in this scope
   --> src/gpu.rs:737:41
    |
737 |             let b = self.storage_buffer(bytemuck::cast_slice(&b))?;
    |                                         ^^^^^^^^ use of unresolved module or unlinked crate `bytemuck`
    |
    = help: if you wanted to use a crate named `bytemuck`, use `cargo add bytemuck` to add it to your `Cargo.toml`

error[E0433]: cannot find module or crate `bytemuck` in this scope
   --> src/gpu.rs:862:42
    |
862 |         let params = self.storage_buffer(bytemuck::cast_slice(&params))?;
    |                                          ^^^^^^^^ use of unresolved module or unlinked crate `bytemuck`
    |
    = help: if you wanted to use a crate named `bytemuck`, use `cargo add bytemuck` to add it to your `Cargo.toml`

error[E0433]: cannot find module or crate `bytemuck` in this scope
   --> src/gpu.rs:900:44
    |
900 |             let data = self.storage_buffer(bytemuck::cast_slice(&data))?;
    |                                            ^^^^^^^^ use of unresolved module or unlinked crate `bytemuck`
    |
    = help: if you wanted to use a crate named `bytemuck`, use `cargo add bytemuck` to add it to your `Cargo.toml`

error[E0433]: cannot find module or crate `bytemuck` in this scope
   --> src/gpu.rs:901:47
    |
901 |             let records = self.storage_buffer(bytemuck::cast_slice(&records))?;
    |                                               ^^^^^^^^ use of unresolved module or unlinked crate `bytemuck`
    |
    = help: if you wanted to use a crate named `bytemuck`, use `cargo add bytemuck` to add it to your `Cargo.toml`

error[E0433]: cannot find module or crate `bytemuck` in this scope
   --> src/gpu.rs:972:45
    |
972 |             let input = self.storage_buffer(bytemuck::cast_slice(chunk))?;
    |                                             ^^^^^^^^ use of unresolved module or unlinked crate `bytemuck`
    |
    = help: if you wanted to use a crate named `bytemuck`, use `cargo add bytemuck` to add it to your `Cargo.toml`

error[E0433]: cannot find module or crate `bytemuck` in this scope
    --> src/gpu.rs:1033:51
     |
1033 |             let left_buffer = self.storage_buffer(bytemuck::cast_slice(left_keys))?;
     |                                                   ^^^^^^^^ use of unresolved module or unlinked crate `bytemuck`
     |
     = help: if you wanted to use a crate named `bytemuck`, use `cargo add bytemuck` to add it to your `Cargo.toml`

error[E0433]: cannot find module or crate `bytemuck` in this scope
    --> src/gpu.rs:1038:56
     |
1038 |                 let right_buffer = self.storage_buffer(bytemuck::cast_slice(right_keys))?;
     |                                                        ^^^^^^^^ use of unresolved module or unlinked crate `bytemuck`
     |
     = help: if you wanted to use a crate named `bytemuck`, use `cargo add bytemuck` to add it to your `Cargo.toml`

error[E0433]: cannot find module or crate `bytemuck` in this scope
    --> src/gpu.rs:1112:45
     |
1112 |             let input = self.storage_buffer(bytemuck::cast_slice(keys))?;
     |                                             ^^^^^^^^ use of unresolved module or unlinked crate `bytemuck`
     |
     = help: if you wanted to use a crate named `bytemuck`, use `cargo add bytemuck` to add it to your `Cargo.toml`

error[E0433]: cannot find module or crate `bytemuck` in this scope
    --> src/gpu.rs:1114:46
     |
1114 |             let params = self.storage_buffer(bytemuck::bytes_of(&bias))?;
     |                                              ^^^^^^^^ use of unresolved module or unlinked crate `bytemuck`
     |
     = help: if you wanted to use a crate named `bytemuck`, use `cargo add bytemuck` to add it to your `Cargo.toml`

error[E0433]: cannot find module or crate `bytemuck` in this scope
    --> src/gpu.rs:1141:45
     |
1141 |             let input = self.storage_buffer(bytemuck::cast_slice(keys))?;
     |                                             ^^^^^^^^ use of unresolved module or unlinked crate `bytemuck`
     |
     = help: if you wanted to use a crate named `bytemuck`, use `cargo add bytemuck` to add it to your `Cargo.toml`

error[E0433]: cannot find module or crate `bytemuck` in this scope
    --> src/gpu.rs:1281:40
     |
1281 |         let keys = self.storage_buffer(bytemuck::cast_slice(keys))?;
     |                                        ^^^^^^^^ use of unresolved module or unlinked crate `bytemuck`
     |
     = help: if you wanted to use a crate named `bytemuck`, use `cargo add bytemuck` to add it to your `Cargo.toml`

error[E0433]: cannot find module or crate `bytemuck` in this scope
    --> src/gpu.rs:1282:40
     |
1282 |         let text = self.storage_buffer(bytemuck::cast_slice(text))?;
     |                                        ^^^^^^^^ use of unresolved module or unlinked crate `bytemuck`
     |
     = help: if you wanted to use a crate named `bytemuck`, use `cargo add bytemuck` to add it to your `Cargo.toml`

error[E0433]: cannot find module or crate `bytemuck` in this scope
    --> src/gpu.rs:1284:46
     |
1284 |         let mut source = self.storage_buffer(bytemuck::cast_slice(&indices))?;
     |                                              ^^^^^^^^ use of unresolved module or unlinked crate `bytemuck`
     |
     = help: if you wanted to use a crate named `bytemuck`, use `cargo add bytemuck` to add it to your `Cargo.toml`

error[E0433]: cannot find module or crate `bytemuck` in this scope
    --> src/gpu.rs:1293:31
     |
1293 |                     contents: bytemuck::cast_slice(&values),
     |                               ^^^^^^^^ use of unresolved module or unlinked crate `bytemuck`
     |
     = help: if you wanted to use a crate named `bytemuck`, use `cargo add bytemuck` to add it to your `Cargo.toml`

error[E0433]: cannot find module or crate `bytemuck` in this scope
    --> src/gpu.rs:1372:45
     |
1372 |             let input = self.storage_buffer(bytemuck::cast_slice(&words))?;
     |                                             ^^^^^^^^ use of unresolved module or unlinked crate `bytemuck`
     |
     = help: if you wanted to use a crate named `bytemuck`, use `cargo add bytemuck` to add it to your `Cargo.toml`

error[E0433]: cannot find module or crate `bytemuck` in this scope
    --> src/gpu.rs:1436:55
     |
1436 |             let frontier_buffer = self.storage_buffer(bytemuck::cast_slice(frontier_chunk))?;
     |                                                       ^^^^^^^^ use of unresolved module or unlinked crate `bytemuck`
     |
     = help: if you wanted to use a crate named `bytemuck`, use `cargo add bytemuck` to add it to your `Cargo.toml`

error[E0433]: cannot find module or crate `bytemuck` in this scope
    --> src/gpu.rs:1438:50
     |
1438 |                 let source = self.storage_buffer(bytemuck::cast_slice(keys))?;
     |                                                  ^^^^^^^^ use of unresolved module or unlinked crate `bytemuck`
     |
     = help: if you wanted to use a crate named `bytemuck`, use `cargo add bytemuck` to add it to your `Cargo.toml`

error[E0433]: cannot find module or crate `bytemuck` in this scope
    --> src/gpu.rs:1562:50
     |
1562 |             let params = self.gpu.storage_buffer(bytemuck::cast_slice(&params))?;
     |                                                  ^^^^^^^^ use of unresolved module or unlinked crate `bytemuck`
     |
     = help: if you wanted to use a crate named `bytemuck`, use `cargo add bytemuck` to add it to your `Cargo.toml`

error[E0433]: cannot find module or crate `bytemuck` in this scope
    --> src/gpu.rs:1811:45
     |
1811 |             let input = self.storage_buffer(bytemuck::cast_slice(&words))?;
     |                                             ^^^^^^^^ use of unresolved module or unlinked crate `bytemuck`
     |
     = help: if you wanted to use a crate named `bytemuck`, use `cargo add bytemuck` to add it to your `Cargo.toml`

error[E0433]: cannot find module or crate `bytemuck` in this scope
    --> src/gpu.rs:1888:47
     |
1888 |         let edge_buffer = self.storage_buffer(bytemuck::cast_slice(edges))?;
     |                                               ^^^^^^^^ use of unresolved module or unlinked crate `bytemuck`
     |
     = help: if you wanted to use a crate named `bytemuck`, use `cargo add bytemuck` to add it to your `Cargo.toml`

error[E0433]: cannot find module or crate `bytemuck` in this scope
    --> src/gpu.rs:1891:42
     |
1891 |         let params = self.storage_buffer(bytemuck::cast_slice(&params))?;
     |                                          ^^^^^^^^ use of unresolved module or unlinked crate `bytemuck`
     |
     = help: if you wanted to use a crate named `bytemuck`, use `cargo add bytemuck` to add it to your `Cargo.toml`

error[E0433]: cannot find module or crate `bytemuck` in this scope
    --> src/gpu.rs:2011:41
     |
2011 |         let edges = self.storage_buffer(bytemuck::cast_slice(edges))?;
     |                                         ^^^^^^^^ use of unresolved module or unlinked crate `bytemuck`
     |
     = help: if you wanted to use a crate named `bytemuck`, use `cargo add bytemuck` to add it to your `Cargo.toml`

error[E0433]: cannot find module or crate `bytemuck` in this scope
    --> src/gpu.rs:2014:42
     |
2014 |         let params = self.storage_buffer(bytemuck::cast_slice(&params))?;
     |                                          ^^^^^^^^ use of unresolved module or unlinked crate `bytemuck`
     |
     = help: if you wanted to use a crate named `bytemuck`, use `cargo add bytemuck` to add it to your `Cargo.toml`

   Compiling mimalloc v0.1.52
error[E0433]: cannot find module or crate `wgpu` in this scope
    --> src/gpu.rs:2027:39
     |
2027 |             device.create_bind_group(&wgpu::BindGroupDescriptor {
     |                                       ^^^^ use of unresolved module or unlinked crate `wgpu`
     |
     = help: if you wanted to use a crate named `wgpu`, use `cargo add wgpu` to add it to your `Cargo.toml`

error[E0433]: cannot find module or crate `wgpu` in this scope
    --> src/gpu.rs:2022:31
     |
2022 |                 .map(|(i, b)| wgpu::BindGroupEntry {
     |                               ^^^^ use of unresolved module or unlinked crate `wgpu`
     |
     = help: if you wanted to use a crate named `wgpu`, use `cargo add wgpu` to add it to your `Cargo.toml`

error[E0433]: cannot find module or crate `wgpu` in this scope
   --> src/gpu_regex.rs:182:35
    |
182 |                     .map(|(i, b)| wgpu::BindGroupEntry {
    |                                   ^^^^ use of unresolved module or unlinked crate `wgpu`
    |
    = help: if you wanted to use a crate named `wgpu`, use `cargo add wgpu` to add it to your `Cargo.toml`

error[E0433]: cannot find module or crate `wgpu` in this scope
   --> src/gpu_regex.rs:187:43
    |
187 |                 device.create_bind_group(&wgpu::BindGroupDescriptor {
    |                                           ^^^^ use of unresolved module or unlinked crate `wgpu`
    |
    = help: if you wanted to use a crate named `wgpu`, use `cargo add wgpu` to add it to your `Cargo.toml`

error[E0433]: cannot find module or crate `wgpu` in this scope
  --> src/gpu.rs:23:26
   |
23 |     fn device(&self) -> &wgpu::Device;
   |                          ^^^^ use of unresolved module or unlinked crate `wgpu`
   |
   = help: if you wanted to use a crate named `wgpu`, use `cargo add wgpu` to add it to your `Cargo.toml`

error[E0433]: cannot find module or crate `wgpu` in this scope
  --> src/gpu.rs:24:25
   |
24 |     fn queue(&self) -> &wgpu::Queue;
   |                         ^^^^ use of unresolved module or unlinked crate `wgpu`
   |
   = help: if you wanted to use a crate named `wgpu`, use `cargo add wgpu` to add it to your `Cargo.toml`

error[E0433]: cannot find module or crate `wgpu` in this scope
  --> src/gpu.rs:26:32
   |
26 |     fn adapter_info(&self) -> &wgpu::AdapterInfo;
   |                                ^^^^ use of unresolved module or unlinked crate `wgpu`
   |
   = help: if you wanted to use a crate named `wgpu`, use `cargo add wgpu` to add it to your `Cargo.toml`

error[E0433]: cannot find module or crate `wgpu` in this scope
  --> src/gpu.rs:30:26
   |
30 |     fn device(&self) -> &wgpu::Device {
   |                          ^^^^ use of unresolved module or unlinked crate `wgpu`
   |
   = help: if you wanted to use a crate named `wgpu`, use `cargo add wgpu` to add it to your `Cargo.toml`

error[E0433]: cannot find module or crate `wgpu` in this scope
  --> src/gpu.rs:33:25
   |
33 |     fn queue(&self) -> &wgpu::Queue {
   |                         ^^^^ use of unresolved module or unlinked crate `wgpu`
   |
   = help: if you wanted to use a crate named `wgpu`, use `cargo add wgpu` to add it to your `Cargo.toml`

error[E0433]: cannot find module or crate `wgpu` in this scope
  --> src/gpu.rs:39:32
   |
39 |     fn adapter_info(&self) -> &wgpu::AdapterInfo {
   |                                ^^^^ use of unresolved module or unlinked crate `wgpu`
   |
   = help: if you wanted to use a crate named `wgpu`, use `cargo add wgpu` to add it to your `Cargo.toml`

error[E0433]: cannot find module or crate `wgpu` in this scope
  --> src/gpu.rs:49:19
   |
49 |     pub backends: wgpu::Backends,
   |                   ^^^^ use of unresolved module or unlinked crate `wgpu`
   |
   = help: if you wanted to use a crate named `wgpu`, use `cargo add wgpu` to add it to your `Cargo.toml`

error[E0433]: cannot find module or crate `wgpu` in this scope
  --> src/gpu.rs:50:27
   |
50 |     pub power_preference: wgpu::PowerPreference,
   |                           ^^^^ use of unresolved module or unlinked crate `wgpu`
   |
   = help: if you wanted to use a crate named `wgpu`, use `cargo add wgpu` to add it to your `Cargo.toml`

error[E0433]: cannot find module or crate `wgpu` in this scope
  --> src/gpu.rs:51:19
   |
51 |     pub features: wgpu::Features,
   |                   ^^^^ use of unresolved module or unlinked crate `wgpu`
   |
   = help: if you wanted to use a crate named `wgpu`, use `cargo add wgpu` to add it to your `Cargo.toml`

error[E0433]: cannot find module or crate `wgpu` in this scope
  --> src/gpu.rs:52:17
   |
52 |     pub limits: wgpu::Limits,
   |                 ^^^^ use of unresolved module or unlinked crate `wgpu`
   |
   = help: if you wanted to use a crate named `wgpu`, use `cargo add wgpu` to add it to your `Cargo.toml`

error[E0433]: cannot find module or crate `wgpu` in this scope
  --> src/gpu.rs:96:36
   |
96 |     pub fn adapter_info(&self) -> &wgpu::AdapterInfo {
   |                                    ^^^^ use of unresolved module or unlinked crate `wgpu`
   |
   = help: if you wanted to use a crate named `wgpu`, use `cargo add wgpu` to add it to your `Cargo.toml`

error[E0433]: cannot find module or crate `wgpu` in this scope
   --> src/gpu.rs:107:13
    |
107 |     device: wgpu::Device,
    |             ^^^^ use of unresolved module or unlinked crate `wgpu`
    |
    = help: if you wanted to use a crate named `wgpu`, use `cargo add wgpu` to add it to your `Cargo.toml`

error[E0433]: cannot find module or crate `wgpu` in this scope
   --> src/gpu.rs:108:12
    |
108 |     queue: wgpu::Queue,
    |            ^^^^ use of unresolved module or unlinked crate `wgpu`
    |
    = help: if you wanted to use a crate named `wgpu`, use `cargo add wgpu` to add it to your `Cargo.toml`

error[E0433]: cannot find module or crate `wgpu` in this scope
   --> src/gpu.rs:109:15
    |
109 |     pipeline: wgpu::ComputePipeline,
    |               ^^^^ use of unresolved module or unlinked crate `wgpu`
    |
    = help: if you wanted to use a crate named `wgpu`, use `cargo add wgpu` to add it to your `Cargo.toml`

error[E0433]: cannot find module or crate `wgpu` in this scope
   --> src/gpu.rs:110:14
    |
110 |     adapter: wgpu::AdapterInfo,
    |              ^^^^ use of unresolved module or unlinked crate `wgpu`
    |
    = help: if you wanted to use a crate named `wgpu`, use `cargo add wgpu` to add it to your `Cargo.toml`

error[E0433]: cannot find module or crate `wgpu` in this scope
   --> src/gpu.rs:117:45
    |
117 |         let instance = wgpu::Instance::new(&wgpu::InstanceDescriptor {
    |                                             ^^^^ use of unresolved module or unlinked crate `wgpu`
    |
    = help: if you wanted to use a crate named `wgpu`, use `cargo add wgpu` to add it to your `Cargo.toml`

error[E0433]: cannot find module or crate `wgpu` in this scope
    --> src/gpu.rs:1302:35
     |
1302 |                     .map(|(i, b)| wgpu::BindGroupEntry {
     |                                   ^^^^ use of unresolved module or unlinked crate `wgpu`
     |
     = help: if you wanted to use a crate named `wgpu`, use `cargo add wgpu` to add it to your `Cargo.toml`

error[E0433]: cannot find module or crate `wgpu` in this scope
   --> src/gpu.rs:121:68
    |
121 |         let adapter = pollster::block_on(instance.request_adapter(&wgpu::RequestAdapterOptions {
    |                                                                    ^^^^ use of unresolved module or unlinked crate `wgpu`
    |
    = help: if you wanted to use a crate named `wgpu`, use `cargo add wgpu` to add it to your `Cargo.toml`

error[E0433]: cannot find module or crate `wgpu` in this scope
    --> src/gpu.rs:1152:25
     |
1152 |                         wgpu::BindGroupEntry {
     |                         ^^^^ use of unresolved module or unlinked crate `wgpu`
     |
     = help: if you wanted to use a crate named `wgpu`, use `cargo add wgpu` to add it to your `Cargo.toml`

error[E0433]: cannot find module or crate `wgpu` in this scope
   --> src/gpu.rs:145:14
    |
145 |             &wgpu::DeviceDescriptor {
    |              ^^^^ use of unresolved module or unlinked crate `wgpu`
    |
    = help: if you wanted to use a crate named `wgpu`, use `cargo add wgpu` to add it to your `Cargo.toml`

error[E0433]: cannot find module or crate `wgpu` in this scope
   --> src/gpu.rs:154:50
    |
154 |         let shader = device.create_shader_module(wgpu::ShaderModuleDescriptor {
    |                                                  ^^^^ use of unresolved module or unlinked crate `wgpu`
    |
    = help: if you wanted to use a crate named `wgpu`, use `cargo add wgpu` to add it to your `Cargo.toml`

error[E0433]: cannot find module or crate `wgpu` in this scope
   --> src/gpu.rs:158:56
    |
158 |         let pipeline = device.create_compute_pipeline(&wgpu::ComputePipelineDescriptor {
    |                                                        ^^^^ use of unresolved module or unlinked crate `wgpu`
    |
    = help: if you wanted to use a crate named `wgpu`, use `cargo add wgpu` to add it to your `Cargo.toml`

error[E0433]: cannot find module or crate `wgpu` in this scope
    --> src/gpu.rs:1904:39
     |
1904 |             device.create_bind_group(&wgpu::BindGroupDescriptor {
     |                                       ^^^^ use of unresolved module or unlinked crate `wgpu`
     |
     = help: if you wanted to use a crate named `wgpu`, use `cargo add wgpu` to add it to your `Cargo.toml`

error[E0433]: cannot find module or crate `wgpu` in this scope
    --> src/gpu.rs:1899:31
     |
1899 |                 .map(|(i, b)| wgpu::BindGroupEntry {
     |                               ^^^^ use of unresolved module or unlinked crate `wgpu`
     |
     = help: if you wanted to use a crate named `wgpu`, use `cargo add wgpu` to add it to your `Cargo.toml`

error[E0433]: cannot find module or crate `wgpu` in this scope
    --> src/gpu.rs:1116:43
     |
1116 |                 device.create_bind_group(&wgpu::BindGroupDescriptor {
     |                                           ^^^^ use of unresolved module or unlinked crate `wgpu`
     |
     = help: if you wanted to use a crate named `wgpu`, use `cargo add wgpu` to add it to your `Cargo.toml`

error[E0433]: cannot find module or crate `wgpu` in this scope
    --> src/gpu.rs:1120:25
     |
1120 |                         wgpu::BindGroupEntry {
     |                         ^^^^ use of unresolved module or unlinked crate `wgpu`
     |
     = help: if you wanted to use a crate named `wgpu`, use `cargo add wgpu` to add it to your `Cargo.toml`

error[E0433]: cannot find module or crate `wgpu` in this scope
   --> src/gpu.rs:233:49
    |
233 |         let scores = self.device.create_buffer(&wgpu::BufferDescriptor {
    |                                                 ^^^^ use of unresolved module or unlinked crate `wgpu`
    |
    = help: if you wanted to use a crate named `wgpu`, use `cargo add wgpu` to add it to your `Cargo.toml`

error[E0433]: cannot find module or crate `wgpu` in this scope
   --> src/gpu.rs:239:51
    |
239 |         let readback = self.device.create_buffer(&wgpu::BufferDescriptor {
    |                                                   ^^^^ use of unresolved module or unlinked crate `wgpu`
    |
    = help: if you wanted to use a crate named `wgpu`, use `cargo add wgpu` to add it to your `Cargo.toml`

error[E0433]: cannot find module or crate `wgpu` in this scope
   --> src/gpu.rs:249:27
    |
249 |             .map(|(i, b)| wgpu::BindGroupEntry {
    |                           ^^^^ use of unresolved module or unlinked crate `wgpu`
    |
    = help: if you wanted to use a crate named `wgpu`, use `cargo add wgpu` to add it to your `Cargo.toml`

error[E0433]: cannot find module or crate `wgpu` in this scope
   --> src/gpu.rs:254:52
    |
254 |         let group = self.device.create_bind_group(&wgpu::BindGroupDescriptor {
    |                                                    ^^^^ use of unresolved module or unlinked crate `wgpu`
    |
    = help: if you wanted to use a crate named `wgpu`, use `cargo add wgpu` to add it to your `Cargo.toml`

error[E0433]: cannot find module or crate `wgpu` in this scope
    --> src/gpu.rs:1821:25
     |
1821 |                         wgpu::BindGroupEntry {
     |                         ^^^^ use of unresolved module or unlinked crate `wgpu`
     |
     = help: if you wanted to use a crate named `wgpu`, use `cargo add wgpu` to add it to your `Cargo.toml`

error[E0433]: cannot find module or crate `wgpu` in this scope
   --> src/gpu.rs:292:15
    |
292 |     pipeline: wgpu::ComputePipeline,
    |               ^^^^ use of unresolved module or unlinked crate `wgpu`
    |
    = help: if you wanted to use a crate named `wgpu`, use `cargo add wgpu` to add it to your `Cargo.toml`

error[E0433]: cannot find module or crate `wgpu` in this scope
   --> src/gpu.rs:296:52
    |
296 |     pub fn bind_group_layout(&self, index: u32) -> wgpu::BindGroupLayout {
    |                                                    ^^^^ use of unresolved module or unlinked crate `wgpu`
    |
    = help: if you wanted to use a crate named `wgpu`, use `cargo add wgpu` to add it to your `Cargo.toml`

error[E0433]: cannot find module or crate `wgpu` in this scope
   --> src/gpu.rs:306:17
    |
306 |     ) -> Result<wgpu::BindGroupLayout, Error> {
    |                 ^^^^ use of unresolved module or unlinked crate `wgpu`
    |
    = help: if you wanted to use a crate named `wgpu`, use `cargo add wgpu` to add it to your `Cargo.toml`

error[E0433]: cannot find module or crate `wgpu` in this scope
   --> src/gpu.rs:315:30
    |
315 |     pub fn device(&self) -> &wgpu::Device {
    |                              ^^^^ use of unresolved module or unlinked crate `wgpu`
    |
    = help: if you wanted to use a crate named `wgpu`, use `cargo add wgpu` to add it to your `Cargo.toml`

error[E0433]: cannot find module or crate `wgpu` in this scope
   --> src/gpu.rs:318:29
    |
318 |     pub fn queue(&self) -> &wgpu::Queue {
    |                             ^^^^ use of unresolved module or unlinked crate `wgpu`
    |
    = help: if you wanted to use a crate named `wgpu`, use `cargo add wgpu` to add it to your `Cargo.toml`

error[E0433]: cannot find module or crate `wgpu` in this scope
   --> src/gpu.rs:326:33
    |
326 |         operation: impl FnOnce(&wgpu::Device, &wgpu::Queue) -> T,
    |                                 ^^^^ use of unresolved module or unlinked crate `wgpu`
    |
    = help: if you wanted to use a crate named `wgpu`, use `cargo add wgpu` to add it to your `Cargo.toml`

error[E0433]: cannot find module or crate `wgpu` in this scope
   --> src/gpu.rs:326:48
    |
326 |         operation: impl FnOnce(&wgpu::Device, &wgpu::Queue) -> T,
    |                                                ^^^^ use of unresolved module or unlinked crate `wgpu`
    |
    = help: if you wanted to use a crate named `wgpu`, use `cargo add wgpu` to add it to your `Cargo.toml`

error[E0433]: cannot find module or crate `wgpu` in this scope
    --> src/gpu.rs:1817:25
     |
1817 |                         wgpu::BindGroupEntry {
     |                         ^^^^ use of unresolved module or unlinked crate `wgpu`
     |
     = help: if you wanted to use a crate named `wgpu`, use `cargo add wgpu` to add it to your `Cargo.toml`

error[E0433]: cannot find module or crate `wgpu` in this scope
    --> src/gpu.rs:1813:43
     |
1813 |                 device.create_bind_group(&wgpu::BindGroupDescriptor {
     |                                           ^^^^ use of unresolved module or unlinked crate `wgpu`
     |
     = help: if you wanted to use a crate named `wgpu`, use `cargo add wgpu` to add it to your `Cargo.toml`

error[E0433]: cannot find module or crate `wgpu` in this scope
   --> src/gpu.rs:348:54
    |
348 |             let module = device.create_shader_module(wgpu::ShaderModuleDescriptor {
    |                                                      ^^^^ use of unresolved module or unlinked crate `wgpu`
    |
    = help: if you wanted to use a crate named `wgpu`, use `cargo add wgpu` to add it to your `Cargo.toml`

error[E0433]: cannot find module or crate `wgpu` in this scope
   --> src/gpu.rs:353:59
    |
353 |                 pipeline: device.create_compute_pipeline(&wgpu::ComputePipelineDescriptor {
    |                                                           ^^^^ use of unresolved module or unlinked crate `wgpu`
    |
    = help: if you wanted to use a crate named `wgpu`, use `cargo add wgpu` to add it to your `Cargo.toml`

error[E0433]: cannot find module or crate `wgpu` in this scope
   --> src/gpu.rs:370:20
    |
370 |         groups: &[&wgpu::BindGroup],
    |                    ^^^^ use of unresolved module or unlinked crate `wgpu`
    |
    = help: if you wanted to use a crate named `wgpu`, use `cargo add wgpu` to add it to your `Cargo.toml`

error[E0433]: cannot find module or crate `wgpu` in this scope
   --> src/gpu.rs:372:17
    |
372 |     ) -> Result<wgpu::SubmissionIndex, Error> {
    |                 ^^^^ use of unresolved module or unlinked crate `wgpu`
    |
    = help: if you wanted to use a crate named `wgpu`, use `cargo add wgpu` to add it to your `Cargo.toml`

error[E0433]: cannot find module or crate `wgpu` in this scope
   --> src/gpu.rs:392:58
    |
392 |     pub fn storage_buffer(&self, bytes: &[u8]) -> Result<wgpu::Buffer, Error> {
    |                                                          ^^^^ use of unresolved module or unlinked crate `wgpu`
    |
    = help: if you wanted to use a crate named `wgpu`, use `cargo add wgpu` to add it to your `Cargo.toml`

error[E0433]: cannot find module or crate `wgpu` in this scope
   --> src/gpu.rs:410:40
    |
410 |     pub fn read_buffer(&self, source: &wgpu::Buffer) -> Result<Vec<u8>, Error> {
    |                                        ^^^^ use of unresolved module or unlinked crate `wgpu`
    |
    = help: if you wanted to use a crate named `wgpu`, use `cargo add wgpu` to add it to your `Cargo.toml`

error[E0433]: cannot find module or crate `wgpu` in this scope
   --> src/gpu.rs:418:48
    |
418 |             let buffer = device.create_buffer(&wgpu::BufferDescriptor {
    |                                                ^^^^ use of unresolved module or unlinked crate `wgpu`
    |
    = help: if you wanted to use a crate named `wgpu`, use `cargo add wgpu` to add it to your `Cargo.toml`

error[E0433]: cannot find module or crate `wgpu` in this scope
   --> src/gpu.rs:455:14
    |
455 |     vectors: wgpu::Buffer,
    |              ^^^^ use of unresolved module or unlinked crate `wgpu`
    |
    = help: if you wanted to use a crate named `wgpu`, use `cargo add wgpu` to add it to your `Cargo.toml`

error[E0433]: cannot find module or crate `wgpu` in this scope
   --> src/gpu.rs:456:14
    |
456 |     lengths: wgpu::Buffer,
    |              ^^^^ use of unresolved module or unlinked crate `wgpu`
    |
    = help: if you wanted to use a crate named `wgpu`, use `cargo add wgpu` to add it to your `Cargo.toml`

error[E0433]: cannot find module or crate `wgpu` in this scope
   --> src/gpu.rs:457:13
    |
457 |     scores: wgpu::Buffer,
    |             ^^^^ use of unresolved module or unlinked crate `wgpu`
    |
    = help: if you wanted to use a crate named `wgpu`, use `cargo add wgpu` to add it to your `Cargo.toml`

error[E0433]: cannot find module or crate `wgpu` in this scope
    --> src/gpu.rs:1124:25
     |
1124 |                         wgpu::BindGroupEntry {
     |                         ^^^^ use of unresolved module or unlinked crate `wgpu`
     |
     = help: if you wanted to use a crate named `wgpu`, use `cargo add wgpu` to add it to your `Cargo.toml`

error[E0433]: cannot find module or crate `wgpu` in this scope
    --> src/gpu.rs:1573:43
     |
1573 |                 device.create_bind_group(&wgpu::BindGroupDescriptor {
     |                                           ^^^^ use of unresolved module or unlinked crate `wgpu`
     |
     = help: if you wanted to use a crate named `wgpu`, use `cargo add wgpu` to add it to your `Cargo.toml`

error[E0433]: cannot find module or crate `wgpu` in this scope
    --> src/gpu.rs:1568:35
     |
1568 |                     .map(|(i, b)| wgpu::BindGroupEntry {
     |                                   ^^^^ use of unresolved module or unlinked crate `wgpu`
     |
     = help: if you wanted to use a crate named `wgpu`, use `cargo add wgpu` to add it to your `Cargo.toml`

error[E0433]: cannot find module or crate `wgpu` in this scope
   --> src/gpu.rs:546:35
    |
546 |                     .map(|(i, b)| wgpu::BindGroupEntry {
    |                                   ^^^^ use of unresolved module or unlinked crate `wgpu`
    |
    = help: if you wanted to use a crate named `wgpu`, use `cargo add wgpu` to add it to your `Cargo.toml`

error[E0433]: cannot find module or crate `wgpu` in this scope
   --> src/gpu.rs:551:43
    |
551 |                 device.create_bind_group(&wgpu::BindGroupDescriptor {
    |                                           ^^^^ use of unresolved module or unlinked crate `wgpu`
    |
    = help: if you wanted to use a crate named `wgpu`, use `cargo add wgpu` to add it to your `Cargo.toml`

error[E0433]: cannot find module or crate `wgpu` in this scope
    --> src/gpu.rs:1128:25
     |
1128 |                         wgpu::BindGroupEntry {
     |                         ^^^^ use of unresolved module or unlinked crate `wgpu`
     |
     = help: if you wanted to use a crate named `wgpu`, use `cargo add wgpu` to add it to your `Cargo.toml`

error[E0433]: cannot find module or crate `wgpu` in this scope
    --> src/gpu.rs:1533:16
     |
1533 |         mask: &wgpu::Buffer,
     |                ^^^^ use of unresolved module or unlinked crate `wgpu`
     |
     = help: if you wanted to use a crate named `wgpu`, use `cargo add wgpu` to add it to your `Cargo.toml`

error[E0433]: cannot find module or crate `wgpu` in this scope
    --> src/gpu.rs:1472:17
     |
1472 |     chunks: Vec<wgpu::Buffer>,
     |                 ^^^^ use of unresolved module or unlinked crate `wgpu`
     |
     = help: if you wanted to use a crate named `wgpu`, use `cargo add wgpu` to add it to your `Cargo.toml`

error[E0433]: cannot find module or crate `wgpu` in this scope
   --> src/gpu.rs:674:43
    |
674 |                 device.create_bind_group(&wgpu::BindGroupDescriptor {
    |                                           ^^^^ use of unresolved module or unlinked crate `wgpu`
    |
    = help: if you wanted to use a crate named `wgpu`, use `cargo add wgpu` to add it to your `Cargo.toml`

error[E0433]: cannot find module or crate `wgpu` in this scope
   --> src/gpu.rs:678:25
    |
678 |                         wgpu::BindGroupEntry {
    |                         ^^^^ use of unresolved module or unlinked crate `wgpu`
    |
    = help: if you wanted to use a crate named `wgpu`, use `cargo add wgpu` to add it to your `Cargo.toml`

error[E0433]: cannot find module or crate `wgpu` in this scope
   --> src/gpu.rs:682:25
    |
682 |                         wgpu::BindGroupEntry {
    |                         ^^^^ use of unresolved module or unlinked crate `wgpu`
    |
    = help: if you wanted to use a crate named `wgpu`, use `cargo add wgpu` to add it to your `Cargo.toml`

error[E0433]: cannot find module or crate `wgpu` in this scope
   --> src/gpu.rs:686:25
    |
686 |                         wgpu::BindGroupEntry {
    |                         ^^^^ use of unresolved module or unlinked crate `wgpu`
    |
    = help: if you wanted to use a crate named `wgpu`, use `cargo add wgpu` to add it to your `Cargo.toml`

error[E0433]: cannot find module or crate `wgpu` in this scope
    --> src/gpu.rs:1450:47
     |
1450 |                     device.create_bind_group(&wgpu::BindGroupDescriptor {
     |                                               ^^^^ use of unresolved module or unlinked crate `wgpu`
     |
     = help: if you wanted to use a crate named `wgpu`, use `cargo add wgpu` to add it to your `Cargo.toml`

error[E0433]: cannot find module or crate `wgpu` in this scope
    --> src/gpu.rs:1445:39
     |
1445 |                         .map(|(i, b)| wgpu::BindGroupEntry {
     |                                       ^^^^ use of unresolved module or unlinked crate `wgpu`
     |
     = help: if you wanted to use a crate named `wgpu`, use `cargo add wgpu` to add it to your `Cargo.toml`

error[E0433]: cannot find module or crate `wgpu` in this scope
    --> src/gpu.rs:1156:25
     |
1156 |                         wgpu::BindGroupEntry {
     |                         ^^^^ use of unresolved module or unlinked crate `wgpu`
     |
     = help: if you wanted to use a crate named `wgpu`, use `cargo add wgpu` to add it to your `Cargo.toml`

error[E0433]: cannot find module or crate `wgpu` in this scope
   --> src/gpu.rs:744:35
    |
744 |                     .map(|(i, b)| wgpu::BindGroupEntry {
    |                                   ^^^^ use of unresolved module or unlinked crate `wgpu`
    |
    = help: if you wanted to use a crate named `wgpu`, use `cargo add wgpu` to add it to your `Cargo.toml`

error[E0433]: cannot find module or crate `wgpu` in this scope
   --> src/gpu.rs:749:43
    |
749 |                 device.create_bind_group(&wgpu::BindGroupDescriptor {
    |                                           ^^^^ use of unresolved module or unlinked crate `wgpu`
    |
    = help: if you wanted to use a crate named `wgpu`, use `cargo add wgpu` to add it to your `Cargo.toml`

error[E0433]: cannot find module or crate `wgpu` in this scope
    --> src/gpu.rs:1144:43
     |
1144 |                 device.create_bind_group(&wgpu::BindGroupDescriptor {
     |                                           ^^^^ use of unresolved module or unlinked crate `wgpu`
     |
     = help: if you wanted to use a crate named `wgpu`, use `cargo add wgpu` to add it to your `Cargo.toml`

error[E0433]: cannot find module or crate `wgpu` in this scope
    --> src/gpu.rs:1382:25
     |
1382 |                         wgpu::BindGroupEntry {
     |                         ^^^^ use of unresolved module or unlinked crate `wgpu`
     |
     = help: if you wanted to use a crate named `wgpu`, use `cargo add wgpu` to add it to your `Cargo.toml`

error[E0433]: cannot find module or crate `wgpu` in this scope
    --> src/gpu.rs:1378:25
     |
1378 |                         wgpu::BindGroupEntry {
     |                         ^^^^ use of unresolved module or unlinked crate `wgpu`
     |
     = help: if you wanted to use a crate named `wgpu`, use `cargo add wgpu` to add it to your `Cargo.toml`

error[E0433]: cannot find module or crate `wgpu` in this scope
   --> src/gpu.rs:909:35
    |
909 |                     .map(|(i, b)| wgpu::BindGroupEntry {
    |                                   ^^^^ use of unresolved module or unlinked crate `wgpu`
    |
    = help: if you wanted to use a crate named `wgpu`, use `cargo add wgpu` to add it to your `Cargo.toml`

error[E0433]: cannot find module or crate `wgpu` in this scope
   --> src/gpu.rs:914:43
    |
914 |                 device.create_bind_group(&wgpu::BindGroupDescriptor {
    |                                           ^^^^ use of unresolved module or unlinked crate `wgpu`
    |
    = help: if you wanted to use a crate named `wgpu`, use `cargo add wgpu` to add it to your `Cargo.toml`

error[E0433]: cannot find module or crate `wgpu` in this scope
    --> src/gpu.rs:1374:43
     |
1374 |                 device.create_bind_group(&wgpu::BindGroupDescriptor {
     |                                           ^^^^ use of unresolved module or unlinked crate `wgpu`
     |
     = help: if you wanted to use a crate named `wgpu`, use `cargo add wgpu` to add it to your `Cargo.toml`

error[E0433]: cannot find module or crate `wgpu` in this scope
   --> src/gpu.rs:975:43
    |
975 |                 device.create_bind_group(&wgpu::BindGroupDescriptor {
    |                                           ^^^^ use of unresolved module or unlinked crate `wgpu`
    |
    = help: if you wanted to use a crate named `wgpu`, use `cargo add wgpu` to add it to your `Cargo.toml`

error[E0433]: cannot find module or crate `wgpu` in this scope
   --> src/gpu.rs:979:25
    |
979 |                         wgpu::BindGroupEntry {
    |                         ^^^^ use of unresolved module or unlinked crate `wgpu`
    |
    = help: if you wanted to use a crate named `wgpu`, use `cargo add wgpu` to add it to your `Cargo.toml`

error[E0433]: cannot find module or crate `wgpu` in this scope
   --> src/gpu.rs:983:25
    |
983 |                         wgpu::BindGroupEntry {
    |                         ^^^^ use of unresolved module or unlinked crate `wgpu`
    |
    = help: if you wanted to use a crate named `wgpu`, use `cargo add wgpu` to add it to your `Cargo.toml`

error[E0433]: cannot find module or crate `wgpu` in this scope
    --> src/gpu.rs:1148:25
     |
1148 |                         wgpu::BindGroupEntry {
     |                         ^^^^ use of unresolved module or unlinked crate `wgpu`
     |
     = help: if you wanted to use a crate named `wgpu`, use `cargo add wgpu` to add it to your `Cargo.toml`

error[E0433]: cannot find module or crate `wgpu` in this scope
    --> src/gpu.rs:1307:43
     |
1307 |                 device.create_bind_group(&wgpu::BindGroupDescriptor {
     |                                           ^^^^ use of unresolved module or unlinked crate `wgpu`
     |
     = help: if you wanted to use a crate named `wgpu`, use `cargo add wgpu` to add it to your `Cargo.toml`

error[E0433]: cannot find module or crate `wgpu` in this scope
    --> src/gpu.rs:1046:39
     |
1046 |                         .map(|(i, b)| wgpu::BindGroupEntry {
     |                                       ^^^^ use of unresolved module or unlinked crate `wgpu`
     |
     = help: if you wanted to use a crate named `wgpu`, use `cargo add wgpu` to add it to your `Cargo.toml`

error[E0433]: cannot find module or crate `wgpu` in this scope
    --> src/gpu.rs:1051:47
     |
1051 |                     device.create_bind_group(&wgpu::BindGroupDescriptor {
     |                                               ^^^^ use of unresolved module or unlinked crate `wgpu`
     |
     = help: if you wanted to use a crate named `wgpu`, use `cargo add wgpu` to add it to your `Cargo.toml`

Some errors have detailed explanations: E0432, E0433, E0599.
For more information about an error, try `rustc --explain E0432`.
warning: `lin` (lib) generated 2 warnings
error: could not compile `lin` (lib) due to 160 previous errors; 4 warnings emitted
