skip postgres: no reachable server
  tried: postgresql://lin:lin@127.0.0.1:55432/lin (error connecting to server); postgresql://postgres@127.0.0.1:5432/postgres (error connecting to server)
  set LIN_BENCH_PG_URL or:
  docker compose -f docker-compose.bench.yml up -d postgres
  # brew postgresql@17 via Sources/ppduster macos-stack-postgres; start service for :5432
skip mysql: LIN_BENCH_SKIP_MYSQL is set
lin compare: N=10000 warm reads (fixture), bulk insert (schema outside timing)
engines: Lin | SQLite(rusqlite bundled) | DuckDB(bundled) | HashMap(point get only) | Postgres(skipped) | MySQL(skipped)
airbug dash: http://127.0.0.1:8790/
Lin reads: prepare once / run many; filters use count (fair vs SQL COUNT(*));
substring: Lin `title ~ "wal" | count` vs SQL LIKE '%wal%' COUNT(*);
materialize: Lin `wing==rag | {id,title} | take all` vs SQL SELECT id,title;
join: 10000 orders ⋈ 1000 users (Lin run_batch SoA / cursor vs SQL INNER JOIN);
append_log: Lin `append facts` vs SQL INSERT INTO logs (append-only shape)
airbug dash: http://127.0.0.1:8790/#/bench
bench: compare/durable_insert_1k/lin — validating and calibrating
WAL_FRAME bytes=79 checksum_ns=1375 write_ns=66625 sync_ns=567583
INSERT_PROFILE rows=1000 build_ns=364333 checks_ns=159917 embed_ns=714042 index_ns=154166 fts_ns=198250 maps_ns=39083
WAL_PACK rows=1000 elapsed_ns=509083
WAL_COLUMN rows=1000 field=body elapsed_ns=3500
WAL_CLASSIFY rows=1000 elapsed_ns=123708
WAL_COLUMN rows=1000 field=embedding elapsed_ns=662750
WAL_COLUMN rows=1000 field=hash elapsed_ns=6167
WAL_COLUMN rows=1000 field=id elapsed_ns=6125
WAL_COLUMN rows=1000 field=layer elapsed_ns=5625
WAL_COLUMN rows=1000 field=title elapsed_ns=5084
WAL_COLUMN rows=1000 field=ts elapsed_ns=1708
WAL_COLUMN rows=1000 field=uri elapsed_ns=5000
WAL_COLUMN rows=1000 field=wing elapsed_ns=2875
WAL_ENCODE rows=1000 bytes=336968 elapsed_ns=841709
WAL_FRAME bytes=336968 checksum_ns=19041 write_ns=45542 sync_ns=698125
WAL_FRAME bytes=79 checksum_ns=250 write_ns=100291 sync_ns=618292
INSERT_PROFILE rows=1000 build_ns=287542 checks_ns=159542 embed_ns=931333 index_ns=186167 fts_ns=194250 maps_ns=36833
WAL_PACK rows=1000 elapsed_ns=272542
WAL_COLUMN rows=1000 field=body elapsed_ns=3459
WAL_CLASSIFY rows=1000 elapsed_ns=123709
WAL_COLUMN rows=1000 field=embedding elapsed_ns=661167
WAL_COLUMN rows=1000 field=hash elapsed_ns=5000
WAL_COLUMN rows=1000 field=id elapsed_ns=3750
WAL_COLUMN rows=1000 field=layer elapsed_ns=3291
WAL_COLUMN rows=1000 field=title elapsed_ns=4292
WAL_COLUMN rows=1000 field=ts elapsed_ns=958
WAL_COLUMN rows=1000 field=uri elapsed_ns=4292
WAL_COLUMN rows=1000 field=wing elapsed_ns=3083
WAL_ENCODE rows=1000 bytes=336968 elapsed_ns=851208
WAL_FRAME bytes=336968 checksum_ns=15958 write_ns=50917 sync_ns=533417
bench: compare/durable_insert_1k/lin — measuring 24 samples
WAL_FRAME bytes=79 checksum_ns=84 write_ns=88417 sync_ns=552875
INSERT_PROFILE rows=1000 build_ns=273500 checks_ns=147042 embed_ns=371416 index_ns=146625 fts_ns=184750 maps_ns=40750
WAL_PACK rows=1000 elapsed_ns=236416
WAL_COLUMN rows=1000 field=body elapsed_ns=3417
WAL_CLASSIFY rows=1000 elapsed_ns=133291
WAL_COLUMN rows=1000 field=embedding elapsed_ns=676667
WAL_COLUMN rows=1000 field=hash elapsed_ns=5916
WAL_COLUMN rows=1000 field=id elapsed_ns=4584
WAL_COLUMN rows=1000 field=layer elapsed_ns=3291
WAL_COLUMN rows=1000 field=title elapsed_ns=5000
WAL_COLUMN rows=1000 field=ts elapsed_ns=1833
WAL_COLUMN rows=1000 field=uri elapsed_ns=4209
WAL_COLUMN rows=1000 field=wing elapsed_ns=2875
WAL_ENCODE rows=1000 bytes=336968 elapsed_ns=851917
WAL_FRAME bytes=336968 checksum_ns=15958 write_ns=47875 sync_ns=577291
WAL_FRAME bytes=79 checksum_ns=209 write_ns=78709 sync_ns=573834
INSERT_PROFILE rows=1000 build_ns=275291 checks_ns=148417 embed_ns=377750 index_ns=126584 fts_ns=185375 maps_ns=36917
WAL_PACK rows=1000 elapsed_ns=237834
WAL_COLUMN rows=1000 field=body elapsed_ns=3458
WAL_CLASSIFY rows=1000 elapsed_ns=123625
WAL_COLUMN rows=1000 field=embedding elapsed_ns=643584
WAL_COLUMN rows=1000 field=hash elapsed_ns=4791
WAL_COLUMN rows=1000 field=id elapsed_ns=3625
WAL_COLUMN rows=1000 field=layer elapsed_ns=3292
WAL_COLUMN rows=1000 field=title elapsed_ns=4167
WAL_COLUMN rows=1000 field=ts elapsed_ns=916
WAL_COLUMN rows=1000 field=uri elapsed_ns=3292
WAL_COLUMN rows=1000 field=wing elapsed_ns=2875
WAL_ENCODE rows=1000 bytes=336968 elapsed_ns=792459
WAL_FRAME bytes=336968 checksum_ns=16083 write_ns=42000 sync_ns=509500
WAL_FRAME bytes=79 checksum_ns=208 write_ns=73834 sync_ns=574334
INSERT_PROFILE rows=1000 build_ns=274917 checks_ns=142334 embed_ns=376209 index_ns=126500 fts_ns=190166 maps_ns=35875
WAL_PACK rows=1000 elapsed_ns=229375
WAL_COLUMN rows=1000 field=body elapsed_ns=3375
WAL_CLASSIFY rows=1000 elapsed_ns=123625
WAL_COLUMN rows=1000 field=embedding elapsed_ns=639917
WAL_COLUMN rows=1000 field=hash elapsed_ns=4750
WAL_COLUMN rows=1000 field=id elapsed_ns=3667
WAL_COLUMN rows=1000 field=layer elapsed_ns=3167
WAL_COLUMN rows=1000 field=title elapsed_ns=4209
WAL_COLUMN rows=1000 field=ts elapsed_ns=875
WAL_COLUMN rows=1000 field=uri elapsed_ns=3375
WAL_COLUMN rows=1000 field=wing elapsed_ns=3084
WAL_ENCODE rows=1000 bytes=336968 elapsed_ns=760959
WAL_FRAME bytes=336968 checksum_ns=16083 write_ns=68583 sync_ns=594500
WAL_FRAME bytes=79 checksum_ns=208 write_ns=68916 sync_ns=677875
INSERT_PROFILE rows=1000 build_ns=284709 checks_ns=161500 embed_ns=380208 index_ns=124667 fts_ns=196584 maps_ns=38459
WAL_PACK rows=1000 elapsed_ns=243541
WAL_COLUMN rows=1000 field=body elapsed_ns=3459
WAL_CLASSIFY rows=1000 elapsed_ns=123833
WAL_COLUMN rows=1000 field=embedding elapsed_ns=660875
WAL_COLUMN rows=1000 field=hash elapsed_ns=4916
WAL_COLUMN rows=1000 field=id elapsed_ns=3792
WAL_COLUMN rows=1000 field=layer elapsed_ns=4000
WAL_COLUMN rows=1000 field=title elapsed_ns=4333
WAL_COLUMN rows=1000 field=ts elapsed_ns=1000
WAL_COLUMN rows=1000 field=uri elapsed_ns=3333
WAL_COLUMN rows=1000 field=wing elapsed_ns=3000
WAL_ENCODE rows=1000 bytes=336968 elapsed_ns=788625
WAL_FRAME bytes=336968 checksum_ns=15792 write_ns=56167 sync_ns=756625
WAL_FRAME bytes=79 checksum_ns=292 write_ns=88875 sync_ns=503500
INSERT_PROFILE rows=1000 build_ns=291333 checks_ns=147959 embed_ns=386042 index_ns=136500 fts_ns=186875 maps_ns=36458
WAL_PACK rows=1000 elapsed_ns=241500
WAL_COLUMN rows=1000 field=body elapsed_ns=3708
WAL_CLASSIFY rows=1000 elapsed_ns=124000
WAL_COLUMN rows=1000 field=embedding elapsed_ns=688583
WAL_COLUMN rows=1000 field=hash elapsed_ns=6625
WAL_COLUMN rows=1000 field=id elapsed_ns=5542
WAL_COLUMN rows=1000 field=layer elapsed_ns=3458
WAL_COLUMN rows=1000 field=title elapsed_ns=4042
WAL_COLUMN rows=1000 field=ts elapsed_ns=1000
WAL_COLUMN rows=1000 field=uri elapsed_ns=3208
WAL_COLUMN rows=1000 field=wing elapsed_ns=2917
WAL_ENCODE rows=1000 bytes=336968 elapsed_ns=839875
WAL_FRAME bytes=336968 checksum_ns=16042 write_ns=56708 sync_ns=613250
WAL_FRAME bytes=79 checksum_ns=208 write_ns=66458 sync_ns=522000
INSERT_PROFILE rows=1000 build_ns=276459 checks_ns=143375 embed_ns=381584 index_ns=130291 fts_ns=189666 maps_ns=38500
WAL_PACK rows=1000 elapsed_ns=247542
WAL_COLUMN rows=1000 field=body elapsed_ns=3458
WAL_CLASSIFY rows=1000 elapsed_ns=124042
WAL_COLUMN rows=1000 field=embedding elapsed_ns=641833
WAL_COLUMN rows=1000 field=hash elapsed_ns=5042
WAL_COLUMN rows=1000 field=id elapsed_ns=3833
WAL_COLUMN rows=1000 field=layer elapsed_ns=3375
WAL_COLUMN rows=1000 field=title elapsed_ns=4208
WAL_COLUMN rows=1000 field=ts elapsed_ns=875
WAL_COLUMN rows=1000 field=uri elapsed_ns=3333
WAL_COLUMN rows=1000 field=wing elapsed_ns=3041
WAL_ENCODE rows=1000 bytes=336968 elapsed_ns=765167
WAL_FRAME bytes=336968 checksum_ns=16208 write_ns=70042 sync_ns=729792
WAL_FRAME bytes=79 checksum_ns=42 write_ns=92541 sync_ns=601167
INSERT_PROFILE rows=1000 build_ns=285875 checks_ns=150041 embed_ns=384167 index_ns=120834 fts_ns=187583 maps_ns=37333
WAL_PACK rows=1000 elapsed_ns=245333
WAL_COLUMN rows=1000 field=body elapsed_ns=3292
WAL_CLASSIFY rows=1000 elapsed_ns=123792
WAL_COLUMN rows=1000 field=embedding elapsed_ns=630416
WAL_COLUMN rows=1000 field=hash elapsed_ns=4875
WAL_COLUMN rows=1000 field=id elapsed_ns=4583
WAL_COLUMN rows=1000 field=layer elapsed_ns=3333
WAL_COLUMN rows=1000 field=title elapsed_ns=4208
WAL_COLUMN rows=1000 field=ts elapsed_ns=792
WAL_COLUMN rows=1000 field=uri elapsed_ns=3459
WAL_COLUMN rows=1000 field=wing elapsed_ns=2834
WAL_ENCODE rows=1000 bytes=336968 elapsed_ns=761833
WAL_FRAME bytes=336968 checksum_ns=16000 write_ns=43500 sync_ns=604583
WAL_FRAME bytes=79 checksum_ns=83 write_ns=66333 sync_ns=494583
INSERT_PROFILE rows=1000 build_ns=277625 checks_ns=162875 embed_ns=389958 index_ns=133042 fts_ns=190416 maps_ns=37084
WAL_PACK rows=1000 elapsed_ns=250333
WAL_COLUMN rows=1000 field=body elapsed_ns=3375
WAL_CLASSIFY rows=1000 elapsed_ns=126375
WAL_COLUMN rows=1000 field=embedding elapsed_ns=654500
WAL_COLUMN rows=1000 field=hash elapsed_ns=4833
WAL_COLUMN rows=1000 field=id elapsed_ns=3750
WAL_COLUMN rows=1000 field=layer elapsed_ns=3292
WAL_COLUMN rows=1000 field=title elapsed_ns=4334
WAL_COLUMN rows=1000 field=ts elapsed_ns=959
WAL_COLUMN rows=1000 field=uri elapsed_ns=4250
WAL_COLUMN rows=1000 field=wing elapsed_ns=2916
WAL_ENCODE rows=1000 bytes=336968 elapsed_ns=776209
WAL_FRAME bytes=336968 checksum_ns=16041 write_ns=53292 sync_ns=773584
WAL_FRAME bytes=79 checksum_ns=167 write_ns=81708 sync_ns=742458
INSERT_PROFILE rows=1000 build_ns=291250 checks_ns=151083 embed_ns=402083 index_ns=124000 fts_ns=186958 maps_ns=37375
WAL_PACK rows=1000 elapsed_ns=247542
WAL_COLUMN rows=1000 field=body elapsed_ns=3792
WAL_CLASSIFY rows=1000 elapsed_ns=123917
WAL_COLUMN rows=1000 field=embedding elapsed_ns=675792
WAL_COLUMN rows=1000 field=hash elapsed_ns=6500
WAL_COLUMN rows=1000 field=id elapsed_ns=4958
WAL_COLUMN rows=1000 field=layer elapsed_ns=4042
WAL_COLUMN rows=1000 field=title elapsed_ns=4042
WAL_COLUMN rows=1000 field=ts elapsed_ns=750
WAL_COLUMN rows=1000 field=uri elapsed_ns=3250
WAL_COLUMN rows=1000 field=wing elapsed_ns=2875
WAL_ENCODE rows=1000 bytes=336968 elapsed_ns=823917
WAL_FRAME bytes=336968 checksum_ns=15625 write_ns=48083 sync_ns=551125
WAL_FRAME bytes=79 checksum_ns=208 write_ns=72125 sync_ns=480834
INSERT_PROFILE rows=1000 build_ns=285042 checks_ns=173291 embed_ns=396292 index_ns=116916 fts_ns=189209 maps_ns=35667
WAL_PACK rows=1000 elapsed_ns=257667
WAL_COLUMN rows=1000 field=body elapsed_ns=3333
WAL_CLASSIFY rows=1000 elapsed_ns=123500
WAL_COLUMN rows=1000 field=embedding elapsed_ns=654042
WAL_COLUMN rows=1000 field=hash elapsed_ns=4709
WAL_COLUMN rows=1000 field=id elapsed_ns=3667
WAL_COLUMN rows=1000 field=layer elapsed_ns=3208
WAL_COLUMN rows=1000 field=title elapsed_ns=4166
WAL_COLUMN rows=1000 field=ts elapsed_ns=750
WAL_COLUMN rows=1000 field=uri elapsed_ns=3292
WAL_COLUMN rows=1000 field=wing elapsed_ns=2875
WAL_ENCODE rows=1000 bytes=336968 elapsed_ns=777333
WAL_FRAME bytes=336968 checksum_ns=16042 write_ns=61792 sync_ns=800750
WAL_FRAME bytes=79 checksum_ns=250 write_ns=77833 sync_ns=1079333
INSERT_PROFILE rows=1000 build_ns=288333 checks_ns=158333 embed_ns=394583 index_ns=122791 fts_ns=194583 maps_ns=37792
WAL_PACK rows=1000 elapsed_ns=255542
WAL_COLUMN rows=1000 field=body elapsed_ns=3542
WAL_CLASSIFY rows=1000 elapsed_ns=124166
WAL_COLUMN rows=1000 field=embedding elapsed_ns=657375
WAL_COLUMN rows=1000 field=hash elapsed_ns=5000
WAL_COLUMN rows=1000 field=id elapsed_ns=3750
WAL_COLUMN rows=1000 field=layer elapsed_ns=4375
WAL_COLUMN rows=1000 field=title elapsed_ns=4375
WAL_COLUMN rows=1000 field=ts elapsed_ns=1042
WAL_COLUMN rows=1000 field=uri elapsed_ns=3541
WAL_COLUMN rows=1000 field=wing elapsed_ns=3000
WAL_ENCODE rows=1000 bytes=336968 elapsed_ns=784666
WAL_FRAME bytes=336968 checksum_ns=16167 write_ns=119125 sync_ns=590917
WAL_FRAME bytes=79 checksum_ns=334 write_ns=98875 sync_ns=658792
INSERT_PROFILE rows=1000 build_ns=284917 checks_ns=151667 embed_ns=388667 index_ns=122583 fts_ns=195083 maps_ns=37375
WAL_PACK rows=1000 elapsed_ns=256000
WAL_COLUMN rows=1000 field=body elapsed_ns=3417
WAL_CLASSIFY rows=1000 elapsed_ns=124708
WAL_COLUMN rows=1000 field=embedding elapsed_ns=663375
WAL_COLUMN rows=1000 field=hash elapsed_ns=5167
WAL_COLUMN rows=1000 field=id elapsed_ns=4583
WAL_COLUMN rows=1000 field=layer elapsed_ns=3542
WAL_COLUMN rows=1000 field=title elapsed_ns=5209
WAL_COLUMN rows=1000 field=ts elapsed_ns=916
WAL_COLUMN rows=1000 field=uri elapsed_ns=3375
WAL_COLUMN rows=1000 field=wing elapsed_ns=2917
WAL_ENCODE rows=1000 bytes=336968 elapsed_ns=824666
WAL_FRAME bytes=336968 checksum_ns=15792 write_ns=53083 sync_ns=523083
WAL_FRAME bytes=79 checksum_ns=666 write_ns=65584 sync_ns=1014000
INSERT_PROFILE rows=1000 build_ns=287292 checks_ns=153208 embed_ns=409541 index_ns=125333 fts_ns=190458 maps_ns=37375
WAL_PACK rows=1000 elapsed_ns=280125
WAL_COLUMN rows=1000 field=body elapsed_ns=3500
WAL_CLASSIFY rows=1000 elapsed_ns=183084
WAL_COLUMN rows=1000 field=embedding elapsed_ns=737459
WAL_COLUMN rows=1000 field=hash elapsed_ns=5000
WAL_COLUMN rows=1000 field=id elapsed_ns=4000
WAL_COLUMN rows=1000 field=layer elapsed_ns=3542
WAL_COLUMN rows=1000 field=title elapsed_ns=4333
WAL_COLUMN rows=1000 field=ts elapsed_ns=916
WAL_COLUMN rows=1000 field=uri elapsed_ns=3292
WAL_COLUMN rows=1000 field=wing elapsed_ns=3208
WAL_ENCODE rows=1000 bytes=336968 elapsed_ns=870959
WAL_FRAME bytes=336968 checksum_ns=16250 write_ns=66625 sync_ns=784459
WAL_FRAME bytes=79 checksum_ns=208 write_ns=86125 sync_ns=575167
INSERT_PROFILE rows=1000 build_ns=280041 checks_ns=146625 embed_ns=396083 index_ns=119334 fts_ns=187958 maps_ns=36791
WAL_PACK rows=1000 elapsed_ns=254500
WAL_COLUMN rows=1000 field=body elapsed_ns=3292
WAL_CLASSIFY rows=1000 elapsed_ns=124375
WAL_COLUMN rows=1000 field=embedding elapsed_ns=658292
WAL_COLUMN rows=1000 field=hash elapsed_ns=4792
WAL_COLUMN rows=1000 field=id elapsed_ns=3750
WAL_COLUMN rows=1000 field=layer elapsed_ns=3292
WAL_COLUMN rows=1000 field=title elapsed_ns=4250
WAL_COLUMN rows=1000 field=ts elapsed_ns=1000
WAL_COLUMN rows=1000 field=uri elapsed_ns=3375
WAL_COLUMN rows=1000 field=wing elapsed_ns=2917
WAL_ENCODE rows=1000 bytes=336968 elapsed_ns=780625
WAL_FRAME bytes=336968 checksum_ns=15792 write_ns=59041 sync_ns=536417
WAL_FRAME bytes=79 checksum_ns=291 write_ns=128083 sync_ns=501958
INSERT_PROFILE rows=1000 build_ns=280417 checks_ns=145709 embed_ns=409250 index_ns=123625 fts_ns=188875 maps_ns=36834
WAL_PACK rows=1000 elapsed_ns=264250
WAL_COLUMN rows=1000 field=body elapsed_ns=3459
WAL_CLASSIFY rows=1000 elapsed_ns=124041
WAL_COLUMN rows=1000 field=embedding elapsed_ns=643416
WAL_COLUMN rows=1000 field=hash elapsed_ns=4875
WAL_COLUMN rows=1000 field=id elapsed_ns=3750
WAL_COLUMN rows=1000 field=layer elapsed_ns=3250
WAL_COLUMN rows=1000 field=title elapsed_ns=4292
WAL_COLUMN rows=1000 field=ts elapsed_ns=833
WAL_COLUMN rows=1000 field=uri elapsed_ns=3334
WAL_COLUMN rows=1000 field=wing elapsed_ns=2875
WAL_ENCODE rows=1000 bytes=336968 elapsed_ns=769292
WAL_FRAME bytes=336968 checksum_ns=16000 write_ns=63084 sync_ns=546709
WAL_FRAME bytes=79 checksum_ns=125 write_ns=88958 sync_ns=501791
INSERT_PROFILE rows=1000 build_ns=287375 checks_ns=157125 embed_ns=409917 index_ns=124458 fts_ns=193000 maps_ns=36750
WAL_PACK rows=1000 elapsed_ns=259875
WAL_COLUMN rows=1000 field=body elapsed_ns=3416
WAL_CLASSIFY rows=1000 elapsed_ns=124167
WAL_COLUMN rows=1000 field=embedding elapsed_ns=643333
WAL_COLUMN rows=1000 field=hash elapsed_ns=4833
WAL_COLUMN rows=1000 field=id elapsed_ns=3792
WAL_COLUMN rows=1000 field=layer elapsed_ns=3209
WAL_COLUMN rows=1000 field=title elapsed_ns=4208
WAL_COLUMN rows=1000 field=ts elapsed_ns=791
WAL_COLUMN rows=1000 field=uri elapsed_ns=3333
WAL_COLUMN rows=1000 field=wing elapsed_ns=2834
WAL_ENCODE rows=1000 bytes=336968 elapsed_ns=766959
WAL_FRAME bytes=336968 checksum_ns=15792 write_ns=47833 sync_ns=495625
WAL_FRAME bytes=79 checksum_ns=250 write_ns=84666 sync_ns=615584
INSERT_PROFILE rows=1000 build_ns=288083 checks_ns=161458 embed_ns=424125 index_ns=133833 fts_ns=188459 maps_ns=37292
WAL_PACK rows=1000 elapsed_ns=285334
WAL_COLUMN rows=1000 field=body elapsed_ns=3334
WAL_CLASSIFY rows=1000 elapsed_ns=125625
WAL_COLUMN rows=1000 field=embedding elapsed_ns=614500
WAL_COLUMN rows=1000 field=hash elapsed_ns=4750
WAL_COLUMN rows=1000 field=id elapsed_ns=4125
WAL_COLUMN rows=1000 field=layer elapsed_ns=3708
WAL_COLUMN rows=1000 field=title elapsed_ns=4167
WAL_COLUMN rows=1000 field=ts elapsed_ns=916
WAL_COLUMN rows=1000 field=uri elapsed_ns=3333
WAL_COLUMN rows=1000 field=wing elapsed_ns=3042
WAL_ENCODE rows=1000 bytes=336968 elapsed_ns=754292
WAL_FRAME bytes=336968 checksum_ns=16333 write_ns=48125 sync_ns=743000
WAL_FRAME bytes=79 checksum_ns=167 write_ns=68750 sync_ns=576208
INSERT_PROFILE rows=1000 build_ns=285666 checks_ns=147334 embed_ns=411584 index_ns=139083 fts_ns=194625 maps_ns=36584
WAL_PACK rows=1000 elapsed_ns=271125
WAL_COLUMN rows=1000 field=body elapsed_ns=3416
WAL_CLASSIFY rows=1000 elapsed_ns=124333
WAL_COLUMN rows=1000 field=embedding elapsed_ns=619792
WAL_COLUMN rows=1000 field=hash elapsed_ns=4833
WAL_COLUMN rows=1000 field=id elapsed_ns=3708
WAL_COLUMN rows=1000 field=layer elapsed_ns=3333
WAL_COLUMN rows=1000 field=title elapsed_ns=4084
WAL_COLUMN rows=1000 field=ts elapsed_ns=875
WAL_COLUMN rows=1000 field=uri elapsed_ns=3459
WAL_COLUMN rows=1000 field=wing elapsed_ns=2875
WAL_ENCODE rows=1000 bytes=336968 elapsed_ns=743709
WAL_FRAME bytes=336968 checksum_ns=18084 write_ns=57667 sync_ns=762833
WAL_FRAME bytes=79 checksum_ns=125 write_ns=84541 sync_ns=1090416
INSERT_PROFILE rows=1000 build_ns=282209 checks_ns=146334 embed_ns=448292 index_ns=138583 fts_ns=195791 maps_ns=39375
WAL_PACK rows=1000 elapsed_ns=298083
WAL_COLUMN rows=1000 field=body elapsed_ns=3458
WAL_CLASSIFY rows=1000 elapsed_ns=126292
WAL_COLUMN rows=1000 field=embedding elapsed_ns=674708
WAL_COLUMN rows=1000 field=hash elapsed_ns=5125
WAL_COLUMN rows=1000 field=id elapsed_ns=5917
WAL_COLUMN rows=1000 field=layer elapsed_ns=5000
WAL_COLUMN rows=1000 field=title elapsed_ns=4333
WAL_COLUMN rows=1000 field=ts elapsed_ns=917
WAL_COLUMN rows=1000 field=uri elapsed_ns=3334
WAL_COLUMN rows=1000 field=wing elapsed_ns=2958
WAL_ENCODE rows=1000 bytes=336968 elapsed_ns=803208
WAL_FRAME bytes=336968 checksum_ns=15792 write_ns=54833 sync_ns=773666
WAL_FRAME bytes=79 checksum_ns=167 write_ns=70125 sync_ns=1102292
INSERT_PROFILE rows=1000 build_ns=282000 checks_ns=141125 embed_ns=406500 index_ns=147916 fts_ns=181125 maps_ns=35584
WAL_PACK rows=1000 elapsed_ns=262750
WAL_COLUMN rows=1000 field=body elapsed_ns=3083
WAL_CLASSIFY rows=1000 elapsed_ns=123708
WAL_COLUMN rows=1000 field=embedding elapsed_ns=586917
WAL_COLUMN rows=1000 field=hash elapsed_ns=4875
WAL_COLUMN rows=1000 field=id elapsed_ns=8208
WAL_COLUMN rows=1000 field=layer elapsed_ns=3208
WAL_COLUMN rows=1000 field=title elapsed_ns=5375
WAL_COLUMN rows=1000 field=ts elapsed_ns=1750
WAL_COLUMN rows=1000 field=uri elapsed_ns=4334
WAL_COLUMN rows=1000 field=wing elapsed_ns=2875
WAL_ENCODE rows=1000 bytes=336968 elapsed_ns=716750
WAL_FRAME bytes=336968 checksum_ns=15542 write_ns=44459 sync_ns=518416
WAL_FRAME bytes=79 checksum_ns=209 write_ns=190209 sync_ns=414583
INSERT_PROFILE rows=1000 build_ns=288209 checks_ns=151375 embed_ns=411375 index_ns=131125 fts_ns=181208 maps_ns=37333
WAL_PACK rows=1000 elapsed_ns=267417
WAL_COLUMN rows=1000 field=body elapsed_ns=3292
WAL_CLASSIFY rows=1000 elapsed_ns=124083
WAL_COLUMN rows=1000 field=embedding elapsed_ns=569042
WAL_COLUMN rows=1000 field=hash elapsed_ns=4791
WAL_COLUMN rows=1000 field=id elapsed_ns=3625
WAL_COLUMN rows=1000 field=layer elapsed_ns=3250
WAL_COLUMN rows=1000 field=title elapsed_ns=3958
WAL_COLUMN rows=1000 field=ts elapsed_ns=750
WAL_COLUMN rows=1000 field=uri elapsed_ns=3292
WAL_COLUMN rows=1000 field=wing elapsed_ns=2833
WAL_ENCODE rows=1000 bytes=336968 elapsed_ns=688292
WAL_FRAME bytes=336968 checksum_ns=15792 write_ns=54541 sync_ns=877084
WAL_FRAME bytes=79 checksum_ns=167 write_ns=87375 sync_ns=828375
INSERT_PROFILE rows=1000 build_ns=287584 checks_ns=146834 embed_ns=422209 index_ns=138375 fts_ns=201833 maps_ns=38083
WAL_PACK rows=1000 elapsed_ns=290291
WAL_COLUMN rows=1000 field=body elapsed_ns=3334
WAL_CLASSIFY rows=1000 elapsed_ns=124750
WAL_COLUMN rows=1000 field=embedding elapsed_ns=634667
WAL_COLUMN rows=1000 field=hash elapsed_ns=4958
WAL_COLUMN rows=1000 field=id elapsed_ns=3917
WAL_COLUMN rows=1000 field=layer elapsed_ns=3459
WAL_COLUMN rows=1000 field=title elapsed_ns=4166
WAL_COLUMN rows=1000 field=ts elapsed_ns=1000
WAL_COLUMN rows=1000 field=uri elapsed_ns=3500
WAL_COLUMN rows=1000 field=wing elapsed_ns=2875
WAL_ENCODE rows=1000 bytes=336968 elapsed_ns=769083
WAL_FRAME bytes=336968 checksum_ns=16000 write_ns=54542 sync_ns=967916
WAL_FRAME bytes=79 checksum_ns=208 write_ns=68500 sync_ns=577167
INSERT_PROFILE rows=1000 build_ns=284209 checks_ns=162042 embed_ns=419583 index_ns=129084 fts_ns=187333 maps_ns=36500
WAL_PACK rows=1000 elapsed_ns=268125
WAL_COLUMN rows=1000 field=body elapsed_ns=3417
WAL_CLASSIFY rows=1000 elapsed_ns=125166
WAL_COLUMN rows=1000 field=embedding elapsed_ns=634750
WAL_COLUMN rows=1000 field=hash elapsed_ns=4917
WAL_COLUMN rows=1000 field=id elapsed_ns=3750
WAL_COLUMN rows=1000 field=layer elapsed_ns=3458
WAL_COLUMN rows=1000 field=title elapsed_ns=4167
WAL_COLUMN rows=1000 field=ts elapsed_ns=958
WAL_COLUMN rows=1000 field=uri elapsed_ns=3459
WAL_COLUMN rows=1000 field=wing elapsed_ns=3000
WAL_ENCODE rows=1000 bytes=336968 elapsed_ns=758791
WAL_FRAME bytes=336968 checksum_ns=15959 write_ns=50625 sync_ns=912500
WAL_FRAME bytes=79 checksum_ns=208 write_ns=83875 sync_ns=529833
INSERT_PROFILE rows=1000 build_ns=284417 checks_ns=150833 embed_ns=430000 index_ns=128542 fts_ns=188416 maps_ns=39417
WAL_PACK rows=1000 elapsed_ns=272416
WAL_COLUMN rows=1000 field=body elapsed_ns=3542
WAL_CLASSIFY rows=1000 elapsed_ns=124083
WAL_COLUMN rows=1000 field=embedding elapsed_ns=666167
WAL_COLUMN rows=1000 field=hash elapsed_ns=4917
WAL_COLUMN rows=1000 field=id elapsed_ns=4000
WAL_COLUMN rows=1000 field=layer elapsed_ns=3666
WAL_COLUMN rows=1000 field=title elapsed_ns=4375
WAL_COLUMN rows=1000 field=ts elapsed_ns=1417
WAL_COLUMN rows=1000 field=uri elapsed_ns=3458
WAL_COLUMN rows=1000 field=wing elapsed_ns=2917
WAL_ENCODE rows=1000 bytes=336968 elapsed_ns=792042
WAL_FRAME bytes=336968 checksum_ns=16209 write_ns=50416 sync_ns=832042
WAL_FRAME bytes=79 checksum_ns=208 write_ns=222833 sync_ns=484750
INSERT_PROFILE rows=1000 build_ns=289375 checks_ns=146834 embed_ns=430292 index_ns=136541 fts_ns=185917 maps_ns=36750
WAL_PACK rows=1000 elapsed_ns=256209
WAL_COLUMN rows=1000 field=body elapsed_ns=3458
WAL_CLASSIFY rows=1000 elapsed_ns=124125
WAL_COLUMN rows=1000 field=embedding elapsed_ns=649500
WAL_COLUMN rows=1000 field=hash elapsed_ns=4750
WAL_COLUMN rows=1000 field=id elapsed_ns=4667
WAL_COLUMN rows=1000 field=layer elapsed_ns=3375
WAL_COLUMN rows=1000 field=title elapsed_ns=4334
WAL_COLUMN rows=1000 field=ts elapsed_ns=750
WAL_COLUMN rows=1000 field=uri elapsed_ns=3541
WAL_COLUMN rows=1000 field=wing elapsed_ns=3000
WAL_ENCODE rows=1000 bytes=336968 elapsed_ns=776083
WAL_FRAME bytes=336968 checksum_ns=15625 write_ns=59167 sync_ns=700416
bench: compare/durable_insert_10k/lin — validating and calibrating
WAL_FRAME bytes=79 checksum_ns=125 write_ns=61125 sync_ns=597834
INSERT_PROFILE rows=10000 build_ns=2478542 checks_ns=1571875 embed_ns=6592875 index_ns=1383833 fts_ns=1827667 maps_ns=456459
WAL_PACK rows=10000 elapsed_ns=5463625
WAL_COLUMN rows=10000 field=body elapsed_ns=59458
WAL_CLASSIFY rows=10000 elapsed_ns=1643666
WAL_COLUMN rows=10000 field=embedding elapsed_ns=7170458
WAL_COLUMN rows=10000 field=hash elapsed_ns=61917
WAL_COLUMN rows=10000 field=id elapsed_ns=83500
WAL_COLUMN rows=10000 field=layer elapsed_ns=56333
WAL_COLUMN rows=10000 field=title elapsed_ns=60250
WAL_COLUMN rows=10000 field=ts elapsed_ns=11834
WAL_COLUMN rows=10000 field=uri elapsed_ns=45875
WAL_COLUMN rows=10000 field=wing elapsed_ns=35708
WAL_ENCODE rows=10000 bytes=3558340 elapsed_ns=7726375
WAL_FRAME bytes=3558340 checksum_ns=157417 write_ns=265291 sync_ns=1043458
WAL_FRAME bytes=79 checksum_ns=125 write_ns=79458 sync_ns=511250
INSERT_PROFILE rows=10000 build_ns=2020542 checks_ns=1555291 embed_ns=5532417 index_ns=1484708 fts_ns=1853250 maps_ns=557708
WAL_PACK rows=10000 elapsed_ns=4879375
WAL_COLUMN rows=10000 field=body elapsed_ns=65083
WAL_CLASSIFY rows=10000 elapsed_ns=1269917
WAL_COLUMN rows=10000 field=embedding elapsed_ns=6977458
WAL_COLUMN rows=10000 field=hash elapsed_ns=64667
WAL_COLUMN rows=10000 field=id elapsed_ns=87208
WAL_COLUMN rows=10000 field=layer elapsed_ns=56292
WAL_COLUMN rows=10000 field=title elapsed_ns=53625
WAL_COLUMN rows=10000 field=ts elapsed_ns=12625
WAL_COLUMN rows=10000 field=uri elapsed_ns=45167
WAL_COLUMN rows=10000 field=wing elapsed_ns=34209
WAL_ENCODE rows=10000 bytes=3558340 elapsed_ns=7629750
WAL_FRAME bytes=3558340 checksum_ns=157083 write_ns=287542 sync_ns=1025125
bench: compare/durable_insert_10k/lin — measuring 24 samples
WAL_FRAME bytes=79 checksum_ns=125 write_ns=68750 sync_ns=793416
INSERT_PROFILE rows=10000 build_ns=2593459 checks_ns=1900750 embed_ns=6805167 index_ns=1483583 fts_ns=1915750 maps_ns=607417
WAL_PACK rows=10000 elapsed_ns=4801083
WAL_COLUMN rows=10000 field=body elapsed_ns=54834
WAL_CLASSIFY rows=10000 elapsed_ns=1263000
WAL_COLUMN rows=10000 field=embedding elapsed_ns=6901375
WAL_COLUMN rows=10000 field=hash elapsed_ns=64334
WAL_COLUMN rows=10000 field=id elapsed_ns=91166
WAL_COLUMN rows=10000 field=layer elapsed_ns=63375
WAL_COLUMN rows=10000 field=title elapsed_ns=58125
WAL_COLUMN rows=10000 field=ts elapsed_ns=12291
WAL_COLUMN rows=10000 field=uri elapsed_ns=45709
WAL_COLUMN rows=10000 field=wing elapsed_ns=34708
WAL_ENCODE rows=10000 bytes=3558340 elapsed_ns=7483958
WAL_FRAME bytes=3558340 checksum_ns=157375 write_ns=249292 sync_ns=2081917
WAL_FRAME bytes=79 checksum_ns=208 write_ns=97833 sync_ns=1169084
INSERT_PROFILE rows=10000 build_ns=1888875 checks_ns=1760833 embed_ns=4299500 index_ns=1194000 fts_ns=1761042 maps_ns=495875
WAL_PACK rows=10000 elapsed_ns=2546667
WAL_COLUMN rows=10000 field=body elapsed_ns=50000
WAL_CLASSIFY rows=10000 elapsed_ns=1283417
WAL_COLUMN rows=10000 field=embedding elapsed_ns=6973916
WAL_COLUMN rows=10000 field=hash elapsed_ns=50875
WAL_COLUMN rows=10000 field=id elapsed_ns=116291
WAL_COLUMN rows=10000 field=layer elapsed_ns=67958
WAL_COLUMN rows=10000 field=title elapsed_ns=47875
WAL_COLUMN rows=10000 field=ts elapsed_ns=7542
WAL_COLUMN rows=10000 field=uri elapsed_ns=45625
WAL_COLUMN rows=10000 field=wing elapsed_ns=29750
WAL_ENCODE rows=10000 bytes=3558340 elapsed_ns=7528250
WAL_FRAME bytes=3558340 checksum_ns=157625 write_ns=319416 sync_ns=1407083
WAL_FRAME bytes=79 checksum_ns=167 write_ns=454959 sync_ns=823125
INSERT_PROFILE rows=10000 build_ns=1722417 checks_ns=1522458 embed_ns=4216125 index_ns=1218833 fts_ns=1864958 maps_ns=420542
WAL_PACK rows=10000 elapsed_ns=2282209
WAL_COLUMN rows=10000 field=body elapsed_ns=48250
WAL_CLASSIFY rows=10000 elapsed_ns=1307500
WAL_COLUMN rows=10000 field=embedding elapsed_ns=6631167
WAL_COLUMN rows=10000 field=hash elapsed_ns=49084
WAL_COLUMN rows=10000 field=id elapsed_ns=99708
WAL_COLUMN rows=10000 field=layer elapsed_ns=55458
WAL_COLUMN rows=10000 field=title elapsed_ns=44250
WAL_COLUMN rows=10000 field=ts elapsed_ns=7292
WAL_COLUMN rows=10000 field=uri elapsed_ns=36792
WAL_COLUMN rows=10000 field=wing elapsed_ns=29667
WAL_ENCODE rows=10000 bytes=3558340 elapsed_ns=7130125
WAL_FRAME bytes=3558340 checksum_ns=157250 write_ns=289000 sync_ns=1467167
WAL_FRAME bytes=79 checksum_ns=208 write_ns=76750 sync_ns=973667
INSERT_PROFILE rows=10000 build_ns=1911208 checks_ns=1683458 embed_ns=4177917 index_ns=1395167 fts_ns=1931583 maps_ns=573041
WAL_PACK rows=10000 elapsed_ns=2770458
WAL_COLUMN rows=10000 field=body elapsed_ns=51125
WAL_CLASSIFY rows=10000 elapsed_ns=1280917
WAL_COLUMN rows=10000 field=embedding elapsed_ns=6621500
WAL_COLUMN rows=10000 field=hash elapsed_ns=49208
WAL_COLUMN rows=10000 field=id elapsed_ns=97041
WAL_COLUMN rows=10000 field=layer elapsed_ns=55084
WAL_COLUMN rows=10000 field=title elapsed_ns=45750
WAL_COLUMN rows=10000 field=ts elapsed_ns=7500
WAL_COLUMN rows=10000 field=uri elapsed_ns=44500
WAL_COLUMN rows=10000 field=wing elapsed_ns=28917
WAL_ENCODE rows=10000 bytes=3558340 elapsed_ns=7142708
WAL_FRAME bytes=3558340 checksum_ns=170083 write_ns=287500 sync_ns=1394459
WAL_FRAME bytes=79 checksum_ns=250 write_ns=78625 sync_ns=594958
INSERT_PROFILE rows=10000 build_ns=1648792 checks_ns=1534708 embed_ns=4041875 index_ns=1339834 fts_ns=1797375 maps_ns=449167
WAL_PACK rows=10000 elapsed_ns=2328875
WAL_COLUMN rows=10000 field=body elapsed_ns=52458
WAL_CLASSIFY rows=10000 elapsed_ns=1274958
WAL_COLUMN rows=10000 field=embedding elapsed_ns=6589125
WAL_COLUMN rows=10000 field=hash elapsed_ns=50125
WAL_COLUMN rows=10000 field=id elapsed_ns=94958
WAL_COLUMN rows=10000 field=layer elapsed_ns=52417
WAL_COLUMN rows=10000 field=title elapsed_ns=44125
WAL_COLUMN rows=10000 field=ts elapsed_ns=7584
WAL_COLUMN rows=10000 field=uri elapsed_ns=44625
WAL_COLUMN rows=10000 field=wing elapsed_ns=28917
WAL_ENCODE rows=10000 bytes=3558340 elapsed_ns=7090875
WAL_FRAME bytes=3558340 checksum_ns=156916 write_ns=299083 sync_ns=1346625
WAL_FRAME bytes=79 checksum_ns=83 write_ns=80458 sync_ns=493958
INSERT_PROFILE rows=10000 build_ns=1614916 checks_ns=1587000 embed_ns=4327000 index_ns=1165583 fts_ns=1769416 maps_ns=405917
WAL_PACK rows=10000 elapsed_ns=2509000
WAL_COLUMN rows=10000 field=body elapsed_ns=60583
WAL_CLASSIFY rows=10000 elapsed_ns=1283375
WAL_COLUMN rows=10000 field=embedding elapsed_ns=6687292
WAL_COLUMN rows=10000 field=hash elapsed_ns=50167
WAL_COLUMN rows=10000 field=id elapsed_ns=85834
WAL_COLUMN rows=10000 field=layer elapsed_ns=58709
WAL_COLUMN rows=10000 field=title elapsed_ns=47458
WAL_COLUMN rows=10000 field=ts elapsed_ns=7458
WAL_COLUMN rows=10000 field=uri elapsed_ns=42583
WAL_COLUMN rows=10000 field=wing elapsed_ns=32417
WAL_ENCODE rows=10000 bytes=3558340 elapsed_ns=7206834
WAL_FRAME bytes=3558340 checksum_ns=157458 write_ns=321833 sync_ns=1177250
WAL_FRAME bytes=79 checksum_ns=84 write_ns=75917 sync_ns=1050916
INSERT_PROFILE rows=10000 build_ns=1986083 checks_ns=1702750 embed_ns=4151625 index_ns=1415042 fts_ns=1969417 maps_ns=505833
WAL_PACK rows=10000 elapsed_ns=2780334
WAL_COLUMN rows=10000 field=body elapsed_ns=52042
WAL_CLASSIFY rows=10000 elapsed_ns=1271667
WAL_COLUMN rows=10000 field=embedding elapsed_ns=6609250
WAL_COLUMN rows=10000 field=hash elapsed_ns=50208
WAL_COLUMN rows=10000 field=id elapsed_ns=75209
WAL_COLUMN rows=10000 field=layer elapsed_ns=50458
WAL_COLUMN rows=10000 field=title elapsed_ns=47125
WAL_COLUMN rows=10000 field=ts elapsed_ns=7459
WAL_COLUMN rows=10000 field=uri elapsed_ns=36625
WAL_COLUMN rows=10000 field=wing elapsed_ns=29125
WAL_ENCODE rows=10000 bytes=3558340 elapsed_ns=7087041
WAL_FRAME bytes=3558340 checksum_ns=158000 write_ns=345625 sync_ns=1771542
WAL_FRAME bytes=79 checksum_ns=291 write_ns=95417 sync_ns=558542
INSERT_PROFILE rows=10000 build_ns=1663625 checks_ns=1557125 embed_ns=4128958 index_ns=1163500 fts_ns=1742292 maps_ns=401667
WAL_PACK rows=10000 elapsed_ns=2448459
WAL_COLUMN rows=10000 field=body elapsed_ns=54708
WAL_CLASSIFY rows=10000 elapsed_ns=1289208
WAL_COLUMN rows=10000 field=embedding elapsed_ns=6465000
WAL_COLUMN rows=10000 field=hash elapsed_ns=48292
WAL_COLUMN rows=10000 field=id elapsed_ns=85917
WAL_COLUMN rows=10000 field=layer elapsed_ns=58458
WAL_COLUMN rows=10000 field=title elapsed_ns=43959
WAL_COLUMN rows=10000 field=ts elapsed_ns=8084
WAL_COLUMN rows=10000 field=uri elapsed_ns=36166
WAL_COLUMN rows=10000 field=wing elapsed_ns=29250
WAL_ENCODE rows=10000 bytes=3558340 elapsed_ns=6949042
WAL_FRAME bytes=3558340 checksum_ns=157167 write_ns=276667 sync_ns=1194917
WAL_FRAME bytes=79 checksum_ns=208 write_ns=72916 sync_ns=1051333
INSERT_PROFILE rows=10000 build_ns=1671667 checks_ns=1612625 embed_ns=3961500 index_ns=1285125 fts_ns=1855292 maps_ns=511250
WAL_PACK rows=10000 elapsed_ns=2378167
WAL_COLUMN rows=10000 field=body elapsed_ns=44875
WAL_CLASSIFY rows=10000 elapsed_ns=1263583
WAL_COLUMN rows=10000 field=embedding elapsed_ns=6643625
WAL_COLUMN rows=10000 field=hash elapsed_ns=48375
WAL_COLUMN rows=10000 field=id elapsed_ns=87333
WAL_COLUMN rows=10000 field=layer elapsed_ns=53375
WAL_COLUMN rows=10000 field=title elapsed_ns=43250
WAL_COLUMN rows=10000 field=ts elapsed_ns=7417
WAL_COLUMN rows=10000 field=uri elapsed_ns=44709
WAL_COLUMN rows=10000 field=wing elapsed_ns=28792
WAL_ENCODE rows=10000 bytes=3558340 elapsed_ns=7151542
WAL_FRAME bytes=3558340 checksum_ns=157333 write_ns=292625 sync_ns=1399583
WAL_FRAME bytes=79 checksum_ns=333 write_ns=62708 sync_ns=490167
INSERT_PROFILE rows=10000 build_ns=1653167 checks_ns=1575959 embed_ns=4056292 index_ns=1178333 fts_ns=1796791 maps_ns=428000
WAL_PACK rows=10000 elapsed_ns=2442667
WAL_COLUMN rows=10000 field=body elapsed_ns=42416
WAL_CLASSIFY rows=10000 elapsed_ns=1281666
WAL_COLUMN rows=10000 field=embedding elapsed_ns=6419500
WAL_COLUMN rows=10000 field=hash elapsed_ns=54459
WAL_COLUMN rows=10000 field=id elapsed_ns=87458
WAL_COLUMN rows=10000 field=layer elapsed_ns=58333
WAL_COLUMN rows=10000 field=title elapsed_ns=44041
WAL_COLUMN rows=10000 field=ts elapsed_ns=7625
WAL_COLUMN rows=10000 field=uri elapsed_ns=34958
WAL_COLUMN rows=10000 field=wing elapsed_ns=28625
WAL_ENCODE rows=10000 bytes=3558340 elapsed_ns=6902542
WAL_FRAME bytes=3558340 checksum_ns=157250 write_ns=275334 sync_ns=1157417
WAL_FRAME bytes=79 checksum_ns=333 write_ns=98000 sync_ns=508083
INSERT_PROFILE rows=10000 build_ns=1931667 checks_ns=1538000 embed_ns=4309333 index_ns=1156958 fts_ns=1869083 maps_ns=474666
WAL_PACK rows=10000 elapsed_ns=2979041
WAL_COLUMN rows=10000 field=body elapsed_ns=57958
WAL_CLASSIFY rows=10000 elapsed_ns=1287750
WAL_COLUMN rows=10000 field=embedding elapsed_ns=6512750
WAL_COLUMN rows=10000 field=hash elapsed_ns=51833
WAL_COLUMN rows=10000 field=id elapsed_ns=64083
WAL_COLUMN rows=10000 field=layer elapsed_ns=51791
WAL_COLUMN rows=10000 field=title elapsed_ns=44083
WAL_COLUMN rows=10000 field=ts elapsed_ns=7417
WAL_COLUMN rows=10000 field=uri elapsed_ns=35167
WAL_COLUMN rows=10000 field=wing elapsed_ns=28333
WAL_ENCODE rows=10000 bytes=3558340 elapsed_ns=6977167
WAL_FRAME bytes=3558340 checksum_ns=157500 write_ns=290042 sync_ns=1180333
WAL_FRAME bytes=79 checksum_ns=208 write_ns=74125 sync_ns=938292
INSERT_PROFILE rows=10000 build_ns=1795875 checks_ns=1761916 embed_ns=4186375 index_ns=1186167 fts_ns=1861708 maps_ns=564375
WAL_PACK rows=10000 elapsed_ns=2525833
WAL_COLUMN rows=10000 field=body elapsed_ns=46667
WAL_CLASSIFY rows=10000 elapsed_ns=1279084
WAL_COLUMN rows=10000 field=embedding elapsed_ns=6528125
WAL_COLUMN rows=10000 field=hash elapsed_ns=50667
WAL_COLUMN rows=10000 field=id elapsed_ns=68250
WAL_COLUMN rows=10000 field=layer elapsed_ns=48500
WAL_COLUMN rows=10000 field=title elapsed_ns=43333
WAL_COLUMN rows=10000 field=ts elapsed_ns=7375
WAL_COLUMN rows=10000 field=uri elapsed_ns=35542
WAL_COLUMN rows=10000 field=wing elapsed_ns=28541
WAL_ENCODE rows=10000 bytes=3558340 elapsed_ns=7003875
WAL_FRAME bytes=3558340 checksum_ns=157625 write_ns=291250 sync_ns=1333500
WAL_FRAME bytes=79 checksum_ns=250 write_ns=231250 sync_ns=971709
INSERT_PROFILE rows=10000 build_ns=1609709 checks_ns=1516917 embed_ns=4065375 index_ns=1148000 fts_ns=1786625 maps_ns=415416
WAL_PACK rows=10000 elapsed_ns=2382375
WAL_COLUMN rows=10000 field=body elapsed_ns=59709
WAL_CLASSIFY rows=10000 elapsed_ns=1299459
WAL_COLUMN rows=10000 field=embedding elapsed_ns=6413250
WAL_COLUMN rows=10000 field=hash elapsed_ns=51125
WAL_COLUMN rows=10000 field=id elapsed_ns=91709
WAL_COLUMN rows=10000 field=layer elapsed_ns=50708
WAL_COLUMN rows=10000 field=title elapsed_ns=44042
WAL_COLUMN rows=10000 field=ts elapsed_ns=7250
WAL_COLUMN rows=10000 field=uri elapsed_ns=36042
WAL_COLUMN rows=10000 field=wing elapsed_ns=28125
WAL_ENCODE rows=10000 bytes=3558340 elapsed_ns=6900917
WAL_FRAME bytes=3558340 checksum_ns=157125 write_ns=269834 sync_ns=1890875
WAL_FRAME bytes=79 checksum_ns=209 write_ns=88542 sync_ns=1055500
INSERT_PROFILE rows=10000 build_ns=1963833 checks_ns=1708208 embed_ns=4052958 index_ns=1243792 fts_ns=1885541 maps_ns=515042
WAL_PACK rows=10000 elapsed_ns=2738125
WAL_COLUMN rows=10000 field=body elapsed_ns=53667
WAL_CLASSIFY rows=10000 elapsed_ns=1293166
WAL_COLUMN rows=10000 field=embedding elapsed_ns=6450333
WAL_COLUMN rows=10000 field=hash elapsed_ns=51291
WAL_COLUMN rows=10000 field=id elapsed_ns=93208
WAL_COLUMN rows=10000 field=layer elapsed_ns=56041
WAL_COLUMN rows=10000 field=title elapsed_ns=43250
WAL_COLUMN rows=10000 field=ts elapsed_ns=7292
WAL_COLUMN rows=10000 field=uri elapsed_ns=36292
WAL_COLUMN rows=10000 field=wing elapsed_ns=28458
WAL_ENCODE rows=10000 bytes=3558340 elapsed_ns=6964250
WAL_FRAME bytes=3558340 checksum_ns=157125 write_ns=280083 sync_ns=1281334
WAL_FRAME bytes=79 checksum_ns=167 write_ns=95292 sync_ns=1198541
INSERT_PROFILE rows=10000 build_ns=1624250 checks_ns=1522834 embed_ns=4194375 index_ns=1319500 fts_ns=1775792 maps_ns=414791
WAL_PACK rows=10000 elapsed_ns=2351709
WAL_COLUMN rows=10000 field=body elapsed_ns=68792
WAL_CLASSIFY rows=10000 elapsed_ns=1312666
WAL_COLUMN rows=10000 field=embedding elapsed_ns=6682709
WAL_COLUMN rows=10000 field=hash elapsed_ns=48792
WAL_COLUMN rows=10000 field=id elapsed_ns=105916
WAL_COLUMN rows=10000 field=layer elapsed_ns=64459
WAL_COLUMN rows=10000 field=title elapsed_ns=46958
WAL_COLUMN rows=10000 field=ts elapsed_ns=7375
WAL_COLUMN rows=10000 field=uri elapsed_ns=62292
WAL_COLUMN rows=10000 field=wing elapsed_ns=33250
WAL_ENCODE rows=10000 bytes=3558340 elapsed_ns=7303083
WAL_FRAME bytes=3558340 checksum_ns=169084 write_ns=343625 sync_ns=1448292
WAL_FRAME bytes=79 checksum_ns=250 write_ns=84625 sync_ns=1078334
INSERT_PROFILE rows=10000 build_ns=1933291 checks_ns=1816500 embed_ns=4407333 index_ns=1321125 fts_ns=1938250 maps_ns=639708
WAL_PACK rows=10000 elapsed_ns=2785125
WAL_COLUMN rows=10000 field=body elapsed_ns=52792
WAL_CLASSIFY rows=10000 elapsed_ns=1282167
WAL_COLUMN rows=10000 field=embedding elapsed_ns=6477750
WAL_COLUMN rows=10000 field=hash elapsed_ns=48750
WAL_COLUMN rows=10000 field=id elapsed_ns=90541
WAL_COLUMN rows=10000 field=layer elapsed_ns=65292
WAL_COLUMN rows=10000 field=title elapsed_ns=47167
WAL_COLUMN rows=10000 field=ts elapsed_ns=7583
WAL_COLUMN rows=10000 field=uri elapsed_ns=37375
WAL_COLUMN rows=10000 field=wing elapsed_ns=29166
WAL_ENCODE rows=10000 bytes=3558340 elapsed_ns=7027042
WAL_FRAME bytes=3558340 checksum_ns=157084 write_ns=276416 sync_ns=1588042
WAL_FRAME bytes=79 checksum_ns=250 write_ns=93292 sync_ns=564416
INSERT_PROFILE rows=10000 build_ns=1686792 checks_ns=1618125 embed_ns=4418625 index_ns=1168500 fts_ns=1783791 maps_ns=411042
WAL_PACK rows=10000 elapsed_ns=2519750
WAL_COLUMN rows=10000 field=body elapsed_ns=60584
WAL_CLASSIFY rows=10000 elapsed_ns=1325083
WAL_COLUMN rows=10000 field=embedding elapsed_ns=6546333
WAL_COLUMN rows=10000 field=hash elapsed_ns=48291
WAL_COLUMN rows=10000 field=id elapsed_ns=79500
WAL_COLUMN rows=10000 field=layer elapsed_ns=43000
WAL_COLUMN rows=10000 field=title elapsed_ns=43166
WAL_COLUMN rows=10000 field=ts elapsed_ns=7250
WAL_COLUMN rows=10000 field=uri elapsed_ns=36791
WAL_COLUMN rows=10000 field=wing elapsed_ns=28833
WAL_ENCODE rows=10000 bytes=3558340 elapsed_ns=7005833
WAL_FRAME bytes=3558340 checksum_ns=157125 write_ns=308667 sync_ns=1423750
WAL_FRAME bytes=79 checksum_ns=125 write_ns=81541 sync_ns=567208
INSERT_PROFILE rows=10000 build_ns=1677250 checks_ns=1586958 embed_ns=4027292 index_ns=1262959 fts_ns=1917916 maps_ns=446625
WAL_PACK rows=10000 elapsed_ns=2391708
WAL_COLUMN rows=10000 field=body elapsed_ns=39959
WAL_CLASSIFY rows=10000 elapsed_ns=1268875
WAL_COLUMN rows=10000 field=embedding elapsed_ns=6641458
WAL_COLUMN rows=10000 field=hash elapsed_ns=48250
WAL_COLUMN rows=10000 field=id elapsed_ns=99833
WAL_COLUMN rows=10000 field=layer elapsed_ns=40375
WAL_COLUMN rows=10000 field=title elapsed_ns=43917
WAL_COLUMN rows=10000 field=ts elapsed_ns=7333
WAL_COLUMN rows=10000 field=uri elapsed_ns=35208
WAL_COLUMN rows=10000 field=wing elapsed_ns=28750
WAL_ENCODE rows=10000 bytes=3558340 elapsed_ns=7119083
WAL_FRAME bytes=3558340 checksum_ns=157375 write_ns=268584 sync_ns=1446792
WAL_FRAME bytes=79 checksum_ns=291 write_ns=92417 sync_ns=509375
INSERT_PROFILE rows=10000 build_ns=1638667 checks_ns=1528667 embed_ns=4195000 index_ns=1145208 fts_ns=1791917 maps_ns=413125
WAL_PACK rows=10000 elapsed_ns=2471208
WAL_COLUMN rows=10000 field=body elapsed_ns=54792
WAL_CLASSIFY rows=10000 elapsed_ns=1325125
WAL_COLUMN rows=10000 field=embedding elapsed_ns=6480709
WAL_COLUMN rows=10000 field=hash elapsed_ns=53250
WAL_COLUMN rows=10000 field=id elapsed_ns=92708
WAL_COLUMN rows=10000 field=layer elapsed_ns=59500
WAL_COLUMN rows=10000 field=title elapsed_ns=45708
WAL_COLUMN rows=10000 field=ts elapsed_ns=7250
WAL_COLUMN rows=10000 field=uri elapsed_ns=53125
WAL_COLUMN rows=10000 field=wing elapsed_ns=28667
WAL_ENCODE rows=10000 bytes=3558340 elapsed_ns=7010666
WAL_FRAME bytes=3558340 checksum_ns=167250 write_ns=305917 sync_ns=1099500
WAL_FRAME bytes=79 checksum_ns=83 write_ns=87458 sync_ns=525916
INSERT_PROFILE rows=10000 build_ns=1680792 checks_ns=1655542 embed_ns=4787833 index_ns=1175500 fts_ns=1875875 maps_ns=563125
WAL_PACK rows=10000 elapsed_ns=2335750
WAL_COLUMN rows=10000 field=body elapsed_ns=40875
WAL_CLASSIFY rows=10000 elapsed_ns=1281250
WAL_COLUMN rows=10000 field=embedding elapsed_ns=6609667
WAL_COLUMN rows=10000 field=hash elapsed_ns=51334
WAL_COLUMN rows=10000 field=id elapsed_ns=100166
WAL_COLUMN rows=10000 field=layer elapsed_ns=54625
WAL_COLUMN rows=10000 field=title elapsed_ns=44833
WAL_COLUMN rows=10000 field=ts elapsed_ns=7291
WAL_COLUMN rows=10000 field=uri elapsed_ns=44542
WAL_COLUMN rows=10000 field=wing elapsed_ns=29292
WAL_ENCODE rows=10000 bytes=3558340 elapsed_ns=7123541
WAL_FRAME bytes=3558340 checksum_ns=160584 write_ns=281917 sync_ns=1034291
WAL_FRAME bytes=79 checksum_ns=125 write_ns=75708 sync_ns=1030833
INSERT_PROFILE rows=10000 build_ns=1621334 checks_ns=1556167 embed_ns=4135250 index_ns=1145958 fts_ns=1800083 maps_ns=417208
WAL_PACK rows=10000 elapsed_ns=2348375
WAL_COLUMN rows=10000 field=body elapsed_ns=46709
WAL_CLASSIFY rows=10000 elapsed_ns=1326708
WAL_COLUMN rows=10000 field=embedding elapsed_ns=6468625
WAL_COLUMN rows=10000 field=hash elapsed_ns=48250
WAL_COLUMN rows=10000 field=id elapsed_ns=76416
WAL_COLUMN rows=10000 field=layer elapsed_ns=50791
WAL_COLUMN rows=10000 field=title elapsed_ns=47042
WAL_COLUMN rows=10000 field=ts elapsed_ns=7250
WAL_COLUMN rows=10000 field=uri elapsed_ns=44416
WAL_COLUMN rows=10000 field=wing elapsed_ns=28541
WAL_ENCODE rows=10000 bytes=3558340 elapsed_ns=6928959
WAL_FRAME bytes=3558340 checksum_ns=157583 write_ns=309750 sync_ns=1202500
WAL_FRAME bytes=79 checksum_ns=209 write_ns=88709 sync_ns=1006375
INSERT_PROFILE rows=10000 build_ns=1768584 checks_ns=1666584 embed_ns=4149084 index_ns=1254667 fts_ns=1804625 maps_ns=433625
WAL_PACK rows=10000 elapsed_ns=2358667
WAL_COLUMN rows=10000 field=body elapsed_ns=49458
WAL_CLASSIFY rows=10000 elapsed_ns=1301875
WAL_COLUMN rows=10000 field=embedding elapsed_ns=6774625
WAL_COLUMN rows=10000 field=hash elapsed_ns=49209
WAL_COLUMN rows=10000 field=id elapsed_ns=63167
WAL_COLUMN rows=10000 field=layer elapsed_ns=53666
WAL_COLUMN rows=10000 field=title elapsed_ns=45875
WAL_COLUMN rows=10000 field=ts elapsed_ns=7250
WAL_COLUMN rows=10000 field=uri elapsed_ns=35084
WAL_COLUMN rows=10000 field=wing elapsed_ns=28375
WAL_ENCODE rows=10000 bytes=3558340 elapsed_ns=7248500
WAL_FRAME bytes=3558340 checksum_ns=157625 write_ns=297333 sync_ns=1060834
WAL_FRAME bytes=79 checksum_ns=208 write_ns=76875 sync_ns=561167
INSERT_PROFILE rows=10000 build_ns=1992500 checks_ns=1683750 embed_ns=4156042 index_ns=1180459 fts_ns=1891125 maps_ns=542208
WAL_PACK rows=10000 elapsed_ns=2753750
WAL_COLUMN rows=10000 field=body elapsed_ns=56625
WAL_CLASSIFY rows=10000 elapsed_ns=1335167
WAL_COLUMN rows=10000 field=embedding elapsed_ns=6604000
WAL_COLUMN rows=10000 field=hash elapsed_ns=48125
WAL_COLUMN rows=10000 field=id elapsed_ns=100916
WAL_COLUMN rows=10000 field=layer elapsed_ns=46000
WAL_COLUMN rows=10000 field=title elapsed_ns=43125
WAL_COLUMN rows=10000 field=ts elapsed_ns=7500
WAL_COLUMN rows=10000 field=uri elapsed_ns=36084
WAL_COLUMN rows=10000 field=wing elapsed_ns=28708
WAL_ENCODE rows=10000 bytes=3558340 elapsed_ns=7114083
WAL_FRAME bytes=3558340 checksum_ns=157042 write_ns=284584 sync_ns=1131042
WAL_FRAME bytes=79 checksum_ns=250 write_ns=84541 sync_ns=543500
INSERT_PROFILE rows=10000 build_ns=1635834 checks_ns=1532709 embed_ns=4121959 index_ns=1217958 fts_ns=1783416 maps_ns=417959
WAL_PACK rows=10000 elapsed_ns=2333708
WAL_COLUMN rows=10000 field=body elapsed_ns=43583
WAL_CLASSIFY rows=10000 elapsed_ns=1299458
WAL_COLUMN rows=10000 field=embedding elapsed_ns=6494875
WAL_COLUMN rows=10000 field=hash elapsed_ns=48542
WAL_COLUMN rows=10000 field=id elapsed_ns=105625
WAL_COLUMN rows=10000 field=layer elapsed_ns=53666
WAL_COLUMN rows=10000 field=title elapsed_ns=43375
WAL_COLUMN rows=10000 field=ts elapsed_ns=7416
WAL_COLUMN rows=10000 field=uri elapsed_ns=44958
WAL_COLUMN rows=10000 field=wing elapsed_ns=29792
WAL_ENCODE rows=10000 bytes=3558340 elapsed_ns=6989459
WAL_FRAME bytes=3558340 checksum_ns=156833 write_ns=283125 sync_ns=1116041
WAL_FRAME bytes=79 checksum_ns=209 write_ns=93709 sync_ns=562000
INSERT_PROFILE rows=10000 build_ns=1897333 checks_ns=1587250 embed_ns=4562333 index_ns=1174792 fts_ns=1759666 maps_ns=456083
WAL_PACK rows=10000 elapsed_ns=2710958
WAL_COLUMN rows=10000 field=body elapsed_ns=49584
WAL_CLASSIFY rows=10000 elapsed_ns=1294250
WAL_COLUMN rows=10000 field=embedding elapsed_ns=6614291
WAL_COLUMN rows=10000 field=hash elapsed_ns=51250
WAL_COLUMN rows=10000 field=id elapsed_ns=92375
WAL_COLUMN rows=10000 field=layer elapsed_ns=66000
WAL_COLUMN rows=10000 field=title elapsed_ns=44833
WAL_COLUMN rows=10000 field=ts elapsed_ns=7333
WAL_COLUMN rows=10000 field=uri elapsed_ns=44542
WAL_COLUMN rows=10000 field=wing elapsed_ns=28541
WAL_ENCODE rows=10000 bytes=3558340 elapsed_ns=7128834
WAL_FRAME bytes=3558340 checksum_ns=157666 write_ns=376375 sync_ns=1232291
# bench 1791137225495647000-12885

Status: Complete

| Case | Metric | Median | Unit | Scope / statistic | Observations | Processes |
|---|---|---:|---|---|---:|---:|
| compare/durable_insert_1k/lin [candidate] | wall | 3169583.5000 | ns | current thread wall clock; scheduler included / batch_total | 24 | 1 |
| compare/durable_insert_10k/lin [candidate] | wall | 23175312.5000 | ns | current thread wall clock; scheduler included / batch_total | 24 | 1 |

# Useful work throughput

| Case | Median batch throughput | Unit |
|---|---:|---|
| compare/durable_insert_1k/lin [candidate] | 315504.2756 | rows/s |
| compare/durable_insert_10k/lin [candidate] | 431493.7131 | rows/s |

Derived from positive wall batches and declared units per operation; zero/unavailable durations omitted.

Medians above summarize observations, not pooled operation-latency percentiles. Comparisons aggregate within each process first.

- Raw batches are not independent process replications. Batch averages are not individual-operation latency. CPU frequency and background load are uncontrolled.

