skip postgres: no reachable server
  tried: postgresql://lin:lin@127.0.0.1:55432/lin (error connecting to server); postgresql://postgres@127.0.0.1:5432/postgres (error connecting to server)
  set LIN_BENCH_PG_URL or:
  docker compose -f docker-compose.bench.yml up -d postgres
  # brew postgresql@17 via Sources/ppduster macos-stack-postgres; start service for :5432
lin compare: N=10000 warm reads (fixture), bulk insert (schema outside timing)
engines: Lin | SQLite(rusqlite bundled) | DuckDB(bundled) | HashMap(point get only) | Postgres(skipped) | MySQL(mysql://lin:lin@127.0.0.1:53306/linbench_validate_61705)
airbug dash: http://127.0.0.1:8790/
Lin reads: prepare once / run many; filters use count (fair vs SQL COUNT(*));
substring: Lin `title ~ "wal" | count` vs SQL LIKE '%wal%' COUNT(*);
materialize: Lin `wing==rag | {id,title} | take all` vs SQL SELECT id,title;
join: 10000 orders ⋈ 1000 users (Lin run_batch SoA / cursor vs SQL INNER JOIN);
append_log: Lin `append facts` vs SQL INSERT INTO logs (append-only shape)
airbug dash: http://127.0.0.1:8790/#/bench
bench: compare/insert_bulk_1k/lin — validating and calibrating
bench: compare/insert_bulk_1k/lin — measuring 8 samples
bench: compare/insert_bulk_1k/sqlite — validating and calibrating
bench: compare/insert_bulk_1k/sqlite — measuring 8 samples
bench: compare/insert_native_1k/mysql_batch — validating and calibrating
bench: compare/insert_native_1k/mysql_batch — measuring 8 samples
bench: compare/insert_bulk_10k/lin — validating and calibrating
bench: compare/insert_bulk_10k/lin — measuring 8 samples
bench: compare/insert_bulk_10k/sqlite — validating and calibrating
bench: compare/insert_bulk_10k/sqlite — measuring 8 samples
bench: compare/insert_native_10k/mysql_batch — validating and calibrating
bench: compare/insert_native_10k/mysql_batch — measuring 8 samples
bench: compare/insert_native_1k/duckdb_appender — validating and calibrating
bench: compare/insert_native_1k/duckdb_appender — measuring 8 samples
bench: compare/insert_native_10k/duckdb_appender — validating and calibrating
bench: compare/insert_native_10k/duckdb_appender — measuring 8 samples
# bench 1790901242098656000-62075

Status: Complete

| Case | Metric | Median | Unit | Scope / statistic | Observations | Processes |
|---|---|---:|---|---|---:|---:|
| compare/insert_bulk_1k/lin [candidate] | wall | 913333.0000 | ns | current thread wall clock; scheduler included / batch_total | 8 | 1 |
| compare/insert_bulk_1k/sqlite [candidate] | wall | 787813.0000 | ns | current thread wall clock; scheduler included / batch_total | 8 | 1 |
| compare/insert_native_1k/mysql_batch [candidate] | wall | 5768562.5000 | ns | current thread wall clock; scheduler included / batch_total | 8 | 1 |
| compare/insert_bulk_10k/lin [candidate] | wall | 9489729.5000 | ns | current thread wall clock; scheduler included / batch_total | 8 | 1 |
| compare/insert_bulk_10k/sqlite [candidate] | wall | 10168708.5000 | ns | current thread wall clock; scheduler included / batch_total | 8 | 1 |
| compare/insert_native_10k/mysql_batch [candidate] | wall | 66315625.5000 | ns | current thread wall clock; scheduler included / batch_total | 8 | 1 |
| compare/insert_native_1k/duckdb_appender [candidate] | wall | 1162604.0000 | ns | current thread wall clock; scheduler included / batch_total | 8 | 1 |
| compare/insert_native_10k/duckdb_appender [candidate] | wall | 9927041.5000 | ns | current thread wall clock; scheduler included / batch_total | 8 | 1 |

# Useful work throughput

| Case | Median batch throughput | Unit |
|---|---:|---|
| compare/insert_bulk_1k/lin [candidate] | 1094891.9155 | rows/s |
| compare/insert_bulk_1k/sqlite [candidate] | 1269337.6123 | rows/s |
| compare/insert_native_1k/mysql_batch [candidate] | 173353.4180 | rows/s |
| compare/insert_bulk_10k/lin [candidate] | 1053788.0300 | rows/s |
| compare/insert_bulk_10k/sqlite [candidate] | 983409.0663 | rows/s |
| compare/insert_native_10k/mysql_batch [candidate] | 150794.4023 | rows/s |
| compare/insert_native_1k/duckdb_appender [candidate] | 860138.1661 | rows/s |
| compare/insert_native_10k/duckdb_appender [candidate] | 1007356.2704 | rows/s |

Derived from positive wall batches and declared units per operation; zero/unavailable durations omitted.

Medians above summarize observations, not pooled operation-latency percentiles. Comparisons aggregate within each process first.

- Raw batches are not independent process replications. Batch averages are not individual-operation latency. CPU frequency and background load are uncontrolled.
