skip postgres: no reachable server
  tried: postgresql://lin:lin@127.0.0.1:55432/lin (error connecting to server); postgresql://postgres@127.0.0.1:5432/postgres (error connecting to server)
  set LIN_BENCH_PG_URL or:
  docker compose -f docker-compose.bench.yml up -d postgres
  # brew postgresql@17 via Sources/ppduster macos-stack-postgres; start service for :5432
skip mysql: no reachable server
  tried: mysql://lin:lin@127.0.0.1:53306/lin (DriverError { Could not connect to address `127.0.0.1:53306': Connection refused (os error 61) }); mysql://dbill:dbill@127.0.0.1:33306/dbill_smoke (DriverError { Could not connect to address `127.0.0.1:33306': Connection refused (os error 61) })
  set LIN_BENCH_MYSQL_URL or:
  docker compose -f docker-compose.bench.yml up -d mysql
  # or sibling dbill: docker compose -f ../dbill/docker-compose.yml up -d mysql
lin compare: N=10000 warm reads (fixture), bulk insert (schema outside timing)
engines: Lin | SQLite(rusqlite bundled) | DuckDB(bundled) | HashMap(point get only) | Postgres(skipped) | MySQL(skipped)
airbug dash: http://127.0.0.1:8790/
Lin reads: prepare once / run many; filters use count (fair vs SQL COUNT(*));
substring: Lin `title ~ "wal" | count` vs SQL LIKE '%wal%' COUNT(*);
materialize: Lin `wing==rag | {id,title} | take all` vs SQL SELECT id,title;
join: 10000 orders ⋈ 1000 users (Lin run_batch SoA / cursor vs SQL INNER JOIN);
append_log: Lin `append facts` vs SQL INSERT INTO logs (append-only shape)
airbug dash: http://127.0.0.1:8790/#/bench
bench: compare/insert_bulk_1k/lin — validating and calibrating
bench: compare/insert_bulk_1k/lin — measuring 24 samples
bench: compare/insert_bulk_1k/sqlite — validating and calibrating
bench: compare/insert_bulk_1k/sqlite — measuring 24 samples
bench: compare/insert_bulk_10k/lin — validating and calibrating
bench: compare/insert_bulk_10k/lin — measuring 24 samples
bench: compare/insert_bulk_10k/sqlite — validating and calibrating
bench: compare/insert_bulk_10k/sqlite — measuring 24 samples
bench: compare/insert_native_1k/duckdb_appender — validating and calibrating
bench: compare/insert_native_1k/duckdb_appender — measuring 24 samples
bench: compare/insert_native_10k/duckdb_appender — validating and calibrating
bench: compare/insert_native_10k/duckdb_appender — measuring 24 samples
bench: compare/insert_phase_10k/lin_full — validating and calibrating
bench: compare/insert_phase_10k/lin_full — measuring 24 samples
bench: compare/insert_phase_10k/lin_no_embed — validating and calibrating
bench: compare/insert_phase_10k/lin_no_embed — measuring 24 samples
bench: compare/insert_phase_10k/lin_no_embed_no_scalar_index — validating and calibrating
bench: compare/insert_phase_10k/lin_no_embed_no_scalar_index — measuring 24 samples
bench: compare/insert_phase_10k/lin_no_embed_no_scalar_no_fts — validating and calibrating
bench: compare/insert_phase_10k/lin_no_embed_no_scalar_no_fts — measuring 24 samples
# bench 1790862045756273000-22863

Status: Complete

| Case | Metric | Median | Unit | Scope / statistic | Observations | Processes |
|---|---|---:|---|---|---:|---:|
| compare/insert_bulk_1k/lin [candidate] | wall | 1001625.0000 | ns | current thread wall clock; scheduler included / batch_total | 24 | 1 |
| compare/insert_bulk_1k/sqlite [candidate] | wall | 787896.0000 | ns | current thread wall clock; scheduler included / batch_total | 24 | 1 |
| compare/insert_bulk_10k/lin [candidate] | wall | 10646521.0000 | ns | current thread wall clock; scheduler included / batch_total | 24 | 1 |
| compare/insert_bulk_10k/sqlite [candidate] | wall | 10451708.0000 | ns | current thread wall clock; scheduler included / batch_total | 24 | 1 |
| compare/insert_native_1k/duckdb_appender [candidate] | wall | 1221958.0000 | ns | current thread wall clock; scheduler included / batch_total | 24 | 1 |
| compare/insert_native_10k/duckdb_appender [candidate] | wall | 10448562.5000 | ns | current thread wall clock; scheduler included / batch_total | 24 | 1 |
| compare/insert_phase_10k/lin_full [candidate] | wall | 11048958.5000 | ns | current thread wall clock; scheduler included / batch_total | 24 | 1 |
| compare/insert_phase_10k/lin_no_embed [candidate] | wall | 8652104.0000 | ns | current thread wall clock; scheduler included / batch_total | 24 | 1 |
| compare/insert_phase_10k/lin_no_embed_no_scalar_index [candidate] | wall | 6601771.0000 | ns | current thread wall clock; scheduler included / batch_total | 24 | 1 |
| compare/insert_phase_10k/lin_no_embed_no_scalar_no_fts [candidate] | wall | 5216625.0000 | ns | current thread wall clock; scheduler included / batch_total | 24 | 1 |

# Useful work throughput

| Case | Median batch throughput | Unit |
|---|---:|---|
| compare/insert_bulk_1k/lin [candidate] | 998377.6432 | rows/s |
| compare/insert_bulk_1k/sqlite [candidate] | 1269203.0856 | rows/s |
| compare/insert_bulk_10k/lin [candidate] | 939274.7432 | rows/s |
| compare/insert_bulk_10k/sqlite [candidate] | 956781.4862 | rows/s |
| compare/insert_native_1k/duckdb_appender [candidate] | 818358.7667 | rows/s |
| compare/insert_native_10k/duckdb_appender [candidate] | 957069.4694 | rows/s |
| compare/insert_phase_10k/lin_full [candidate] | 905064.3956 | rows/s |
| compare/insert_phase_10k/lin_no_embed [candidate] | 1160712.7627 | rows/s |
| compare/insert_phase_10k/lin_no_embed_no_scalar_index [candidate] | 1514745.1780 | rows/s |
| compare/insert_phase_10k/lin_no_embed_no_scalar_no_fts [candidate] | 1916948.9814 | rows/s |

Derived from positive wall batches and declared units per operation; zero/unavailable durations omitted.

Medians above summarize observations, not pooled operation-latency percentiles. Comparisons aggregate within each process first.

- Raw batches are not independent process replications. Batch averages are not individual-operation latency. CPU frequency and background load are uncontrolled.

