   Compiling lin v0.4.0 (/Users/themoretheless/Documents/Sources/lin)
warning: constant `BACKUP_MAGIC` is never used
  --> src/persist.rs:43:11
   |
43 | pub const BACKUP_MAGIC: [u8; 4] = *b"LIN\x04";
   |           ^^^^^^^^^^^^
   |
   = note: `#[warn(dead_code)]` (part of `#[warn(unused)]`) on by default

warning: `lin` (lib) generated 1 warning
    Finished `bench` profile [optimized] target(s) in 10.60s
warning: the following packages contain code that will be rejected by a future version of Rust: proc-macro-error2 v2.0.1
note: to see what the problems were, use the option `--future-incompat-report`, or run `cargo report future-incompatibilities --id 1`
     Running benches/compare.rs (target/release/build/lin/3e3c6f132e066553/out/compare-3e3c6f132e066553)
skip postgres: no reachable server
  tried: postgresql://lin:lin@127.0.0.1:55432/lin (error connecting to server); postgresql://postgres@127.0.0.1:5432/postgres (error connecting to server)
  set LIN_BENCH_PG_URL or:
  docker compose -f docker-compose.bench.yml up -d postgres
  # brew postgresql@17 via Sources/ppduster macos-stack-postgres; start service for :5432
skip mysql: no reachable server
  tried: mysql://lin:lin@127.0.0.1:53306/lin (DriverError { Could not connect to address `127.0.0.1:53306': Connection refused (os error 61) }); mysql://dbill:dbill@127.0.0.1:33306/dbill_smoke (DriverError { Could not connect to address `127.0.0.1:33306': Connection refused (os error 61) })
  set LIN_BENCH_MYSQL_URL or:
  docker compose -f docker-compose.bench.yml up -d mysql
  # or sibling dbill: docker compose -f ../dbill/docker-compose.yml up -d mysql
lin compare: N=10000 warm reads (fixture), bulk insert (schema outside timing)
engines: Lin | SQLite(rusqlite bundled) | DuckDB(bundled) | HashMap(point get only) | Postgres(skipped) | MySQL(skipped)
airbug dash: http://127.0.0.1:8790/
Lin reads: prepare once / run many; filters use count (fair vs SQL COUNT(*));
substring: Lin `title ~ "wal" | count` vs SQL LIKE '%wal%' COUNT(*);
materialize: Lin `wing==rag | {id,title} | take all` vs SQL SELECT id,title;
join: 10000 orders ⋈ 1000 users (Lin run_batch SoA / cursor vs SQL INNER JOIN);
append_log: Lin `append facts` vs SQL INSERT INTO logs (append-only shape)
airbug dash: http://127.0.0.1:8790/#/bench
bench: compare/insert_phase_10k/lin_full — validating and calibrating
bench: compare/insert_phase_10k/lin_full — measuring 12 samples
bench: compare/insert_phase_10k/lin_no_embed — validating and calibrating
bench: compare/insert_phase_10k/lin_no_embed — measuring 12 samples
bench: compare/insert_phase_10k/lin_no_embed_no_scalar_index — validating and calibrating
bench: compare/insert_phase_10k/lin_no_embed_no_scalar_index — measuring 12 samples
bench: compare/insert_phase_10k/lin_no_embed_no_scalar_no_fts — validating and calibrating
bench: compare/insert_phase_10k/lin_no_embed_no_scalar_no_fts — measuring 12 samples
# bench 1790842537039963000-30965

Status: Complete

| Case | Metric | Median | Unit | Scope / statistic | Observations | Processes |
|---|---|---:|---|---|---:|---:|
| compare/insert_phase_10k/lin_full [candidate] | wall | 12305187.5000 | ns | current thread wall clock; scheduler included / batch_total | 12 | 1 |
| compare/insert_phase_10k/lin_no_embed [candidate] | wall | 8097667.0000 | ns | current thread wall clock; scheduler included / batch_total | 12 | 1 |
| compare/insert_phase_10k/lin_no_embed_no_scalar_index [candidate] | wall | 7110042.0000 | ns | current thread wall clock; scheduler included / batch_total | 12 | 1 |
| compare/insert_phase_10k/lin_no_embed_no_scalar_no_fts [candidate] | wall | 5619542.0000 | ns | current thread wall clock; scheduler included / batch_total | 12 | 1 |

# Useful work throughput

| Case | Median batch throughput | Unit |
|---|---:|---|
| compare/insert_phase_10k/lin_full [candidate] | 812687.3312 | rows/s |
| compare/insert_phase_10k/lin_no_embed [candidate] | 1234931.6658 | rows/s |
| compare/insert_phase_10k/lin_no_embed_no_scalar_index [candidate] | 1406465.0260 | rows/s |
| compare/insert_phase_10k/lin_no_embed_no_scalar_no_fts [candidate] | 1779610.0688 | rows/s |

Derived from positive wall batches and declared units per operation; zero/unavailable durations omitted.

Medians above summarize observations, not pooled operation-latency percentiles. Comparisons aggregate within each process first.

- Raw batches are not independent process replications. Batch averages are not individual-operation latency. CPU frequency and background load are uncontrolled.

