   Compiling lin v0.4.0 (/Users/themoretheless/Documents/Sources/lin)
warning: constant `BACKUP_MAGIC` is never used
  --> src/persist.rs:43:11
   |
43 | pub const BACKUP_MAGIC: [u8; 4] = *b"LIN\x04";
   |           ^^^^^^^^^^^^
   |
   = note: `#[warn(dead_code)]` (part of `#[warn(unused)]`) on by default

warning: `lin` (lib) generated 1 warning
    Finished `bench` profile [optimized] target(s) in 7.56s
warning: the following packages contain code that will be rejected by a future version of Rust: proc-macro-error2 v2.0.1
note: to see what the problems were, use the option `--future-incompat-report`, or run `cargo report future-incompatibilities --id 1`
     Running benches/compare.rs (target/release/build/lin/3e3c6f132e066553/out/compare-3e3c6f132e066553)
skip postgres: no reachable server
  tried: postgresql://lin:lin@127.0.0.1:55432/lin (error connecting to server); postgresql://postgres@127.0.0.1:5432/postgres (error connecting to server)
  set LIN_BENCH_PG_URL or:
  docker compose -f docker-compose.bench.yml up -d postgres
  # brew postgresql@17 via Sources/ppduster macos-stack-postgres; start service for :5432
skip mysql: no reachable server
  tried: mysql://lin:lin@127.0.0.1:53306/lin (DriverError { Could not connect to address `127.0.0.1:53306': Connection refused (os error 61) }); mysql://dbill:dbill@127.0.0.1:33306/dbill_smoke (DriverError { Could not connect to address `127.0.0.1:33306': Connection refused (os error 61) })
  set LIN_BENCH_MYSQL_URL or:
  docker compose -f docker-compose.bench.yml up -d mysql
  # or sibling dbill: docker compose -f ../dbill/docker-compose.yml up -d mysql
lin compare: N=10000 warm reads (fixture), bulk insert (schema outside timing)
engines: Lin | SQLite(rusqlite bundled) | DuckDB(bundled) | HashMap(point get only) | Postgres(skipped) | MySQL(skipped)
airbug dash: http://127.0.0.1:8790/
Lin reads: prepare once / run many; filters use count (fair vs SQL COUNT(*));
substring: Lin `title ~ "wal" | count` vs SQL LIKE '%wal%' COUNT(*);
materialize: Lin `wing==rag | {id,title} | take all` vs SQL SELECT id,title;
join: 10000 orders ⋈ 1000 users (Lin run_batch SoA / cursor vs SQL INNER JOIN);
append_log: Lin `append facts` vs SQL INSERT INTO logs (append-only shape)
airbug dash: http://127.0.0.1:8790/#/bench
bench: compare/delete_1row_1k/lin — validating and calibrating
bench: compare/delete_1row_1k/lin — measuring 40 samples
bench: compare/delete_1row_1k/sqlite — validating and calibrating
bench: compare/delete_1row_1k/sqlite — measuring 40 samples
bench: compare/delete_1row_10k/lin — validating and calibrating
bench: compare/delete_1row_10k/lin — measuring 40 samples
bench: compare/delete_1row_10k/sqlite — validating and calibrating
bench: compare/delete_1row_10k/sqlite — measuring 40 samples
bench: compare/delete_1row_100k/lin — validating and calibrating
bench: compare/delete_1row_100k/lin — measuring 40 samples
bench: compare/delete_1row_100k/sqlite — validating and calibrating
bench: compare/delete_1row_100k/sqlite — measuring 40 samples
# bench 1790841266874377000-93176

Status: Complete

| Case | Metric | Median | Unit | Scope / statistic | Observations | Processes |
|---|---|---:|---|---|---:|---:|
| compare/delete_1row_1k/lin [candidate] | wall | 5500.0000 | ns | current thread wall clock; scheduler included / batch_total | 40 | 1 |
| compare/delete_1row_1k/sqlite [candidate] | wall | 3292.0000 | ns | current thread wall clock; scheduler included / batch_total | 40 | 1 |
| compare/delete_1row_10k/lin [candidate] | wall | 14959.0000 | ns | current thread wall clock; scheduler included / batch_total | 40 | 1 |
| compare/delete_1row_10k/sqlite [candidate] | wall | 10583.0000 | ns | current thread wall clock; scheduler included / batch_total | 40 | 1 |
| compare/delete_1row_100k/lin [candidate] | wall | 22083.5000 | ns | current thread wall clock; scheduler included / batch_total | 40 | 1 |
| compare/delete_1row_100k/sqlite [candidate] | wall | 19146.0000 | ns | current thread wall clock; scheduler included / batch_total | 40 | 1 |

# Useful work throughput

| Case | Median batch throughput | Unit |
|---|---:|---|
| compare/delete_1row_1k/lin [candidate] | 181828.7850 | stmts/s |
| compare/delete_1row_1k/sqlite [candidate] | 303766.7072 | stmts/s |
| compare/delete_1row_10k/lin [candidate] | 66849.3883 | stmts/s |
| compare/delete_1row_10k/sqlite [candidate] | 94496.9775 | stmts/s |
| compare/delete_1row_100k/lin [candidate] | 45288.4580 | stmts/s |
| compare/delete_1row_100k/sqlite [candidate] | 52233.2682 | stmts/s |

Derived from positive wall batches and declared units per operation; zero/unavailable durations omitted.

Medians above summarize observations, not pooled operation-latency percentiles. Comparisons aggregate within each process first.

- Raw batches are not independent process replications. Batch averages are not individual-operation latency. CPU frequency and background load are uncontrolled.

- compare/delete_1row_1k/lin: some samples below half the requested duration; iteration cap or workload drift may limit precision

- compare/delete_1row_1k/sqlite: some samples below half the requested duration; iteration cap or workload drift may limit precision

- compare/delete_1row_10k/lin: some samples below half the requested duration; iteration cap or workload drift may limit precision

- compare/delete_1row_10k/sqlite: some samples below half the requested duration; iteration cap or workload drift may limit precision

- compare/delete_1row_100k/lin: some samples below half the requested duration; iteration cap or workload drift may limit precision

- compare/delete_1row_100k/sqlite: some samples below half the requested duration; iteration cap or workload drift may limit precision

