skip postgres: no reachable server
  tried: postgresql://lin:lin@127.0.0.1:55432/lin (error connecting to server); postgresql://postgres@127.0.0.1:5432/postgres (error connecting to server)
  set LIN_BENCH_PG_URL or:
  docker compose -f docker-compose.bench.yml up -d postgres
  # brew postgresql@17 via Sources/ppduster macos-stack-postgres; start service for :5432
skip mysql: no reachable server
  tried: mysql://lin:lin@127.0.0.1:53306/lin (DriverError { Could not connect to address `127.0.0.1:53306': Connection refused (os error 61) }); mysql://dbill:dbill@127.0.0.1:33306/dbill_smoke (DriverError { Could not connect to address `127.0.0.1:33306': Connection refused (os error 61) })
  set LIN_BENCH_MYSQL_URL or:
  docker compose -f docker-compose.bench.yml up -d mysql
  # or sibling dbill: docker compose -f ../dbill/docker-compose.yml up -d mysql
lin compare: N=10000 warm reads (fixture), bulk insert (schema outside timing)
engines: Lin | SQLite(rusqlite bundled) | DuckDB(bundled) | HashMap(point get only) | Postgres(skipped) | MySQL(skipped)
airbug dash: http://127.0.0.1:8790/
Lin reads: prepare once / run many; filters use count (fair vs SQL COUNT(*));
substring: Lin `title ~ "wal" | count` vs SQL LIKE '%wal%' COUNT(*);
materialize: Lin `wing==rag | {id,title} | take all` vs SQL SELECT id,title;
join: 10000 orders ⋈ 1000 users (Lin run_batch SoA / cursor vs SQL INNER JOIN);
append_log: Lin `append facts` vs SQL INSERT INTO logs (append-only shape)
airbug dash: http://127.0.0.1:8790/#/bench
bench: compare/insert_phase_10k/lin_full — validating and calibrating
bench: compare/insert_phase_10k/lin_full — measuring 16 samples
bench: compare/insert_phase_10k/lin_no_embed — validating and calibrating
bench: compare/insert_phase_10k/lin_no_embed — measuring 16 samples
bench: compare/insert_phase_10k/lin_no_embed_no_scalar_index — validating and calibrating
bench: compare/insert_phase_10k/lin_no_embed_no_scalar_index — measuring 16 samples
bench: compare/insert_phase_10k/lin_no_embed_no_scalar_no_fts — validating and calibrating
bench: compare/insert_phase_10k/lin_no_embed_no_scalar_no_fts — measuring 16 samples
# bench 1790847553941288000-76493

Status: Complete

| Case | Metric | Median | Unit | Scope / statistic | Observations | Processes |
|---|---|---:|---|---|---:|---:|
| compare/insert_phase_10k/lin_full [candidate] | wall | 12405854.0000 | ns | current thread wall clock; scheduler included / batch_total | 16 | 1 |
| compare/insert_phase_10k/lin_no_embed [candidate] | wall | 8507208.5000 | ns | current thread wall clock; scheduler included / batch_total | 16 | 1 |
| compare/insert_phase_10k/lin_no_embed_no_scalar_index [candidate] | wall | 7936437.5000 | ns | current thread wall clock; scheduler included / batch_total | 16 | 1 |
| compare/insert_phase_10k/lin_no_embed_no_scalar_no_fts [candidate] | wall | 6167438.0000 | ns | current thread wall clock; scheduler included / batch_total | 16 | 1 |

# Useful work throughput

| Case | Median batch throughput | Unit |
|---|---:|---|
| compare/insert_phase_10k/lin_full [candidate] | 806097.0861 | rows/s |
| compare/insert_phase_10k/lin_no_embed [candidate] | 1175489.4103 | rows/s |
| compare/insert_phase_10k/lin_no_embed_no_scalar_index [candidate] | 1260012.0772 | rows/s |
| compare/insert_phase_10k/lin_no_embed_no_scalar_no_fts [candidate] | 1621441.4040 | rows/s |

Derived from positive wall batches and declared units per operation; zero/unavailable durations omitted.

Medians above summarize observations, not pooled operation-latency percentiles. Comparisons aggregate within each process first.

- Raw batches are not independent process replications. Batch averages are not individual-operation latency. CPU frequency and background load are uncontrolled.

