warning: constant `BACKUP_MAGIC` is never used
  --> src/persist.rs:43:11
   |
43 | pub const BACKUP_MAGIC: [u8; 4] = *b"LIN\x04";
   |           ^^^^^^^^^^^^
   |
   = note: `#[warn(dead_code)]` (part of `#[warn(unused)]`) on by default

warning: `lin` (lib) generated 1 warning
    Finished `bench` profile [optimized] target(s) in 0.14s
warning: the following packages contain code that will be rejected by a future version of Rust: proc-macro-error2 v2.0.1
note: to see what the problems were, use the option `--future-incompat-report`, or run `cargo report future-incompatibilities --id 1`
     Running benches/compare.rs (target/release/build/lin/6d633ee837827fae/out/compare-6d633ee837827fae)
skip postgres: no reachable server
  tried: postgresql://lin:lin@127.0.0.1:55432/lin (error connecting to server); postgresql://postgres@127.0.0.1:5432/postgres (error connecting to server)
  set LIN_BENCH_PG_URL or:
  docker compose -f docker-compose.bench.yml up -d postgres
  # brew postgresql@17 via Sources/ppduster macos-stack-postgres; start service for :5432
skip mysql: no reachable server
  tried: mysql://lin:lin@127.0.0.1:53306/lin (DriverError { Could not connect to address `127.0.0.1:53306': Connection refused (os error 61) }); mysql://dbill:dbill@127.0.0.1:33306/dbill_smoke (DriverError { Could not connect to address `127.0.0.1:33306': Connection refused (os error 61) })
  set LIN_BENCH_MYSQL_URL or:
  docker compose -f docker-compose.bench.yml up -d mysql
  # or sibling dbill: docker compose -f ../dbill/docker-compose.yml up -d mysql
lin compare: N=10000 warm reads (fixture), bulk insert (schema outside timing)
engines: Lin | SQLite(rusqlite bundled) | DuckDB(bundled) | HashMap(point get only) | Postgres(skipped) | MySQL(skipped)
airbug dash: http://127.0.0.1:8790/
Lin reads: prepare once / run many; filters use count (fair vs SQL COUNT(*));
substring: Lin `title ~ "wal" | count` vs SQL LIKE '%wal%' COUNT(*);
materialize: Lin `wing==rag | {id,title} | take all` vs SQL SELECT id,title;
join: 10000 orders ⋈ 1000 users (Lin run_batch SoA / cursor vs SQL INNER JOIN);
append_log: Lin `append facts` vs SQL INSERT INTO logs (append-only shape)
airbug dash: http://127.0.0.1:8790/#/bench
bench: compare/insert_bulk_1k/lin — validating and calibrating
bench: compare/insert_bulk_1k/lin — measuring 12 samples
bench: compare/insert_bulk_1k/sqlite — validating and calibrating
bench: compare/insert_bulk_1k/sqlite — measuring 12 samples
bench: compare/insert_bulk_10k/lin — validating and calibrating
bench: compare/insert_bulk_10k/lin — measuring 12 samples
bench: compare/insert_bulk_10k/sqlite — validating and calibrating
bench: compare/insert_bulk_10k/sqlite — measuring 12 samples
bench: compare/insert_native_1k/duckdb_appender — validating and calibrating
bench: compare/insert_native_1k/duckdb_appender — measuring 12 samples
bench: compare/insert_native_10k/duckdb_appender — validating and calibrating
bench: compare/insert_native_10k/duckdb_appender — measuring 12 samples
# bench 1790847009934918000-54280

Status: Complete

| Case | Metric | Median | Unit | Scope / statistic | Observations | Processes |
|---|---|---:|---|---|---:|---:|
| compare/insert_bulk_1k/lin [candidate] | wall | 1107375.0000 | ns | current thread wall clock; scheduler included / batch_total | 12 | 1 |
| compare/insert_bulk_1k/sqlite [candidate] | wall | 814167.0000 | ns | current thread wall clock; scheduler included / batch_total | 12 | 1 |
| compare/insert_bulk_10k/lin [candidate] | wall | 12280812.0000 | ns | current thread wall clock; scheduler included / batch_total | 12 | 1 |
| compare/insert_bulk_10k/sqlite [candidate] | wall | 10425937.5000 | ns | current thread wall clock; scheduler included / batch_total | 12 | 1 |
| compare/insert_native_1k/duckdb_appender [candidate] | wall | 1203562.5000 | ns | current thread wall clock; scheduler included / batch_total | 12 | 1 |
| compare/insert_native_10k/duckdb_appender [candidate] | wall | 10393667.0000 | ns | current thread wall clock; scheduler included / batch_total | 12 | 1 |

# Useful work throughput

| Case | Median batch throughput | Unit |
|---|---:|---|
| compare/insert_bulk_1k/lin [candidate] | 903042.0292 | rows/s |
| compare/insert_bulk_1k/sqlite [candidate] | 1228265.4542 | rows/s |
| compare/insert_bulk_10k/lin [candidate] | 814302.5360 | rows/s |
| compare/insert_bulk_10k/sqlite [candidate] | 959146.7896 | rows/s |
| compare/insert_native_1k/duckdb_appender [candidate] | 830875.0350 | rows/s |
| compare/insert_native_10k/duckdb_appender [candidate] | 962126.4566 | rows/s |

Derived from positive wall batches and declared units per operation; zero/unavailable durations omitted.

Medians above summarize observations, not pooled operation-latency percentiles. Comparisons aggregate within each process first.

- Raw batches are not independent process replications. Batch averages are not individual-operation latency. CPU frequency and background load are uncontrolled.

