Independent process 1/3
1/1 point_get/lin: 0.654 µs
1/1 filter_eq/lin: 1.729 µs
1/1 text_substr/lin: 594.308 µs
1/1 materialize/lin: 11101.500 µs
1/1 join_inner/lin: 32201.437 µs
1/1 join_filter/lin: 17884.292 µs
1/1 point_get/sqlite: 2.753 µs
1/1 filter_eq/sqlite: 1824.792 µs
1/1 text_substr/sqlite: 8011.771 µs
1/1 materialize/sqlite: 49893.041 µs
1/1 join_inner/sqlite: 112474.667 µs
1/1 join_filter/sqlite: 51069.104 µs
1/1 point_get/duckdb: 50.562 µs
1/1 filter_eq/duckdb: 604.941 µs
1/1 text_substr/duckdb: 685.768 µs
1/1 materialize/duckdb: 17471.875 µs
1/1 join_inner/duckdb: 40759.730 µs
1/1 join_filter/duckdb: 20684.438 µs
1/1 point_get/postgres: 815.600 µs
1/1 filter_eq/postgres: 6108.604 µs
1/1 text_substr/postgres: 10056.187 µs
1/1 materialize/postgres: 38834.938 µs
1/1 join_inner/postgres: 89927.417 µs
1/1 join_filter/postgres: 46608.792 µs
1/1 point_get/mysql: 508.266 µs
1/1 filter_eq/mysql: 5920.125 µs
1/1 text_substr/mysql: 15141.500 µs
1/1 materialize/mysql: 126736.270 µs
1/1 join_inner/mysql: 281144.834 µs
1/1 join_filter/mysql: 130725.958 µs
1/1 point_get/mongo: 559.562 µs
1/1 filter_eq/mongo: 5855.542 µs
1/1 text_substr/mongo: 34080.626 µs
1/1 materialize/mongo: 60492.562 µs
1/1 join_inner/mongo: 1604608.021 µs
1/1 join_filter/mongo: 800984.397 µs
mssql: unavailable/failed (RuntimeError)
kusto: unavailable/failed (RuntimeError)
1/1 point_get/pandas: 6.308 µs
1/1 filter_eq/pandas: 3249.542 µs
1/1 text_substr/pandas: 6580.083 µs
1/1 materialize/pandas: 24110.438 µs
1/1 join_inner/pandas: 50187.376 µs
1/1 join_filter/pandas: 26087.541 µs
Independent process 2/3
1/1 point_get/sqlite: 1.357 µs
1/1 filter_eq/sqlite: 962.304 µs
1/1 text_substr/sqlite: 4856.417 µs
1/1 materialize/sqlite: 29434.209 µs
1/1 join_inner/sqlite: 72041.563 µs
1/1 join_filter/sqlite: 35326.438 µs
1/1 point_get/duckdb: 48.574 µs
1/1 filter_eq/duckdb: 584.706 µs
1/1 text_substr/duckdb: 633.938 µs
1/1 materialize/duckdb: 16849.250 µs
1/1 join_inner/duckdb: 40100.812 µs
1/1 join_filter/duckdb: 19921.729 µs
1/1 point_get/postgres: 327.365 µs
1/1 filter_eq/postgres: 3246.292 µs
1/1 text_substr/postgres: 7115.333 µs
1/1 materialize/postgres: 23401.791 µs
1/1 join_inner/postgres: 61243.896 µs
1/1 join_filter/postgres: 32633.562 µs
1/1 point_get/mysql: 423.639 µs
1/1 filter_eq/mysql: 4613.479 µs
1/1 text_substr/mysql: 13164.292 µs
1/1 materialize/mysql: 118855.792 µs
1/1 join_inner/mysql: 236651.187 µs
1/1 join_filter/mysql: 127174.042 µs
1/1 point_get/mongo: 554.390 µs
1/1 filter_eq/mongo: 5412.083 µs
1/1 text_substr/mongo: 32691.688 µs
1/1 materialize/mongo: 59779.291 µs
1/1 join_inner/mongo: 1584562.354 µs
1/1 join_filter/mongo: 826456.833 µs
mssql: unavailable/failed (RuntimeError)
kusto: unavailable/failed (RuntimeError)
1/1 point_get/pandas: 6.277 µs
1/1 filter_eq/pandas: 3151.688 µs
1/1 text_substr/pandas: 6369.270 µs
1/1 materialize/pandas: 24208.084 µs
1/1 join_inner/pandas: 49905.979 µs
1/1 join_filter/pandas: 25972.791 µs
1/1 point_get/lin: 0.368 µs
1/1 filter_eq/lin: 0.958 µs
1/1 text_substr/lin: 285.195 µs
1/1 materialize/lin: 6849.521 µs
1/1 join_inner/lin: 18663.791 µs
1/1 join_filter/lin: 9218.959 µs
Independent process 3/3
1/1 point_get/duckdb: 100.221 µs
1/1 filter_eq/duckdb: 948.758 µs
1/1 text_substr/duckdb: 906.179 µs
1/1 materialize/duckdb: 23660.188 µs
1/1 join_inner/duckdb: 58360.417 µs
1/1 join_filter/duckdb: 21802.833 µs
1/1 point_get/postgres: 572.190 µs
1/1 filter_eq/postgres: 4098.896 µs
1/1 text_substr/postgres: 9152.938 µs
1/1 materialize/postgres: 31799.542 µs
1/1 join_inner/postgres: 96616.875 µs
1/1 join_filter/postgres: 59599.813 µs
1/1 point_get/mysql: 585.573 µs
1/1 filter_eq/mysql: 5311.062 µs
1/1 text_substr/mysql: 16170.271 µs
1/1 materialize/mysql: 161253.250 µs
1/1 join_inner/mysql: 380077.605 µs
1/1 join_filter/mysql: 169944.166 µs
1/1 point_get/mongo: 1065.437 µs
1/1 filter_eq/mongo: 7122.687 µs
1/1 text_substr/mongo: 39759.896 µs
1/1 materialize/mongo: 76231.667 µs
1/1 join_inner/mongo: 1690539.604 µs
1/1 join_filter/mongo: 1089726.062 µs
mssql: unavailable/failed (RuntimeError)
kusto: unavailable/failed (RuntimeError)
1/1 point_get/pandas: 9.965 µs
1/1 filter_eq/pandas: 4577.375 µs
1/1 text_substr/pandas: 8068.105 µs
1/1 materialize/pandas: 42878.605 µs
1/1 join_inner/pandas: 65401.374 µs
1/1 join_filter/pandas: 44331.854 µs
1/1 point_get/lin: 0.655 µs
1/1 filter_eq/lin: 1.688 µs
1/1 text_substr/lin: 502.368 µs
1/1 materialize/lin: 13045.188 µs
1/1 join_inner/lin: 26440.583 µs
1/1 join_filter/lin: 19085.105 µs
1/1 point_get/sqlite: 1.952 µs
1/1 filter_eq/sqlite: 1297.646 µs
1/1 text_substr/sqlite: 8501.458 µs
1/1 materialize/sqlite: 47016.959 µs
1/1 join_inner/sqlite: 154655.541 µs
1/1 join_filter/sqlite: 65138.145 µs
