Independent process 1/3
1/1 point_get/lin: 0.391 µs
1/1 filter_eq/lin: 0.969 µs
1/1 text_substr/lin: 3.006 µs
1/1 materialize/lin: 57.797 µs
1/1 join_inner/lin: 177.385 µs
1/1 join_filter/lin: 96.071 µs
1/1 point_get/sqlite: 1.332 µs
1/1 filter_eq/sqlite: 10.550 µs
1/1 text_substr/sqlite: 44.924 µs
1/1 materialize/sqlite: 234.039 µs
1/1 join_inner/sqlite: 547.576 µs
1/1 join_filter/sqlite: 281.086 µs
1/1 point_get/duckdb: 45.556 µs
1/1 filter_eq/duckdb: 172.333 µs
1/1 text_substr/duckdb: 80.451 µs
1/1 materialize/duckdb: 417.441 µs
1/1 join_inner/duckdb: 502.206 µs
1/1 join_filter/duckdb: 330.298 µs
1/1 point_get/postgres: 302.243 µs
1/1 filter_eq/postgres: 352.198 µs
1/1 text_substr/postgres: 385.495 µs
1/1 materialize/postgres: 505.781 µs
1/1 join_inner/postgres: 789.892 µs
1/1 join_filter/postgres: 609.573 µs
1/1 point_get/mysql: 361.570 µs
1/1 filter_eq/mysql: 399.786 µs
1/1 text_substr/mysql: 464.345 µs
1/1 materialize/mysql: 1586.250 µs
1/1 join_inner/mysql: 2983.521 µs
1/1 join_filter/mysql: 1755.156 µs
1/1 point_get/mongo: 486.807 µs
1/1 filter_eq/mongo: 563.192 µs
1/1 text_substr/mongo: 878.312 µs
1/1 materialize/mongo: 1518.472 µs
1/1 join_inner/mongo: 18301.292 µs
1/1 join_filter/mongo: 9716.979 µs
mssql: unavailable/failed (RuntimeError)
kusto: unavailable/failed (RuntimeError)
1/1 point_get/pandas: 6.517 µs
1/1 filter_eq/pandas: 80.300 µs
1/1 text_substr/pandas: 108.748 µs
1/1 materialize/pandas: 546.930 µs
1/1 join_inner/pandas: 992.458 µs
1/1 join_filter/pandas: 909.629 µs
Independent process 2/3
1/1 point_get/sqlite: 1.311 µs
1/1 filter_eq/sqlite: 10.678 µs
1/1 text_substr/sqlite: 44.849 µs
1/1 materialize/sqlite: 237.482 µs
1/1 join_inner/sqlite: 550.146 µs
1/1 join_filter/sqlite: 282.299 µs
1/1 point_get/duckdb: 50.659 µs
1/1 filter_eq/duckdb: 186.751 µs
1/1 text_substr/duckdb: 84.870 µs
1/1 materialize/duckdb: 401.016 µs
1/1 join_inner/duckdb: 484.254 µs
1/1 join_filter/duckdb: 330.324 µs
1/1 point_get/postgres: 404.178 µs
1/1 filter_eq/postgres: 436.203 µs
1/1 text_substr/postgres: 466.361 µs
1/1 materialize/postgres: 594.824 µs
1/1 join_inner/postgres: 1339.271 µs
1/1 join_filter/postgres: 1236.930 µs
1/1 point_get/mysql: 997.583 µs
1/1 filter_eq/mysql: 815.075 µs
1/1 text_substr/mysql: 881.046 µs
1/1 materialize/mysql: 2844.875 µs
1/1 join_inner/mysql: 5524.021 µs
1/1 join_filter/mysql: 3918.188 µs
1/1 point_get/mongo: 645.029 µs
1/1 filter_eq/mongo: 685.619 µs
1/1 text_substr/mongo: 904.604 µs
1/1 materialize/mongo: 1679.511 µs
1/1 join_inner/mongo: 19176.020 µs
1/1 join_filter/mongo: 10580.938 µs
mssql: unavailable/failed (RuntimeError)
kusto: unavailable/failed (RuntimeError)
1/1 point_get/pandas: 6.372 µs
1/1 filter_eq/pandas: 93.113 µs
1/1 text_substr/pandas: 138.622 µs
1/1 materialize/pandas: 709.057 µs
1/1 join_inner/pandas: 1536.695 µs
1/1 join_filter/pandas: 1316.375 µs
1/1 point_get/lin: 0.615 µs
1/1 filter_eq/lin: 1.585 µs
1/1 text_substr/lin: 4.225 µs
1/1 materialize/lin: 94.135 µs
1/1 join_inner/lin: 245.506 µs
1/1 join_filter/lin: 122.940 µs
Independent process 3/3
1/1 point_get/duckdb: 46.135 µs
1/1 filter_eq/duckdb: 173.151 µs
1/1 text_substr/duckdb: 76.722 µs
1/1 materialize/duckdb: 398.965 µs
1/1 join_inner/duckdb: 502.391 µs
1/1 join_filter/duckdb: 334.313 µs
1/1 point_get/postgres: 314.640 µs
1/1 filter_eq/postgres: 352.616 µs
1/1 text_substr/postgres: 376.133 µs
1/1 materialize/postgres: 503.893 µs
1/1 join_inner/postgres: 793.167 µs
1/1 join_filter/postgres: 585.112 µs
1/1 point_get/mysql: 360.161 µs
1/1 filter_eq/mysql: 403.693 µs
1/1 text_substr/mysql: 489.260 µs
1/1 materialize/mysql: 1725.761 µs
1/1 join_inner/mysql: 3131.729 µs
1/1 join_filter/mysql: 1776.958 µs
1/1 point_get/mongo: 483.727 µs
1/1 filter_eq/mongo: 583.740 µs
1/1 text_substr/mongo: 967.621 µs
1/1 materialize/mongo: 1508.785 µs
1/1 join_inner/mongo: 17973.334 µs
1/1 join_filter/mongo: 10445.624 µs
mssql: unavailable/failed (RuntimeError)
kusto: unavailable/failed (RuntimeError)
1/1 point_get/pandas: 6.174 µs
1/1 filter_eq/pandas: 80.176 µs
1/1 text_substr/pandas: 106.803 µs
1/1 materialize/pandas: 526.822 µs
1/1 join_inner/pandas: 1056.078 µs
1/1 join_filter/pandas: 871.729 µs
1/1 point_get/lin: 0.393 µs
1/1 filter_eq/lin: 0.956 µs
1/1 text_substr/lin: 2.878 µs
1/1 materialize/lin: 58.199 µs
1/1 join_inner/lin: 177.297 µs
1/1 join_filter/lin: 89.776 µs
1/1 point_get/sqlite: 1.308 µs
1/1 filter_eq/sqlite: 10.690 µs
1/1 text_substr/sqlite: 47.301 µs
1/1 materialize/sqlite: 236.935 µs
1/1 join_inner/sqlite: 549.435 µs
1/1 join_filter/sqlite: 287.581 µs
