Independent process 1/3
1/1 point_get/lin: 0.370 µs
1/1 filter_eq/lin: 0.960 µs
1/1 text_substr/lin: 34.229 µs
1/1 materialize/lin: 558.659 µs
1/1 join_inner/lin: 1820.938 µs
1/1 join_filter/lin: 898.375 µs
1/1 point_get/sqlite: 1.326 µs
1/1 filter_eq/sqlite: 96.780 µs
1/1 text_substr/sqlite: 446.540 µs
1/1 materialize/sqlite: 2564.771 µs
1/1 join_inner/sqlite: 6365.958 µs
1/1 join_filter/sqlite: 3278.604 µs
1/1 point_get/duckdb: 46.442 µs
1/1 filter_eq/duckdb: 249.854 µs
1/1 text_substr/duckdb: 130.537 µs
1/1 materialize/duckdb: 1779.438 µs
1/1 join_inner/duckdb: 3689.729 µs
1/1 join_filter/duckdb: 1993.636 µs
1/1 point_get/postgres: 261.900 µs
1/1 filter_eq/postgres: 547.965 µs
1/1 text_substr/postgres: 919.196 µs
1/1 materialize/postgres: 2467.208 µs
1/1 join_inner/postgres: 6090.938 µs
1/1 join_filter/postgres: 3300.458 µs
1/1 point_get/mysql: 365.359 µs
1/1 filter_eq/mysql: 785.024 µs
1/1 text_substr/mysql: 1645.195 µs
1/1 materialize/mysql: 13710.104 µs
1/1 join_inner/mysql: 29206.625 µs
1/1 join_filter/mysql: 16405.750 µs
1/1 point_get/mongo: 490.188 µs
1/1 filter_eq/mongo: 1000.734 µs
1/1 text_substr/mongo: 3932.854 µs
1/1 materialize/mongo: 7559.333 µs
1/1 join_inner/mongo: 174507.084 µs
1/1 join_filter/mongo: 304562.104 µs
mssql: unavailable/failed (RuntimeError)
kusto: unavailable/failed (RuntimeError)
1/1 point_get/pandas: 10.155 µs
1/1 filter_eq/pandas: 623.838 µs
1/1 text_substr/pandas: 1130.964 µs
1/1 materialize/pandas: 4750.855 µs
1/1 join_inner/pandas: 29519.250 µs
1/1 join_filter/pandas: 9028.396 µs
Independent process 2/3
1/1 point_get/sqlite: 5.569 µs
1/1 filter_eq/sqlite: 233.104 µs
1/1 text_substr/sqlite: 1834.892 µs
1/1 materialize/sqlite: 4777.000 µs
1/1 join_inner/sqlite: 27824.750 µs
1/1 join_filter/sqlite: 9193.751 µs
1/1 point_get/duckdb: 127.028 µs
1/1 filter_eq/duckdb: 464.409 µs
1/1 text_substr/duckdb: 275.675 µs
1/1 materialize/duckdb: 3043.771 µs
1/1 join_inner/duckdb: 13071.229 µs
1/1 join_filter/duckdb: 6086.270 µs
1/1 point_get/postgres: 583.919 µs
1/1 filter_eq/postgres: 1186.224 µs
1/1 text_substr/postgres: 1842.532 µs
1/1 materialize/postgres: 4654.562 µs
1/1 join_inner/postgres: 11482.374 µs
1/1 join_filter/postgres: 7695.500 µs
1/1 point_get/mysql: 842.422 µs
1/1 filter_eq/mysql: 1798.833 µs
1/1 text_substr/mysql: 3565.041 µs
1/1 materialize/mysql: 27455.521 µs
1/1 join_inner/mysql: 80842.438 µs
1/1 join_filter/mysql: 54206.626 µs
1/1 point_get/mongo: 3957.541 µs
1/1 filter_eq/mongo: 11081.916 µs
1/1 text_substr/mongo: 11553.604 µs
1/1 materialize/mongo: 22651.084 µs
1/1 join_inner/mongo: 332934.354 µs
1/1 join_filter/mongo: 240647.750 µs
mssql: unavailable/failed (RuntimeError)
kusto: unavailable/failed (RuntimeError)
1/1 point_get/pandas: 12.188 µs
1/1 filter_eq/pandas: 821.092 µs
1/1 text_substr/pandas: 2054.257 µs
1/1 materialize/pandas: 5220.875 µs
1/1 join_inner/pandas: 13230.251 µs
1/1 join_filter/pandas: 7841.646 µs
1/1 point_get/lin: 0.701 µs
1/1 filter_eq/lin: 1.503 µs
1/1 text_substr/lin: 53.070 µs
1/1 materialize/lin: 1630.729 µs
1/1 join_inner/lin: 6653.250 µs
1/1 join_filter/lin: 1894.031 µs
Independent process 3/3
1/1 point_get/duckdb: 130.009 µs
1/1 filter_eq/duckdb: 502.940 µs
1/1 text_substr/duckdb: 283.318 µs
1/1 materialize/duckdb: 3101.104 µs
1/1 join_inner/duckdb: 7233.105 µs
1/1 join_filter/duckdb: 3919.896 µs
1/1 point_get/postgres: 945.649 µs
1/1 filter_eq/postgres: 1468.208 µs
1/1 text_substr/postgres: 2102.041 µs
1/1 materialize/postgres: 5167.187 µs
1/1 join_inner/postgres: 12249.812 µs
1/1 join_filter/postgres: 7644.521 µs
1/1 point_get/mysql: 1207.786 µs
1/1 filter_eq/mysql: 1661.750 µs
1/1 text_substr/mysql: 2937.896 µs
1/1 materialize/mysql: 22031.604 µs
1/1 join_inner/mysql: 47338.062 µs
1/1 join_filter/mysql: 26635.438 µs
1/1 point_get/mongo: 953.879 µs
1/1 filter_eq/mongo: 1830.344 µs
1/1 text_substr/mongo: 6574.896 µs
1/1 materialize/mongo: 11795.396 µs
1/1 join_inner/mongo: 273561.230 µs
1/1 join_filter/mongo: 153498.541 µs
mssql: unavailable/failed (RuntimeError)
kusto: unavailable/failed (RuntimeError)
1/1 point_get/pandas: 14.190 µs
1/1 filter_eq/pandas: 689.196 µs
1/1 text_substr/pandas: 1550.722 µs
1/1 materialize/pandas: 5463.105 µs
1/1 join_inner/pandas: 10728.312 µs
1/1 join_filter/pandas: 7306.062 µs
1/1 point_get/lin: 0.741 µs
1/1 filter_eq/lin: 1.799 µs
1/1 text_substr/lin: 56.374 µs
1/1 materialize/lin: 1574.296 µs
1/1 join_inner/lin: 4118.646 µs
1/1 join_filter/lin: 1582.875 µs
1/1 point_get/sqlite: 2.128 µs
1/1 filter_eq/sqlite: 218.172 µs
1/1 text_substr/sqlite: 737.746 µs
1/1 materialize/sqlite: 5478.562 µs
1/1 join_inner/sqlite: 13139.104 µs
1/1 join_filter/sqlite: 6576.562 µs
