Independent process 1/3
1/1 point_get/lin: 0.243 µs
1/1 filter_eq/lin: 0.770 µs
1/1 text_substr/lin: 238.993 µs
1/1 materialize/lin: 5468.542 µs
1/1 join_inner/lin: 14411.625 µs
1/1 join_filter/lin: 7060.083 µs
1/1 point_get/sqlite: 1.026 µs
1/1 filter_eq/sqlite: 717.024 µs
1/1 text_substr/sqlite: 3564.250 µs
1/1 materialize/sqlite: 22069.709 µs
1/1 join_inner/sqlite: 53254.458 µs
1/1 join_filter/sqlite: 26310.042 µs
1/1 point_get/duckdb: 35.972 µs
1/1 filter_eq/duckdb: 450.571 µs
1/1 text_substr/duckdb: 477.338 µs
1/1 materialize/duckdb: 12186.458 µs
1/1 join_inner/duckdb: 29549.834 µs
1/1 join_filter/duckdb: 14555.958 µs
1/1 point_get/pandas: 4.501 µs
1/1 filter_eq/pandas: 2308.729 µs
1/1 text_substr/pandas: 4895.750 µs
1/1 materialize/pandas: 18140.125 µs
1/1 join_inner/pandas: 36483.833 µs
1/1 join_filter/pandas: 19290.750 µs
Independent process 2/3
1/1 point_get/sqlite: 1.036 µs
1/1 filter_eq/sqlite: 715.271 µs
1/1 text_substr/sqlite: 3524.042 µs
1/1 materialize/sqlite: 21051.000 µs
1/1 join_inner/sqlite: 52053.125 µs
1/1 join_filter/sqlite: 25969.875 µs
1/1 point_get/duckdb: 35.663 µs
1/1 filter_eq/duckdb: 451.436 µs
1/1 text_substr/duckdb: 505.653 µs
1/1 materialize/duckdb: 12496.792 µs
1/1 join_inner/duckdb: 30452.916 µs
1/1 join_filter/duckdb: 14497.625 µs
1/1 point_get/pandas: 4.497 µs
1/1 filter_eq/pandas: 2300.104 µs
1/1 text_substr/pandas: 4958.875 µs
1/1 materialize/pandas: 17623.459 µs
1/1 join_inner/pandas: 36421.541 µs
1/1 join_filter/pandas: 19789.375 µs
1/1 point_get/lin: 0.248 µs
1/1 filter_eq/lin: 0.774 µs
1/1 text_substr/lin: 244.710 µs
1/1 materialize/lin: 5802.625 µs
1/1 join_inner/lin: 14291.750 µs
1/1 join_filter/lin: 7117.292 µs
Independent process 3/3
1/1 point_get/duckdb: 34.964 µs
1/1 filter_eq/duckdb: 440.462 µs
1/1 text_substr/duckdb: 476.967 µs
1/1 materialize/duckdb: 12985.958 µs
1/1 join_inner/duckdb: 29528.583 µs
1/1 join_filter/duckdb: 14924.625 µs
1/1 point_get/pandas: 4.519 µs
1/1 filter_eq/pandas: 2278.146 µs
1/1 text_substr/pandas: 5213.041 µs
1/1 materialize/pandas: 18358.125 µs
1/1 join_inner/pandas: 53917.833 µs
1/1 join_filter/pandas: 19410.834 µs
1/1 point_get/lin: 0.246 µs
1/1 filter_eq/lin: 0.779 µs
1/1 text_substr/lin: 232.300 µs
1/1 materialize/lin: 5787.125 µs
1/1 join_inner/lin: 14059.625 µs
1/1 join_filter/lin: 7463.458 µs
1/1 point_get/sqlite: 1.026 µs
1/1 filter_eq/sqlite: 709.521 µs
1/1 text_substr/sqlite: 3483.167 µs
1/1 materialize/sqlite: 21854.958 µs
1/1 join_inner/sqlite: 71023.250 µs
1/1 join_filter/sqlite: 26642.708 µs
