   Compiling hashbrown v0.17.1
   Compiling arrow-array v58.4.0
   Compiling lin v0.4.0 (/Users/themoretheless/Documents/Sources/lin)
warning: constant `BACKUP_MAGIC` is never used
  --> src/persist.rs:43:11
   |
43 | pub const BACKUP_MAGIC: [u8; 4] = *b"LIN\x04";
   |           ^^^^^^^^^^^^
   |
   = note: `#[warn(dead_code)]` (part of `#[warn(unused)]`) on by default

   Compiling arrow-select v58.4.0
   Compiling arrow-arith v58.4.0
   Compiling arrow-row v58.4.0
   Compiling arrow-ord v58.4.0
   Compiling arrow-string v58.4.0
   Compiling arrow-cast v58.4.0
   Compiling arrow v58.4.0
   Compiling duckdb v1.10505.0
warning: `lin` (lib) generated 1 warning
    Finished `bench` profile [optimized] target(s) in 41.36s
warning: the following packages contain code that will be rejected by a future version of Rust: proc-macro-error2 v2.0.1
note: to see what the problems were, use the option `--future-incompat-report`, or run `cargo report future-incompatibilities --id 1`
  Executable benches/compare.rs (target/release/build/lin/86335d58fe7dc7b5/out/compare-86335d58fe7dc7b5)
