skip postgres: no reachable server
  tried: postgresql://lin:lin@127.0.0.1:55432/lin (error connecting to server); postgresql://postgres@127.0.0.1:5432/postgres (error connecting to server)
  set LIN_BENCH_PG_URL or:
  docker compose -f docker-compose.bench.yml up -d postgres
  # brew postgresql@17 via Sources/ppduster macos-stack-postgres; start service for :5432
skip mysql: no reachable server
  tried: mysql://lin:lin@127.0.0.1:53306/lin (DriverError { Could not connect to address `127.0.0.1:53306': Connection refused (os error 61) }); mysql://dbill:dbill@127.0.0.1:33306/dbill_smoke (DriverError { Could not connect to address `127.0.0.1:33306': Connection refused (os error 61) })
  set LIN_BENCH_MYSQL_URL or:
  docker compose -f docker-compose.bench.yml up -d mysql
  # or sibling dbill: docker compose -f ../dbill/docker-compose.yml up -d mysql
lin compare: N=10000 warm reads (fixture), bulk insert (schema outside timing)
engines: Lin | SQLite(rusqlite bundled) | DuckDB(bundled) | HashMap(point get only) | Postgres(skipped) | MySQL(skipped)
airbug dash: http://127.0.0.1:8790/
Lin reads: prepare once / run many; filters use count (fair vs SQL COUNT(*));
substring: Lin `title ~ "wal" | count` vs SQL LIKE '%wal%' COUNT(*);
materialize: Lin `wing==rag | {id,title} | take all` vs SQL SELECT id,title;
join: 10000 orders ⋈ 1000 users (Lin run_batch SoA / cursor vs SQL INNER JOIN);
append_log: Lin `append facts` vs SQL INSERT INTO logs (append-only shape)
airbug dash: http://127.0.0.1:8790/#/bench
bench: compare/update_1row_1k/lin — validating and calibrating
bench: compare/update_1row_1k/lin — measuring 16 samples
bench: compare/update_1row_1k/sqlite — validating and calibrating
bench: compare/update_1row_1k/sqlite — measuring 16 samples
bench: compare/delete_1row_1k/lin — validating and calibrating
bench: compare/delete_1row_1k/lin — measuring 16 samples
bench: compare/delete_1row_1k/sqlite — validating and calibrating
bench: compare/delete_1row_1k/sqlite — measuring 16 samples
bench: compare/update_1row_10k/lin — validating and calibrating
bench: compare/update_1row_10k/lin — measuring 16 samples
bench: compare/update_1row_10k/sqlite — validating and calibrating
bench: compare/update_1row_10k/sqlite — measuring 16 samples
bench: compare/delete_1row_10k/lin — validating and calibrating
bench: compare/delete_1row_10k/lin — measuring 16 samples
bench: compare/delete_1row_10k/sqlite — validating and calibrating
bench: compare/delete_1row_10k/sqlite — measuring 16 samples
bench: compare/update_1row_100k/lin — validating and calibrating
bench: compare/update_1row_100k/lin — measuring 16 samples
bench: compare/update_1row_100k/sqlite — validating and calibrating
bench: compare/update_1row_100k/sqlite — measuring 16 samples
bench: compare/delete_1row_100k/lin — validating and calibrating
bench: compare/delete_1row_100k/lin — measuring 16 samples
bench: compare/delete_1row_100k/sqlite — validating and calibrating
bench: compare/delete_1row_100k/sqlite — measuring 16 samples
# bench 1790852923440858000-61066

Status: Complete

| Case | Metric | Median | Unit | Scope / statistic | Observations | Processes |
|---|---|---:|---|---|---:|---:|
| compare/update_1row_1k/lin [candidate] | wall | 4041.0000 | ns | current thread wall clock; scheduler included / batch_total | 16 | 1 |
| compare/update_1row_1k/sqlite [candidate] | wall | 4000.0000 | ns | current thread wall clock; scheduler included / batch_total | 16 | 1 |
| compare/delete_1row_1k/lin [candidate] | wall | 6833.5000 | ns | current thread wall clock; scheduler included / batch_total | 16 | 1 |
| compare/delete_1row_1k/sqlite [candidate] | wall | 3166.5000 | ns | current thread wall clock; scheduler included / batch_total | 16 | 1 |
| compare/update_1row_10k/lin [candidate] | wall | 8583.0000 | ns | current thread wall clock; scheduler included / batch_total | 16 | 1 |
| compare/update_1row_10k/sqlite [candidate] | wall | 11771.0000 | ns | current thread wall clock; scheduler included / batch_total | 16 | 1 |
| compare/delete_1row_10k/lin [candidate] | wall | 15062.5000 | ns | current thread wall clock; scheduler included / batch_total | 16 | 1 |
| compare/delete_1row_10k/sqlite [candidate] | wall | 11687.5000 | ns | current thread wall clock; scheduler included / batch_total | 16 | 1 |
| compare/update_1row_100k/lin [candidate] | wall | 12666.5000 | ns | current thread wall clock; scheduler included / batch_total | 16 | 1 |
| compare/update_1row_100k/sqlite [candidate] | wall | 17083.5000 | ns | current thread wall clock; scheduler included / batch_total | 16 | 1 |
| compare/delete_1row_100k/lin [candidate] | wall | 27291.5000 | ns | current thread wall clock; scheduler included / batch_total | 16 | 1 |
| compare/delete_1row_100k/sqlite [candidate] | wall | 19041.0000 | ns | current thread wall clock; scheduler included / batch_total | 16 | 1 |

# Useful work throughput

| Case | Median batch throughput | Unit |
|---|---:|---|
| compare/update_1row_1k/lin [candidate] | 247700.5105 | stmts/s |
| compare/update_1row_1k/sqlite [candidate] | 250027.5655 | stmts/s |
| compare/delete_1row_1k/lin [candidate] | 146343.2916 | stmts/s |
| compare/delete_1row_1k/sqlite [candidate] | 316295.0537 | stmts/s |
| compare/update_1row_10k/lin [candidate] | 116512.1689 | stmts/s |
| compare/update_1row_10k/sqlite [candidate] | 84986.7152 | stmts/s |
| compare/delete_1row_10k/lin [candidate] | 66418.6303 | stmts/s |
| compare/delete_1row_10k/sqlite [candidate] | 85561.7606 | stmts/s |
| compare/update_1row_100k/lin [candidate] | 78962.0510 | stmts/s |
| compare/update_1row_100k/sqlite [candidate] | 58539.1735 | stmts/s |
| compare/delete_1row_100k/lin [candidate] | 36765.2160 | stmts/s |
| compare/delete_1row_100k/sqlite [candidate] | 52518.2501 | stmts/s |

Derived from positive wall batches and declared units per operation; zero/unavailable durations omitted.

Medians above summarize observations, not pooled operation-latency percentiles. Comparisons aggregate within each process first.

- Raw batches are not independent process replications. Batch averages are not individual-operation latency. CPU frequency and background load are uncontrolled.

- compare/update_1row_1k/lin: some samples below half the requested duration; iteration cap or workload drift may limit precision

- compare/update_1row_1k/sqlite: some samples below half the requested duration; iteration cap or workload drift may limit precision

- compare/delete_1row_1k/lin: some samples below half the requested duration; iteration cap or workload drift may limit precision

- compare/delete_1row_1k/sqlite: some samples below half the requested duration; iteration cap or workload drift may limit precision

- compare/update_1row_10k/lin: some samples below half the requested duration; iteration cap or workload drift may limit precision

- compare/update_1row_10k/sqlite: some samples below half the requested duration; iteration cap or workload drift may limit precision

- compare/delete_1row_10k/lin: some samples below half the requested duration; iteration cap or workload drift may limit precision

- compare/delete_1row_10k/sqlite: some samples below half the requested duration; iteration cap or workload drift may limit precision

- compare/update_1row_100k/lin: some samples below half the requested duration; iteration cap or workload drift may limit precision

- compare/update_1row_100k/sqlite: some samples below half the requested duration; iteration cap or workload drift may limit precision

- compare/delete_1row_100k/lin: some samples below half the requested duration; iteration cap or workload drift may limit precision

- compare/delete_1row_100k/sqlite: some samples below half the requested duration; iteration cap or workload drift may limit precision

