skip postgres: no reachable server
  tried: postgresql://lin:lin@127.0.0.1:55432/lin (error connecting to server); postgresql://postgres@127.0.0.1:5432/postgres (error connecting to server)
  set LIN_BENCH_PG_URL or:
  docker compose -f docker-compose.bench.yml up -d postgres
  # brew postgresql@17 via Sources/ppduster macos-stack-postgres; start service for :5432
skip mysql: LIN_BENCH_SKIP_MYSQL is set
lin compare: N=10000 warm reads (fixture), bulk insert (schema outside timing)
engines: Lin | SQLite(rusqlite bundled) | DuckDB(bundled) | HashMap(point get only) | Postgres(skipped) | MySQL(skipped)
airbug dash: http://127.0.0.1:8790/
Lin reads: prepare once / run many; filters use count (fair vs SQL COUNT(*));
substring: Lin `title ~ "wal" | count` vs SQL LIKE '%wal%' COUNT(*);
materialize: Lin `wing==rag | {id,title} | take all` vs SQL SELECT id,title;
join: 10000 orders ⋈ 1000 users (Lin run_batch SoA / cursor vs SQL INNER JOIN);
append_log: Lin `append facts` vs SQL INSERT INTO logs (append-only shape)
airbug dash: http://127.0.0.1:8790/#/bench
bench: compare/delete_1row_1k/lin — validating and calibrating
bench: compare/delete_1row_1k/lin — measuring 24 samples
bench: compare/delete_1row_10k/lin — validating and calibrating
bench: compare/delete_1row_10k/lin — measuring 24 samples
# bench 1790975884225781000-98505

Status: Complete

| Case | Metric | Median | Unit | Scope / statistic | Observations | Processes |
|---|---|---:|---|---|---:|---:|
| compare/delete_1row_1k/lin [candidate] | wall | 7563.0000 | ns | current thread wall clock; scheduler included / batch_total | 24 | 1 |
| compare/delete_1row_10k/lin [candidate] | wall | 14041.5000 | ns | current thread wall clock; scheduler included / batch_total | 24 | 1 |

# Useful work throughput

| Case | Median batch throughput | Unit |
|---|---:|---|
| compare/delete_1row_1k/lin [candidate] | 132223.6824 | stmts/s |
| compare/delete_1row_10k/lin [candidate] | 71227.4775 | stmts/s |

Derived from positive wall batches and declared units per operation; zero/unavailable durations omitted.

Medians above summarize observations, not pooled operation-latency percentiles. Comparisons aggregate within each process first.

- Raw batches are not independent process replications. Batch averages are not individual-operation latency. CPU frequency and background load are uncontrolled.

- compare/delete_1row_1k/lin: some samples below half the requested duration; iteration cap or workload drift may limit precision

- compare/delete_1row_10k/lin: some samples below half the requested duration; iteration cap or workload drift may limit precision
