Independent process 1/3
1/1 point_get/lin: 0.245 µs
1/1 filter_eq/lin: 0.676 µs
1/1 text_substr/lin: 1.877 µs
1/1 materialize/lin: 42.726 µs
1/1 join_inner/lin: 137.190 µs
1/1 join_filter/lin: 65.744 µs
1/1 point_get/sqlite: 0.961 µs
1/1 filter_eq/sqlite: 7.822 µs
1/1 text_substr/sqlite: 32.344 µs
1/1 materialize/sqlite: 174.202 µs
1/1 join_inner/sqlite: 401.406 µs
1/1 join_filter/sqlite: 208.673 µs
1/1 point_get/duckdb: 39.056 µs
1/1 filter_eq/duckdb: 142.833 µs
1/1 text_substr/duckdb: 63.543 µs
1/1 materialize/duckdb: 295.641 µs
1/1 join_inner/duckdb: 365.998 µs
1/1 join_filter/duckdb: 250.982 µs
1/1 point_get/postgres: 299.033 µs
1/1 filter_eq/postgres: 329.354 µs
1/1 text_substr/postgres: 353.203 µs
1/1 materialize/postgres: 431.826 µs
1/1 join_inner/postgres: 697.316 µs
1/1 join_filter/postgres: 499.690 µs
1/1 point_get/mysql: 366.127 µs
1/1 filter_eq/mysql: 389.894 µs
1/1 text_substr/mysql: 447.485 µs
1/1 materialize/mysql: 1330.993 µs
1/1 join_inner/mysql: 2377.323 µs
1/1 join_filter/mysql: 1446.854 µs
1/1 point_get/mongo: 468.719 µs
1/1 filter_eq/mongo: 540.387 µs
1/1 text_substr/mongo: 797.733 µs
1/1 materialize/mongo: 1396.722 µs
1/1 join_inner/mongo: 12858.375 µs
1/1 join_filter/mongo: 8120.167 µs
mssql: unavailable/failed (RuntimeError)
kusto: unavailable/failed (RuntimeError)
1/1 point_get/pandas: 4.557 µs
1/1 filter_eq/pandas: 64.659 µs
1/1 text_substr/pandas: 84.515 µs
1/1 materialize/pandas: 374.163 µs
1/1 join_inner/pandas: 720.476 µs
1/1 join_filter/pandas: 628.917 µs
Independent process 2/3
1/1 point_get/sqlite: 0.958 µs
1/1 filter_eq/sqlite: 7.711 µs
1/1 text_substr/sqlite: 33.536 µs
1/1 materialize/sqlite: 172.344 µs
1/1 join_inner/sqlite: 392.904 µs
1/1 join_filter/sqlite: 203.528 µs
1/1 point_get/duckdb: 41.518 µs
1/1 filter_eq/duckdb: 142.929 µs
1/1 text_substr/duckdb: 65.580 µs
1/1 materialize/duckdb: 294.201 µs
1/1 join_inner/duckdb: 363.107 µs
1/1 join_filter/duckdb: 263.043 µs
1/1 point_get/postgres: 307.967 µs
1/1 filter_eq/postgres: 348.540 µs
1/1 text_substr/postgres: 358.109 µs
1/1 materialize/postgres: 445.845 µs
1/1 join_inner/postgres: 680.757 µs
1/1 join_filter/postgres: 541.031 µs
1/1 point_get/mysql: 375.802 µs
1/1 filter_eq/mysql: 387.069 µs
1/1 text_substr/mysql: 434.568 µs
1/1 materialize/mysql: 1347.805 µs
1/1 join_inner/mysql: 2382.167 µs
1/1 join_filter/mysql: 1368.854 µs
1/1 point_get/mongo: 472.338 µs
1/1 filter_eq/mongo: 563.859 µs
1/1 text_substr/mongo: 836.090 µs
1/1 materialize/mongo: 1332.924 µs
1/1 join_inner/mongo: 13618.541 µs
1/1 join_filter/mongo: 8346.229 µs
mssql: unavailable/failed (RuntimeError)
kusto: unavailable/failed (RuntimeError)
1/1 point_get/pandas: 4.546 µs
1/1 filter_eq/pandas: 59.399 µs
1/1 text_substr/pandas: 78.651 µs
1/1 materialize/pandas: 385.125 µs
1/1 join_inner/pandas: 751.458 µs
1/1 join_filter/pandas: 667.827 µs
1/1 point_get/lin: 0.254 µs
1/1 filter_eq/lin: 0.702 µs
1/1 text_substr/lin: 2.021 µs
1/1 materialize/lin: 41.892 µs
1/1 join_inner/lin: 133.974 µs
1/1 join_filter/lin: 67.496 µs
Independent process 3/3
1/1 point_get/duckdb: 40.026 µs
1/1 filter_eq/duckdb: 138.738 µs
1/1 text_substr/duckdb: 64.037 µs
1/1 materialize/duckdb: 297.844 µs
1/1 join_inner/duckdb: 364.548 µs
1/1 join_filter/duckdb: 252.616 µs
1/1 point_get/postgres: 312.443 µs
1/1 filter_eq/postgres: 332.556 µs
1/1 text_substr/postgres: 357.811 µs
1/1 materialize/postgres: 442.286 µs
1/1 join_inner/postgres: 695.211 µs
1/1 join_filter/postgres: 516.356 µs
1/1 point_get/mysql: 352.933 µs
1/1 filter_eq/mysql: 365.732 µs
1/1 text_substr/mysql: 458.155 µs
1/1 materialize/mysql: 1393.569 µs
1/1 join_inner/mysql: 2586.490 µs
1/1 join_filter/mysql: 1552.917 µs
1/1 point_get/mongo: 478.748 µs
1/1 filter_eq/mongo: 616.321 µs
1/1 text_substr/mongo: 836.562 µs
1/1 materialize/mongo: 1475.396 µs
1/1 join_inner/mongo: 13833.563 µs
1/1 join_filter/mongo: 8679.625 µs
mssql: unavailable/failed (RuntimeError)
kusto: unavailable/failed (RuntimeError)
1/1 point_get/pandas: 4.829 µs
1/1 filter_eq/pandas: 58.545 µs
1/1 text_substr/pandas: 78.030 µs
1/1 materialize/pandas: 397.769 µs
1/1 join_inner/pandas: 758.201 µs
1/1 join_filter/pandas: 673.295 µs
1/1 point_get/lin: 0.251 µs
1/1 filter_eq/lin: 0.694 µs
1/1 text_substr/lin: 1.863 µs
1/1 materialize/lin: 41.319 µs
1/1 join_inner/lin: 137.990 µs
1/1 join_filter/lin: 68.858 µs
1/1 point_get/sqlite: 0.938 µs
1/1 filter_eq/sqlite: 7.663 µs
1/1 text_substr/sqlite: 33.005 µs
1/1 materialize/sqlite: 174.858 µs
1/1 join_inner/sqlite: 413.634 µs
1/1 join_filter/sqlite: 209.153 µs
