Independent process 1/3
1/1 point_get/lin: 0.241 µs
1/1 filter_eq/lin: 0.683 µs
1/1 text_substr/lin: 17.382 µs
1/1 materialize/lin: 421.597 µs
1/1 join_inner/lin: 1350.562 µs
1/1 join_filter/lin: 663.809 µs
1/1 point_get/sqlite: 0.992 µs
1/1 filter_eq/sqlite: 69.269 µs
1/1 text_substr/sqlite: 334.554 µs
1/1 materialize/sqlite: 1946.333 µs
1/1 join_inner/sqlite: 4597.520 µs
1/1 join_filter/sqlite: 2344.354 µs
1/1 point_get/duckdb: 39.668 µs
1/1 filter_eq/duckdb: 192.169 µs
1/1 text_substr/duckdb: 104.490 µs
1/1 materialize/duckdb: 1266.812 µs
1/1 join_inner/duckdb: 2725.084 µs
1/1 join_filter/duckdb: 1482.681 µs
1/1 point_get/postgres: 271.038 µs
1/1 filter_eq/postgres: 495.923 µs
1/1 text_substr/postgres: 789.260 µs
1/1 materialize/postgres: 1694.677 µs
1/1 join_inner/postgres: 3834.291 µs
1/1 join_filter/postgres: 2201.198 µs
1/1 point_get/mysql: 346.728 µs
1/1 filter_eq/mysql: 681.857 µs
1/1 text_substr/mysql: 1266.174 µs
1/1 materialize/mysql: 10057.834 µs
1/1 join_inner/mysql: 21546.938 µs
1/1 join_filter/mysql: 11498.834 µs
1/1 point_get/mongo: 517.305 µs
1/1 filter_eq/mongo: 932.552 µs
1/1 text_substr/mongo: 3056.229 µs
1/1 materialize/mongo: 5859.083 µs
1/1 join_inner/mongo: 120274.895 µs
1/1 join_filter/mongo: 61307.959 µs
mssql: unavailable/failed (RuntimeError)
kusto: unavailable/failed (RuntimeError)
1/1 point_get/pandas: 4.673 µs
1/1 filter_eq/pandas: 275.618 µs
1/1 text_substr/pandas: 506.891 µs
1/1 materialize/pandas: 1888.542 µs
1/1 join_inner/pandas: 4075.229 µs
1/1 join_filter/pandas: 2332.010 µs
Independent process 2/3
1/1 point_get/sqlite: 0.955 µs
1/1 filter_eq/sqlite: 69.685 µs
1/1 text_substr/sqlite: 341.787 µs
1/1 materialize/sqlite: 1908.386 µs
1/1 join_inner/sqlite: 4556.480 µs
1/1 join_filter/sqlite: 2327.042 µs
1/1 point_get/duckdb: 39.972 µs
1/1 filter_eq/duckdb: 181.979 µs
1/1 text_substr/duckdb: 95.287 µs
1/1 materialize/duckdb: 1243.055 µs
1/1 join_inner/duckdb: 2594.396 µs
1/1 join_filter/duckdb: 1401.764 µs
1/1 point_get/postgres: 265.194 µs
1/1 filter_eq/postgres: 492.956 µs
1/1 text_substr/postgres: 765.830 µs
1/1 materialize/postgres: 1620.195 µs
1/1 join_inner/postgres: 3947.146 µs
1/1 join_filter/postgres: 2270.271 µs
1/1 point_get/mysql: 309.344 µs
1/1 filter_eq/mysql: 655.090 µs
1/1 text_substr/mysql: 1275.174 µs
1/1 materialize/mysql: 10036.646 µs
1/1 join_inner/mysql: 21539.188 µs
1/1 join_filter/mysql: 11149.229 µs
1/1 point_get/mongo: 482.825 µs
1/1 filter_eq/mongo: 810.750 µs
1/1 text_substr/mongo: 2851.562 µs
1/1 materialize/mongo: 5355.125 µs
1/1 join_inner/mongo: 109530.625 µs
1/1 join_filter/mongo: 54645.395 µs
mssql: unavailable/failed (RuntimeError)
kusto: unavailable/failed (RuntimeError)
1/1 point_get/pandas: 4.569 µs
1/1 filter_eq/pandas: 255.448 µs
1/1 text_substr/pandas: 492.961 µs
1/1 materialize/pandas: 1824.614 µs
1/1 join_inner/pandas: 3976.187 µs
1/1 join_filter/pandas: 2325.938 µs
1/1 point_get/lin: 0.255 µs
1/1 filter_eq/lin: 0.787 µs
1/1 text_substr/lin: 18.815 µs
1/1 materialize/lin: 451.396 µs
1/1 join_inner/lin: 1449.528 µs
1/1 join_filter/lin: 729.389 µs
Independent process 3/3
1/1 point_get/duckdb: 41.322 µs
1/1 filter_eq/duckdb: 180.150 µs
1/1 text_substr/duckdb: 98.647 µs
1/1 materialize/duckdb: 1235.495 µs
1/1 join_inner/duckdb: 2679.604 µs
1/1 join_filter/duckdb: 1423.611 µs
1/1 point_get/postgres: 271.838 µs
1/1 filter_eq/postgres: 487.971 µs
1/1 text_substr/postgres: 778.479 µs
1/1 materialize/postgres: 1683.458 µs
1/1 join_inner/postgres: 3860.562 µs
1/1 join_filter/postgres: 2214.427 µs
1/1 point_get/mysql: 290.321 µs
1/1 filter_eq/mysql: 606.417 µs
1/1 text_substr/mysql: 1263.385 µs
1/1 materialize/mysql: 9672.250 µs
1/1 join_inner/mysql: 20731.375 µs
1/1 join_filter/mysql: 10877.062 µs
1/1 point_get/mongo: 448.197 µs
1/1 filter_eq/mongo: 806.808 µs
1/1 text_substr/mongo: 2880.521 µs
1/1 materialize/mongo: 5239.896 µs
1/1 join_inner/mongo: 113076.687 µs
1/1 join_filter/mongo: 56145.438 µs
mssql: unavailable/failed (RuntimeError)
kusto: unavailable/failed (RuntimeError)
1/1 point_get/pandas: 4.417 µs
1/1 filter_eq/pandas: 262.681 µs
1/1 text_substr/pandas: 503.404 µs
1/1 materialize/pandas: 1822.208 µs
1/1 join_inner/pandas: 3952.438 µs
1/1 join_filter/pandas: 2421.271 µs
1/1 point_get/lin: 0.247 µs
1/1 filter_eq/lin: 0.684 µs
1/1 text_substr/lin: 17.318 µs
1/1 materialize/lin: 408.611 µs
1/1 join_inner/lin: 1357.840 µs
1/1 join_filter/lin: 652.637 µs
1/1 point_get/sqlite: 0.965 µs
1/1 filter_eq/sqlite: 69.966 µs
1/1 text_substr/sqlite: 331.234 µs
1/1 materialize/sqlite: 1983.177 µs
1/1 join_inner/sqlite: 4529.249 µs
1/1 join_filter/sqlite: 2362.667 µs
