Independent process 1/3
1/1 point_get/lin: 0.244 µs
1/1 filter_eq/lin: 0.738 µs
1/1 text_substr/lin: 208.178 µs
1/1 materialize/lin: 5363.209 µs
1/1 join_inner/lin: 14019.188 µs
1/1 join_filter/lin: 7046.855 µs
1/1 point_get/sqlite: 1.013 µs
1/1 filter_eq/sqlite: 700.128 µs
1/1 text_substr/sqlite: 3327.271 µs
1/1 materialize/sqlite: 20274.854 µs
1/1 join_inner/sqlite: 51422.916 µs
1/1 join_filter/sqlite: 25415.312 µs
1/1 point_get/duckdb: 39.973 µs
1/1 filter_eq/duckdb: 438.163 µs
1/1 text_substr/duckdb: 470.685 µs
1/1 materialize/duckdb: 12346.834 µs
1/1 join_inner/duckdb: 29679.395 µs
1/1 join_filter/duckdb: 14270.688 µs
1/1 point_get/postgres: 280.072 µs
1/1 filter_eq/postgres: 2611.250 µs
1/1 text_substr/postgres: 5268.812 µs
1/1 materialize/postgres: 15143.000 µs
1/1 join_inner/postgres: 40420.854 µs
1/1 join_filter/postgres: 21915.646 µs
1/1 point_get/mysql: 349.969 µs
1/1 filter_eq/mysql: 3354.959 µs
1/1 text_substr/mysql: 9586.312 µs
1/1 materialize/mysql: 87109.583 µs
1/1 join_inner/mysql: 173184.416 µs
1/1 join_filter/mysql: 93154.583 µs
1/1 point_get/mongo: 432.362 µs
1/1 filter_eq/mongo: 3913.541 µs
1/1 text_substr/mongo: 23570.187 µs
1/1 materialize/mongo: 44764.583 µs
1/1 join_inner/mongo: 1124911.250 µs
1/1 join_filter/mongo: 561053.250 µs
mssql: unavailable/failed (RuntimeError)
kusto: unavailable/failed (RuntimeError)
1/1 point_get/pandas: 4.401 µs
1/1 filter_eq/pandas: 2329.406 µs
1/1 text_substr/pandas: 4469.500 µs
1/1 materialize/pandas: 17064.625 µs
1/1 join_inner/pandas: 36313.875 µs
1/1 join_filter/pandas: 18780.854 µs
Independent process 2/3
1/1 point_get/sqlite: 0.982 µs
1/1 filter_eq/sqlite: 705.976 µs
1/1 text_substr/sqlite: 3364.834 µs
1/1 materialize/sqlite: 20899.688 µs
1/1 join_inner/sqlite: 52371.542 µs
1/1 join_filter/sqlite: 26031.896 µs
1/1 point_get/duckdb: 40.013 µs
1/1 filter_eq/duckdb: 416.713 µs
1/1 text_substr/duckdb: 465.071 µs
1/1 materialize/duckdb: 12406.896 µs
1/1 join_inner/duckdb: 28781.354 µs
1/1 join_filter/duckdb: 14055.542 µs
1/1 point_get/postgres: 271.647 µs
1/1 filter_eq/postgres: 2329.958 µs
1/1 text_substr/postgres: 5248.146 µs
1/1 materialize/postgres: 14948.791 µs
1/1 join_inner/postgres: 39920.084 µs
1/1 join_filter/postgres: 21602.105 µs
1/1 point_get/mysql: 366.962 µs
1/1 filter_eq/mysql: 3440.646 µs
1/1 text_substr/mysql: 9826.750 µs
1/1 materialize/mysql: 85180.730 µs
1/1 join_inner/mysql: 174297.729 µs
1/1 join_filter/mysql: 94459.042 µs
1/1 point_get/mongo: 444.757 µs
1/1 filter_eq/mongo: 3792.521 µs
1/1 text_substr/mongo: 24165.209 µs
1/1 materialize/mongo: 45214.854 µs
1/1 join_inner/mongo: 1113695.729 µs
1/1 join_filter/mongo: 571808.812 µs
mssql: unavailable/failed (RuntimeError)
kusto: unavailable/failed (RuntimeError)
1/1 point_get/pandas: 4.710 µs
1/1 filter_eq/pandas: 2318.792 µs
1/1 text_substr/pandas: 5165.104 µs
1/1 materialize/pandas: 17799.480 µs
1/1 join_inner/pandas: 38287.854 µs
1/1 join_filter/pandas: 19478.375 µs
1/1 point_get/lin: 0.444 µs
1/1 filter_eq/lin: 0.853 µs
1/1 text_substr/lin: 223.264 µs
1/1 materialize/lin: 5556.021 µs
1/1 join_inner/lin: 27143.729 µs
1/1 join_filter/lin: 7587.500 µs
Independent process 3/3
1/1 point_get/duckdb: 42.616 µs
1/1 filter_eq/duckdb: 442.046 µs
1/1 text_substr/duckdb: 491.975 µs
1/1 materialize/duckdb: 13296.750 µs
1/1 join_inner/duckdb: 30561.500 µs
1/1 join_filter/duckdb: 14593.312 µs
1/1 point_get/postgres: 290.336 µs
1/1 filter_eq/postgres: 2466.083 µs
1/1 text_substr/postgres: 5511.667 µs
1/1 materialize/postgres: 18320.354 µs
1/1 join_inner/postgres: 39464.917 µs
1/1 join_filter/postgres: 21661.791 µs
1/1 point_get/mysql: 352.598 µs
1/1 filter_eq/mysql: 3368.625 µs
1/1 text_substr/mysql: 9528.646 µs
1/1 materialize/mysql: 93094.854 µs
1/1 join_inner/mysql: 174468.229 µs
1/1 join_filter/mysql: 93329.833 µs
1/1 point_get/mongo: 474.523 µs
1/1 filter_eq/mongo: 3901.834 µs
1/1 text_substr/mongo: 23740.541 µs
1/1 materialize/mongo: 44930.854 µs
1/1 join_inner/mongo: 1132299.479 µs
1/1 join_filter/mongo: 588559.688 µs
mssql: unavailable/failed (RuntimeError)
kusto: unavailable/failed (RuntimeError)
1/1 point_get/pandas: 4.669 µs
1/1 filter_eq/pandas: 2285.208 µs
1/1 text_substr/pandas: 4845.458 µs
1/1 materialize/pandas: 18209.896 µs
1/1 join_inner/pandas: 38015.438 µs
1/1 join_filter/pandas: 19719.062 µs
1/1 point_get/lin: 0.246 µs
1/1 filter_eq/lin: 0.680 µs
1/1 text_substr/lin: 205.496 µs
1/1 materialize/lin: 5586.020 µs
1/1 join_inner/lin: 14159.959 µs
1/1 join_filter/lin: 7077.958 µs
1/1 point_get/sqlite: 1.036 µs
1/1 filter_eq/sqlite: 701.903 µs
1/1 text_substr/sqlite: 3477.812 µs
1/1 materialize/sqlite: 21216.666 µs
1/1 join_inner/sqlite: 51937.834 µs
1/1 join_filter/sqlite: 26600.229 µs
